<?xml version="1.0" encoding="UTF-8"?>
<testsuites name="Mocha Tests" time="2.4850" tests="2028" failures="7" skipped="1">
  <testsuite name="Root Suite" timestamp="2025-01-23T17:41:24" tests="0" time="0.0000" failures="0">
  </testsuite>
  <testsuite name="Presence of examples" timestamp="2025-01-23T17:41:24" tests="428" file="/Users/anwankhe/Desktop/xdm/xdm/test/example-presence.js" time="0.0230" failures="7">
    <testcase name="Presence of examples schemas/computed-attributes/profile-computed-attributes.schema.json has at least one example" time="0.0010" classname="schemas/computed-attributes/profile-computed-attributes.schema.json has at least one example">
    </testcase>
    <testcase name="Presence of examples schemas/descriptors/display/alternateDisplayInfo.schema.json has at least one example" time="0.0020" classname="schemas/descriptors/display/alternateDisplayInfo.schema.json has at least one example">
    </testcase>
    <testcase name="Presence of examples schemas/descriptors/display/descriptorMetaEnumRemove.schema.json has at least one example" time="0.0000" classname="schemas/descriptors/display/descriptorMetaEnumRemove.schema.json has at least one example">
    </testcase>
    <testcase name="Presence of examples schemas/descriptors/identity/descriptorIdentity.schema.json has at least one example" time="0.0000" classname="schemas/descriptors/identity/descriptorIdentity.schema.json has at least one example">
    </testcase>
    <testcase name="Presence of examples schemas/descriptors/identity/descriptorReferenceIdentity.schema.json has at least one example" time="0.0000" classname="schemas/descriptors/identity/descriptorReferenceIdentity.schema.json has at least one example">
    </testcase>
    <testcase name="Presence of examples schemas/descriptors/itemselector.schema.json has at least one example" time="0.0000" classname="schemas/descriptors/itemselector.schema.json has at least one example">
    </testcase>
    <testcase name="Presence of examples schemas/descriptors/label/descriptorLabel.schema.json has at least one example" time="0.0000" classname="schemas/descriptors/label/descriptorLabel.schema.json has at least one example">
    </testcase>
    <testcase name="Presence of examples schemas/descriptors/primarykey/descriptorPrimaryKey.schema.json has at least one example" time="0.0000" classname="schemas/descriptors/primarykey/descriptorPrimaryKey.schema.json has at least one example">
    </testcase>
    <testcase name="Presence of examples schemas/descriptors/relationship/descriptorManyToMany.schema.json has at least one example" time="0.0000" classname="schemas/descriptors/relationship/descriptorManyToMany.schema.json has at least one example">
    </testcase>
    <testcase name="Presence of examples schemas/descriptors/relationship/descriptorManyToOne.schema.json has at least one example" time="0.0000" classname="schemas/descriptors/relationship/descriptorManyToOne.schema.json has at least one example">
    </testcase>
    <testcase name="Presence of examples schemas/descriptors/relationship/descriptorOneToMany.schema.json has at least one example" time="0.0000" classname="schemas/descriptors/relationship/descriptorOneToMany.schema.json has at least one example">
    </testcase>
    <testcase name="Presence of examples schemas/descriptors/relationship/descriptorOneToOne.schema.json has at least one example" time="0.0010" classname="schemas/descriptors/relationship/descriptorOneToOne.schema.json has at least one example">
    </testcase>
    <testcase name="Presence of examples schemas/descriptors/relationship/descriptorRelationship.schema.json has at least one example" time="0.0000" classname="schemas/descriptors/relationship/descriptorRelationship.schema.json has at least one example">
    </testcase>
    <testcase name="Presence of examples schemas/descriptors/relationship/eventRelationship.schema.json has at least one example" time="0.0000" classname="schemas/descriptors/relationship/eventRelationship.schema.json has at least one example">
    </testcase>
    <testcase name="Presence of examples schemas/descriptors/relationshipdescriptor.schema.json has at least one example" time="0.0000" classname="schemas/descriptors/relationshipdescriptor.schema.json has at least one example">
    </testcase>
    <testcase name="Presence of examples schemas/descriptors/schemadescriptor.schema.json has at least one example" time="0.0000" classname="schemas/descriptors/schemadescriptor.schema.json has at least one example">
    </testcase>
    <testcase name="Presence of examples schemas/descriptors/search/searchdescriptor.schema.json has at least one example" time="0.0000" classname="schemas/descriptors/search/searchdescriptor.schema.json has at least one example">
    </testcase>
    <testcase name="Presence of examples schemas/descriptors/status/descriptorDeprecated.schema.json has at least one example" time="0.0000" classname="schemas/descriptors/status/descriptorDeprecated.schema.json has at least one example">
    </testcase>
    <testcase name="Presence of examples schemas/descriptors/time-series/descriptorTimeSeriesGranularity.schema.json has at least one example" time="0.0000" classname="schemas/descriptors/time-series/descriptorTimeSeriesGranularity.schema.json has at least one example">
    </testcase>
    <testcase name="Presence of examples schemas/descriptors/version/descriptorVersion.schema.json has at least one example" time="0.0000" classname="schemas/descriptors/version/descriptorVersion.schema.json has at least one example">
    </testcase>
    <testcase name="Presence of examples schemas/destinations/destination-namespace.schema.json has at least one example" time="0.0000" classname="schemas/destinations/destination-namespace.schema.json has at least one example">
    </testcase>
    <testcase name="Presence of examples schemas/destinations/destination-segment.schema.json has at least one example" time="0.0000" classname="schemas/destinations/destination-segment.schema.json has at least one example">
    </testcase>
    <testcase name="Presence of examples schemas/destinations/destination.schema.json has at least one example" time="0.0010" classname="schemas/destinations/destination.schema.json has at least one example">
    </testcase>
    <testcase name="Presence of examples schemas/destinations/solutions/analytics-experienceevent.schema.json has at least one example" time="0.0000" classname="schemas/destinations/solutions/analytics-experienceevent.schema.json has at least one example">
    </testcase>
    <testcase name="Presence of examples schemas/hygiene/aep-hygiene-ops-record.schema.json has at least one example" time="0.0010" classname="schemas/hygiene/aep-hygiene-ops-record.schema.json has at least one example">
    </testcase>
    <testcase name="Presence of examples schemas/hygiene/aep-hygiene.schema.json has at least one example" time="0.0000" classname="schemas/hygiene/aep-hygiene.schema.json has at least one example">
    </testcase>
    <testcase name="Presence of examples schemas/identity/identity-graph-flattened-export.schema.json has at least one example" time="0.0000" classname="schemas/identity/identity-graph-flattened-export.schema.json has at least one example">
    </testcase>
    <testcase name="Presence of examples schemas/identity/identity-namespace.schema.json has at least one example" time="0.0000" classname="schemas/identity/identity-namespace.schema.json has at least one example">
    </testcase>
    <testcase name="Presence of examples schemas/insights-metrics/aep-insight-metrics.schema.json has at least one example" time="0.0000" classname="schemas/insights-metrics/aep-insight-metrics.schema.json has at least one example">
    </testcase>
    <testcase name="Presence of examples schemas/insights-metrics/dim-segment.schema.json has at least one example" time="0.0000" classname="schemas/insights-metrics/dim-segment.schema.json has at least one example">
    </testcase>
    <testcase name="Presence of examples schemas/lakehouse/aep-lakehouse-batch-errors.schema.json has at least one example" time="0.0000" classname="schemas/lakehouse/aep-lakehouse-batch-errors.schema.json has at least one example">
    </testcase>
    <testcase name="Presence of examples schemas/lakehouse/aep-lakehouse-batch-input-files.schema.json has at least one example" time="0.0000" classname="schemas/lakehouse/aep-lakehouse-batch-input-files.schema.json has at least one example">
    </testcase>
    <testcase name="Presence of examples schemas/lakehouse/aep-lakehouse-timeseries.schema.json has at least one example" time="0.0000" classname="schemas/lakehouse/aep-lakehouse-timeseries.schema.json has at least one example">
    </testcase>
    <testcase name="Presence of examples schemas/notifications/ingestion.schema.json has at least one example" time="0.0000" classname="schemas/notifications/ingestion.schema.json has at least one example">
    </testcase>
    <testcase name="Presence of examples schemas/privacy/consentidmap.schema.json has at least one example" time="0.0000" classname="schemas/privacy/consentidmap.schema.json has at least one example">
    </testcase>
    <testcase name="Presence of examples schemas/target/target-classification.schema.json has at least one example" time="0.0000" classname="schemas/target/target-classification.schema.json has at least one example">
    </testcase>
    <testcase name="Presence of examples components/behaviors/adhoc.schema.json has at least one example" time="0.0000" classname="components/behaviors/adhoc.schema.json has at least one example">
    </testcase>
    <testcase name="Presence of examples components/behaviors/record.schema.json has at least one example" time="0.0010" classname="components/behaviors/record.schema.json has at least one example">
    </testcase>
    <testcase name="Presence of examples components/behaviors/time-series.schema.json has at least one example" time="0.0000" classname="components/behaviors/time-series.schema.json has at least one example">
    </testcase>
    <testcase name="Presence of examples components/classes/aircraft.schema.json has at least one example" time="0.0000" classname="components/classes/aircraft.schema.json has at least one example">
    </testcase>
    <testcase name="Presence of examples components/classes/b2b/account_intent.schema.json has at least one example" time="0.0000" classname="components/classes/b2b/account_intent.schema.json has at least one example">
    </testcase>
    <testcase name="Presence of examples components/classes/b2b/account-activity.schema.json has at least one example" time="0.0000" classname="components/classes/b2b/account-activity.schema.json has at least one example">
    </testcase>
    <testcase name="Presence of examples components/classes/b2b/account-history.schema.json has at least one example" time="0.0000" classname="components/classes/b2b/account-history.schema.json has at least one example">
    </testcase>
    <testcase name="Presence of examples components/classes/b2b/account-person.schema.json has at least one example" time="0.0000" classname="components/classes/b2b/account-person.schema.json has at least one example">
    </testcase>
    <testcase name="Presence of examples components/classes/b2b/account.schema.json has at least one example" time="0.0000" classname="components/classes/b2b/account.schema.json has at least one example">
    </testcase>
    <testcase name="Presence of examples components/classes/b2b/marketing-list-member.schema.json has at least one example" time="0.0010" classname="components/classes/b2b/marketing-list-member.schema.json has at least one example">
    </testcase>
    <testcase name="Presence of examples components/classes/b2b/marketing-list.schema.json has at least one example" time="0.0000" classname="components/classes/b2b/marketing-list.schema.json has at least one example">
    </testcase>
    <testcase name="Presence of examples components/classes/b2b/opportunity-contact-role.schema.json has at least one example" time="0.0000" classname="components/classes/b2b/opportunity-contact-role.schema.json has at least one example">
    </testcase>
    <testcase name="Presence of examples components/classes/b2b/opportunity-person.schema.json has at least one example" time="0.0000" classname="components/classes/b2b/opportunity-person.schema.json has at least one example">
    </testcase>
    <testcase name="Presence of examples components/classes/b2b/opportunity.schema.json has at least one example" time="0.0000" classname="components/classes/b2b/opportunity.schema.json has at least one example">
    </testcase>
    <testcase name="Presence of examples components/classes/campaign-member.schema.json has at least one example" time="0.0000" classname="components/classes/campaign-member.schema.json has at least one example">
    </testcase>
    <testcase name="Presence of examples components/classes/campaign.schema.json has at least one example" time="0.0000" classname="components/classes/campaign.schema.json has at least one example">
    </testcase>
    <testcase name="Presence of examples components/classes/content-asset.schema.json has at least one example" time="0.0000" classname="components/classes/content-asset.schema.json has at least one example">
    </testcase>
    <testcase name="Presence of examples components/classes/content-experience.schema.json has at least one example" time="0.0010" classname="components/classes/content-experience.schema.json has at least one example">
    </testcase>
    <testcase name="Presence of examples components/classes/conversion.schema.json has at least one example" time="0.0000" classname="components/classes/conversion.schema.json has at least one example">
    </testcase>
    <testcase name="Presence of examples components/classes/experienceevent.schema.json has at least one example" time="0.0000" classname="components/classes/experienceevent.schema.json has at least one example">
    </testcase>
    <testcase name="Presence of examples components/classes/fsi/atm.schema.json has at least one example" time="0.0000" classname="components/classes/fsi/atm.schema.json has at least one example">
    </testcase>
    <testcase name="Presence of examples components/classes/fsi/branch.schema.json has at least one example" time="0.0000" classname="components/classes/fsi/branch.schema.json has at least one example">
    </testcase>
    <testcase name="Presence of examples components/classes/fsi/policy.schema.json has at least one example" time="0.0000" classname="components/classes/fsi/policy.schema.json has at least one example">
    </testcase>
    <testcase name="Presence of examples components/classes/graphs.schema.json has at least one example" time="0.0000" classname="components/classes/graphs.schema.json has at least one example">
    </testcase>
    <testcase name="Presence of examples components/classes/live-event-schedule.schema.json has at least one example" time="0.0000" classname="components/classes/live-event-schedule.schema.json has at least one example">
    </testcase>
    <testcase name="Presence of examples components/classes/loan.schema.json has at least one example" time="0.0000" classname="components/classes/loan.schema.json has at least one example">
    </testcase>
    <testcase name="Presence of examples components/classes/location.schema.json has at least one example" time="0.0000" classname="components/classes/location.schema.json has at least one example">
    </testcase>
    <testcase name="Presence of examples components/classes/lodging-product.schema.json has at least one example" time="0.0000" classname="components/classes/lodging-product.schema.json has at least one example">
    </testcase>
    <testcase name="Presence of examples components/classes/medication.schema.json has at least one example" time="0.0000" classname="components/classes/medication.schema.json has at least one example">
    </testcase>
    <testcase name="Presence of examples components/classes/payer.schema.json has at least one example" time="0.0000" classname="components/classes/payer.schema.json has at least one example">
    </testcase>
    <testcase name="Presence of examples components/classes/plan.schema.json has at least one example" time="0.0000" classname="components/classes/plan.schema.json has at least one example">
    </testcase>
    <testcase name="Presence of examples components/classes/product.schema.json has at least one example" time="0.0000" classname="components/classes/product.schema.json has at least one example">
    </testcase>
    <testcase name="Presence of examples components/classes/profile.schema.json has at least one example" time="0.0010" classname="components/classes/profile.schema.json has at least one example">
    </testcase>
    <testcase name="Presence of examples components/classes/promotion.schema.json has at least one example" time="0.0000" classname="components/classes/promotion.schema.json has at least one example">
    </testcase>
    <testcase name="Presence of examples components/classes/prospect-profile.schema.json has at least one example" time="0.0000" classname="components/classes/prospect-profile.schema.json has at least one example">
    </testcase>
    <testcase name="Presence of examples components/classes/provider.schema.json has at least one example" time="0.0000" classname="components/classes/provider.schema.json has at least one example">
    </testcase>
    <testcase name="Presence of examples components/classes/restaurant.schema.json has at least one example" time="0.0000" classname="components/classes/restaurant.schema.json has at least one example">
    </testcase>
    <testcase name="Presence of examples components/classes/segmentdefinition.schema.json has at least one example" time="0.0000" classname="components/classes/segmentdefinition.schema.json has at least one example">
    </testcase>
    <testcase name="Presence of examples components/classes/summary_metrics.schema.json has at least one example" time="0.0000" classname="components/classes/summary_metrics.schema.json has at least one example">
    </testcase>
    <testcase name="Presence of examples components/classes/vehicle-product.schema.json has at least one example" time="0.0000" classname="components/classes/vehicle-product.schema.json has at least one example">
    </testcase>
    <testcase name="Presence of examples components/classes/weather.schema.json has at least one example" time="0.0000" classname="components/classes/weather.schema.json has at least one example">
    </testcase>
    <testcase name="Presence of examples components/common/identity.schema.json has at least one example" time="0.0000" classname="components/common/identity.schema.json has at least one example">
    </testcase>
    <testcase name="Presence of examples components/datatypes/advertisingdetails.schema.json has at least one example" time="0.0000" classname="components/datatypes/advertisingdetails.schema.json has at least one example">
    </testcase>
    <testcase name="Presence of examples components/datatypes/advertisingpoddetails.schema.json has at least one example" time="0.0000" classname="components/datatypes/advertisingpoddetails.schema.json has at least one example">
    </testcase>
    <testcase name="Presence of examples components/datatypes/application.schema.json has at least one example" time="0.0000" classname="components/datatypes/application.schema.json has at least one example">
    </testcase>
    <testcase name="Presence of examples components/datatypes/auditing/auditable.schema.json has at least one example" time="0.0000" classname="components/datatypes/auditing/auditable.schema.json has at least one example">
    </testcase>
    <testcase name="Presence of examples components/datatypes/auditing/external-source-system-audit.schema.json has at least one example" time="0.0000" classname="components/datatypes/auditing/external-source-system-audit.schema.json has at least one example">
    </testcase>
    <testcase name="Presence of examples components/datatypes/b2b/account-organization.schema.json has at least one example" time="0.0000" classname="components/datatypes/b2b/account-organization.schema.json has at least one example">
    </testcase>
    <testcase name="Presence of examples components/datatypes/b2b/b2b-account.schema.json has at least one example" time="0.0000" classname="components/datatypes/b2b/b2b-account.schema.json has at least one example">
    </testcase>
    <testcase name="Presence of examples components/datatypes/b2b/b2b-source.schema.json has at least one example" time="0.0000" classname="components/datatypes/b2b/b2b-source.schema.json has at least one example">
    </testcase>
    <testcase name="Presence of examples components/datatypes/b2b/organization.schema.json has at least one example" time="0.0000" classname="components/datatypes/b2b/organization.schema.json has at least one example">
    </testcase>
    <testcase name="Presence of examples components/datatypes/b2b/orgunit.schema.json has at least one example" time="0.0000" classname="components/datatypes/b2b/orgunit.schema.json has at least one example">
    </testcase>
    <testcase name="Presence of examples components/datatypes/billing.schema.json has at least one example" time="0.0000" classname="components/datatypes/billing.schema.json has at least one example">
    </testcase>
    <testcase name="Presence of examples components/datatypes/browserdetails.schema.json has at least one example" time="0.0000" classname="components/datatypes/browserdetails.schema.json has at least one example">
    </testcase>
    <testcase name="Presence of examples components/datatypes/cart.schema.json has at least one example" time="0.0000" classname="components/datatypes/cart.schema.json has at least one example">
    </testcase>
    <testcase name="Presence of examples components/datatypes/categorydata.schema.json has at least one example" time="0.0000" classname="components/datatypes/categorydata.schema.json has at least one example">
    </testcase>
    <testcase name="Presence of examples components/datatypes/channels/application.schema.json has at least one example" time="0.0000" classname="components/datatypes/channels/application.schema.json has at least one example">
    </testcase>
    <testcase name="Presence of examples components/datatypes/channels/channel.schema.json has at least one example" time="0.0000" classname="components/datatypes/channels/channel.schema.json has at least one example">
    </testcase>
    <testcase name="Presence of examples components/datatypes/channels/phone.schema.json has at least one example" time="0.0000" classname="components/datatypes/channels/phone.schema.json has at least one example">
    </testcase>
    <testcase name="Presence of examples components/datatypes/chapterdetails.schema.json has at least one example" time="0.0000" classname="components/datatypes/chapterdetails.schema.json has at least one example">
    </testcase>
    <testcase name="Presence of examples components/datatypes/commercescope.schema.json has at least one example" time="0.0000" classname="components/datatypes/commercescope.schema.json has at least one example">
    </testcase>
    <testcase name="Presence of examples components/datatypes/consent/consent-field.schema.json has at least one example" time="0.0000" classname="components/datatypes/consent/consent-field.schema.json has at least one example">
    </testcase>
    <testcase name="Presence of examples components/datatypes/consent/consent-preferences.schema.json has at least one example" time="0.0000" classname="components/datatypes/consent/consent-preferences.schema.json has at least one example">
    </testcase>
    <testcase name="Presence of examples components/datatypes/consent/consentstring.schema.json has at least one example" time="0.0000" classname="components/datatypes/consent/consentstring.schema.json has at least one example">
    </testcase>
    <testcase name="Presence of examples components/datatypes/consent/marketing-field-basic.schema.json has at least one example" time="0.0000" classname="components/datatypes/consent/marketing-field-basic.schema.json has at least one example">
    </testcase>
    <testcase name="Presence of examples components/datatypes/consent/marketing-field-subscription.schema.json has at least one example" time="0.0000" classname="components/datatypes/consent/marketing-field-subscription.schema.json has at least one example">
    </testcase>
    <testcase name="Presence of examples components/datatypes/consent/personalization-field.schema.json has at least one example" time="0.0000" classname="components/datatypes/consent/personalization-field.schema.json has at least one example">
    </testcase>
    <testcase name="Presence of examples components/datatypes/currency.schema.json has at least one example" time="0.0000" classname="components/datatypes/currency.schema.json has at least one example">
    </testcase>
    <testcase name="Presence of examples components/datatypes/custommetadatadetails.schema.json has at least one example" time="0.0000" classname="components/datatypes/custommetadatadetails.schema.json has at least one example">
    </testcase>
    <testcase name="Presence of examples components/datatypes/data/cart-abandons.schema.json has at least one example" time="0.0000" classname="components/datatypes/data/cart-abandons.schema.json has at least one example">
    </testcase>
    <testcase name="Presence of examples components/datatypes/data/datasource.schema.json has at least one example" time="0.0000" classname="components/datatypes/data/datasource.schema.json has at least one example">
    </testcase>
    <testcase name="Presence of examples components/datatypes/data/measure.schema.json has at least one example" time="0.0000" classname="components/datatypes/data/measure.schema.json has at least one example">
    </testcase>
    <testcase name="Presence of examples components/datatypes/data/metricdefinition.schema.json has at least one example" time="0.0000" classname="components/datatypes/data/metricdefinition.schema.json has at least one example">
    </testcase>
    <testcase name="Presence of examples components/datatypes/data/opens.schema.json has at least one example" time="0.0000" classname="components/datatypes/data/opens.schema.json has at least one example">
    </testcase>
    <testcase name="Presence of examples components/datatypes/data/order.schema.json has at least one example" time="0.0000" classname="components/datatypes/data/order.schema.json has at least one example">
    </testcase>
    <testcase name="Presence of examples components/datatypes/data/pageviews.schema.json has at least one example" time="0.0000" classname="components/datatypes/data/pageviews.schema.json has at least one example">
    </testcase>
    <testcase name="Presence of examples components/datatypes/data/paymentitem.schema.json has at least one example" time="0.0000" classname="components/datatypes/data/paymentitem.schema.json has at least one example">
    </testcase>
    <testcase name="Presence of examples components/datatypes/data/record-timeseries-events.schema.json has at least one example" time="0.0000" classname="components/datatypes/data/record-timeseries-events.schema.json has at least one example">
    </testcase>
    <testcase name="Presence of examples components/datatypes/demographic/address.schema.json has at least one example" time="0.0000" classname="components/datatypes/demographic/address.schema.json has at least one example">
    </testcase>
    <testcase name="Presence of examples components/datatypes/demographic/emailaddress.schema.json has at least one example" time="0.0000" classname="components/datatypes/demographic/emailaddress.schema.json has at least one example">
    </testcase>
    <testcase name="Presence of examples components/datatypes/demographic/geo.schema.json has at least one example" time="0.0000" classname="components/datatypes/demographic/geo.schema.json has at least one example">
    </testcase>
    <testcase name="Presence of examples components/datatypes/demographic/geounit.schema.json has at least one example" time="0.0000" classname="components/datatypes/demographic/geounit.schema.json has at least one example">
    </testcase>
    <testcase name="Presence of examples components/datatypes/demographic/phonenumber.schema.json has at least one example" time="0.0000" classname="components/datatypes/demographic/phonenumber.schema.json has at least one example">
    </testcase>
    <testcase name="Presence of examples components/datatypes/demographic/place.schema.json has at least one example" time="0.0000" classname="components/datatypes/demographic/place.schema.json has at least one example">
    </testcase>
    <testcase name="Presence of examples components/datatypes/deprecated/advertising-timed-asset-reference.schema.json has at least one example" time="0.0000" classname="components/datatypes/deprecated/advertising-timed-asset-reference.schema.json has at least one example">
    </testcase>
    <testcase name="Presence of examples components/datatypes/deprecated/advertising-timed-asset-view-details.schema.json has at least one example" time="0.0000" classname="components/datatypes/deprecated/advertising-timed-asset-view-details.schema.json has at least one example">
    </testcase>
    <testcase name="Presence of examples components/datatypes/deprecated/adviewability.schema.json has at least one example" time="0.0000" classname="components/datatypes/deprecated/adviewability.schema.json has at least one example">
    </testcase>
    <testcase name="Presence of examples components/datatypes/deprecated/beacon-interaction-details.schema.json has at least one example" time="0.0000" classname="components/datatypes/deprecated/beacon-interaction-details.schema.json has at least one example">
    </testcase>
    <testcase name="Presence of examples components/datatypes/deprecated/bounces.schema.json has at least one example" time="0.0000" classname="components/datatypes/deprecated/bounces.schema.json has at least one example">
    </testcase>
    <testcase name="Presence of examples components/datatypes/deprecated/checkouts.schema.json has at least one example" time="0.0000" classname="components/datatypes/deprecated/checkouts.schema.json has at least one example">
    </testcase>
    <testcase name="Presence of examples components/datatypes/deprecated/deprecated-consentpreferences.schema.json has at least one example" time="0.0010" classname="components/datatypes/deprecated/deprecated-consentpreferences.schema.json has at least one example">
    </testcase>
    <testcase name="Presence of examples components/datatypes/deprecated/email-interaction.schema.json has at least one example" time="0.0000" classname="components/datatypes/deprecated/email-interaction.schema.json has at least one example">
    </testcase>
    <testcase name="Presence of examples components/datatypes/deprecated/identity-provider.schema.json has at least one example" time="0.0000" classname="components/datatypes/deprecated/identity-provider.schema.json has at least one example">
    </testcase>
    <testcase name="Presence of examples components/datatypes/deprecated/impressions.schema.json has at least one example" time="0.0000" classname="components/datatypes/deprecated/impressions.schema.json has at least one example">
    </testcase>
    <testcase name="Presence of examples components/datatypes/deprecated/linkclicks.schema.json has at least one example" time="0.0000" classname="components/datatypes/deprecated/linkclicks.schema.json has at least one example">
    </testcase>
    <testcase name="Presence of examples components/datatypes/deprecated/media-timed-asset-reference.schema.json has at least one example" time="0.0000" classname="components/datatypes/deprecated/media-timed-asset-reference.schema.json has at least one example">
    </testcase>
    <testcase name="Presence of examples components/datatypes/deprecated/media-timed-asset-view-details.schema.json has at least one example" time="0.0000" classname="components/datatypes/deprecated/media-timed-asset-view-details.schema.json has at least one example">
    </testcase>
    <testcase name="Presence of examples components/datatypes/deprecated/media-timed-audio.schema.json has at least one example" time="0.0000" classname="components/datatypes/deprecated/media-timed-audio.schema.json has at least one example">
    </testcase>
    <testcase name="Presence of examples components/datatypes/deprecated/media-timed-chapter-asset-reference.schema.json has at least one example" time="0.0000" classname="components/datatypes/deprecated/media-timed-chapter-asset-reference.schema.json has at least one example">
    </testcase>
    <testcase name="Presence of examples components/datatypes/deprecated/media-timed-chapter-view-details.schema.json has at least one example" time="0.0000" classname="components/datatypes/deprecated/media-timed-chapter-view-details.schema.json has at least one example">
    </testcase>
    <testcase name="Presence of examples components/datatypes/deprecated/media-timed-chapter.schema.json has at least one example" time="0.0000" classname="components/datatypes/deprecated/media-timed-chapter.schema.json has at least one example">
    </testcase>
    <testcase name="Presence of examples components/datatypes/deprecated/media-timed-qoe.schema.json has at least one example" time="0.0000" classname="components/datatypes/deprecated/media-timed-qoe.schema.json has at least one example">
    </testcase>
    <testcase name="Presence of examples components/datatypes/deprecated/media-timed.schema.json has at least one example" time="0.0000" classname="components/datatypes/deprecated/media-timed.schema.json has at least one example">
    </testcase>
    <testcase name="Presence of examples components/datatypes/deprecated/media.schema.json has at least one example" time="0.0000" classname="components/datatypes/deprecated/media.schema.json has at least one example">
    </testcase>
    <testcase name="Presence of examples components/datatypes/deprecated/meeting-interaction.schema.json has at least one example" time="0.0000" classname="components/datatypes/deprecated/meeting-interaction.schema.json has at least one example">
    </testcase>
    <testcase name="Presence of examples components/datatypes/deprecated/mirror-pages.schema.json has at least one example" time="0.0000" classname="components/datatypes/deprecated/mirror-pages.schema.json has at least one example">
    </testcase>
    <testcase name="Presence of examples components/datatypes/deprecated/non-deliverables.schema.json has at least one example" time="0.0000" classname="components/datatypes/deprecated/non-deliverables.schema.json has at least one example">
    </testcase>
    <testcase name="Presence of examples components/datatypes/deprecated/not-sent.schema.json has at least one example" time="0.0010" classname="components/datatypes/deprecated/not-sent.schema.json has at least one example">
    </testcase>
    <testcase name="Presence of examples components/datatypes/deprecated/optinout.schema.json has at least one example" time="0.0000" classname="components/datatypes/deprecated/optinout.schema.json has at least one example">
    </testcase>
    <testcase name="Presence of examples components/datatypes/deprecated/phone-interaction.schema.json has at least one example" time="0.0000" classname="components/datatypes/deprecated/phone-interaction.schema.json has at least one example">
    </testcase>
    <testcase name="Presence of examples components/datatypes/deprecated/player-state.schema.json has at least one example" time="0.0000" classname="components/datatypes/deprecated/player-state.schema.json has at least one example">
    </testcase>
    <testcase name="Presence of examples components/datatypes/deprecated/poi-entries.schema.json has at least one example" time="0.0000" classname="components/datatypes/deprecated/poi-entries.schema.json has at least one example">
    </testcase>
    <testcase name="Presence of examples components/datatypes/deprecated/poi-exits.schema.json has at least one example" time="0.0000" classname="components/datatypes/deprecated/poi-exits.schema.json has at least one example">
    </testcase>
    <testcase name="Presence of examples components/datatypes/deprecated/poi-interaction.schema.json has at least one example" time="0.0000" classname="components/datatypes/deprecated/poi-interaction.schema.json has at least one example">
    </testcase>
    <testcase name="Presence of examples components/datatypes/deprecated/principal.schema.json has at least one example" time="0.0000" classname="components/datatypes/deprecated/principal.schema.json has at least one example">
    </testcase>
    <testcase name="Presence of examples components/datatypes/deprecated/product-list-adds.schema.json has at least one example" time="0.0000" classname="components/datatypes/deprecated/product-list-adds.schema.json has at least one example">
    </testcase>
    <testcase name="Presence of examples components/datatypes/deprecated/product-list-opens.schema.json has at least one example" time="0.0000" classname="components/datatypes/deprecated/product-list-opens.schema.json has at least one example">
    </testcase>
    <testcase name="Presence of examples components/datatypes/deprecated/product-list-removals.schema.json has at least one example" time="0.0000" classname="components/datatypes/deprecated/product-list-removals.schema.json has at least one example">
    </testcase>
    <testcase name="Presence of examples components/datatypes/deprecated/product-list-reopens.schema.json has at least one example" time="0.0000" classname="components/datatypes/deprecated/product-list-reopens.schema.json has at least one example">
    </testcase>
    <testcase name="Presence of examples components/datatypes/deprecated/product-list-views.schema.json has at least one example" time="0.0000" classname="components/datatypes/deprecated/product-list-views.schema.json has at least one example">
    </testcase>
    <testcase name="Presence of examples components/datatypes/deprecated/product-views.schema.json has at least one example" time="0.0000" classname="components/datatypes/deprecated/product-views.schema.json has at least one example">
    </testcase>
    <testcase name="Presence of examples components/datatypes/deprecated/purchases.schema.json has at least one example" time="0.0000" classname="components/datatypes/deprecated/purchases.schema.json has at least one example">
    </testcase>
    <testcase name="Presence of examples components/datatypes/deprecated/save-for-laters.schema.json has at least one example" time="0.0000" classname="components/datatypes/deprecated/save-for-laters.schema.json has at least one example">
    </testcase>
    <testcase name="Presence of examples components/datatypes/deprecated/sends.schema.json has at least one example" time="0.0000" classname="components/datatypes/deprecated/sends.schema.json has at least one example">
    </testcase>
    <testcase name="Presence of examples components/datatypes/deprecated/unsubscriptions.schema.json has at least one example" time="0.0000" classname="components/datatypes/deprecated/unsubscriptions.schema.json has at least one example">
    </testcase>
    <testcase name="Presence of examples components/datatypes/deprecated/user-complaints.schema.json has at least one example" time="0.0000" classname="components/datatypes/deprecated/user-complaints.schema.json has at least one example">
    </testcase>
    <testcase name="Presence of examples components/datatypes/deprecated/webinteraction.schema.json has at least one example" time="0.0000" classname="components/datatypes/deprecated/webinteraction.schema.json has at least one example">
    </testcase>
    <testcase name="Presence of examples components/datatypes/deprecated/webpagedetails.schema.json has at least one example" time="0.0000" classname="components/datatypes/deprecated/webpagedetails.schema.json has at least one example">
    </testcase>
    <testcase name="Presence of examples components/datatypes/deprecated/webreferrer.schema.json has at least one example" time="0.0000" classname="components/datatypes/deprecated/webreferrer.schema.json has at least one example">
    </testcase>
    <testcase name="Presence of examples components/datatypes/device.schema.json has at least one example" time="0.0000" classname="components/datatypes/device.schema.json has at least one example">
    </testcase>
    <testcase name="Presence of examples components/datatypes/enduserids.schema.json has at least one example" time="0.0000" classname="components/datatypes/enduserids.schema.json has at least one example">
    </testcase>
    <testcase name="Presence of examples components/datatypes/environment.schema.json has at least one example" time="0.0000" classname="components/datatypes/environment.schema.json has at least one example">
    </testcase>
    <testcase name="Presence of examples components/datatypes/errordetails.schema.json has at least one example" time="0.0000" classname="components/datatypes/errordetails.schema.json has at least one example">
    </testcase>
    <testcase name="Presence of examples components/datatypes/extensible.schema.json has at least one example" time="0.0000" classname="components/datatypes/extensible.schema.json has at least one example">
    </testcase>
    <testcase name="Presence of examples components/datatypes/external/id3/audio.schema.json has at least one example" time="0.0000" classname="components/datatypes/external/id3/audio.schema.json has at least one example">
    </testcase>
    <testcase name="Presence of examples components/datatypes/external/iptc/creator.schema.json has at least one example" time="0.0000" classname="components/datatypes/external/iptc/creator.schema.json has at least one example">
    </testcase>
    <testcase name="Presence of examples components/datatypes/external/iptc/episode.schema.json has at least one example" time="0.0000" classname="components/datatypes/external/iptc/episode.schema.json has at least one example">
    </testcase>
    <testcase name="Presence of examples components/datatypes/external/iptc/rating.schema.json has at least one example" time="0.0010" classname="components/datatypes/external/iptc/rating.schema.json has at least one example">
    </testcase>
    <testcase name="Presence of examples components/datatypes/external/iptc/season.schema.json has at least one example" time="0.0000" classname="components/datatypes/external/iptc/season.schema.json has at least one example">
    </testcase>
    <testcase name="Presence of examples components/datatypes/external/iptc/series.schema.json has at least one example" time="0.0000" classname="components/datatypes/external/iptc/series.schema.json has at least one example">
    </testcase>
    <testcase name="Presence of examples components/datatypes/external/repo/common.schema.json has at least one example" time="0.0000" classname="components/datatypes/external/repo/common.schema.json has at least one example">
    </testcase>
    <testcase name="Presence of examples components/datatypes/external/schema/geocircle.schema.json has at least one example" time="0.0000" classname="components/datatypes/external/schema/geocircle.schema.json has at least one example">
    </testcase>
    <testcase name="Presence of examples components/datatypes/external/schema/geocoordinates.schema.json has at least one example" time="0.0000" classname="components/datatypes/external/schema/geocoordinates.schema.json has at least one example">
    </testcase>
    <testcase name="Presence of examples components/datatypes/external/schema/geoshape.schema.json has at least one example" time="0.0000" classname="components/datatypes/external/schema/geoshape.schema.json has at least one example">
    </testcase>
    <testcase name="Presence of examples components/datatypes/geo-interaction-details.schema.json has at least one example" time="0.0000" classname="components/datatypes/geo-interaction-details.schema.json has at least one example">
    </testcase>
    <testcase name="Presence of examples components/datatypes/identity.schema.json has at least one example" time="0.0010" classname="components/datatypes/identity.schema.json has at least one example">
    </testcase>
    <testcase name="Presence of examples components/datatypes/identityitem.schema.json has at least one example" time="0.0000" classname="components/datatypes/identityitem.schema.json has at least one example">
    </testcase>
    <testcase name="Presence of examples components/datatypes/industry-verticals/claim.schema.json has at least one example" time="0.0000" classname="components/datatypes/industry-verticals/claim.schema.json has at least one example">
    </testcase>
    <testcase name="Presence of examples components/datatypes/industry-verticals/comparisons.schema.json has at least one example" time="0.0000" classname="components/datatypes/industry-verticals/comparisons.schema.json has at least one example">
    </testcase>
    <testcase name="Presence of examples components/datatypes/industry-verticals/file-transfer.schema.json has at least one example" time="0.0000" classname="components/datatypes/industry-verticals/file-transfer.schema.json has at least one example">
    </testcase>
    <testcase name="Presence of examples components/datatypes/industry-verticals/financial-account.schema.json has at least one example" time="0.0000" classname="components/datatypes/industry-verticals/financial-account.schema.json has at least one example">
    </testcase>
    <testcase name="Presence of examples components/datatypes/industry-verticals/form-applications.schema.json has at least one example" time="0.0000" classname="components/datatypes/industry-verticals/form-applications.schema.json has at least one example">
    </testcase>
    <testcase name="Presence of examples components/datatypes/industry-verticals/implementationdetails.schema.json has at least one example" time="0.0000" classname="components/datatypes/industry-verticals/implementationdetails.schema.json has at least one example">
    </testcase>
    <testcase name="Presence of examples components/datatypes/industry-verticals/impressions.schema.json has at least one example" time="0.0000" classname="components/datatypes/industry-verticals/impressions.schema.json has at least one example">
    </testcase>
    <testcase name="Presence of examples components/datatypes/industry-verticals/internal-site-search.schema.json has at least one example" time="0.0000" classname="components/datatypes/industry-verticals/internal-site-search.schema.json has at least one example">
    </testcase>
    <testcase name="Presence of examples components/datatypes/industry-verticals/selfservice.schema.json has at least one example" time="0.0000" classname="components/datatypes/industry-verticals/selfservice.schema.json has at least one example">
    </testcase>
    <testcase name="Presence of examples components/datatypes/industry-verticals/subscription.schema.json has at least one example" time="0.0000" classname="components/datatypes/industry-verticals/subscription.schema.json has at least one example">
    </testcase>
    <testcase name="Presence of examples components/datatypes/industry-verticals/telecom-subscription.schema.json has at least one example" time="0.0000" classname="components/datatypes/industry-verticals/telecom-subscription.schema.json has at least one example">
    </testcase>
    <testcase name="Presence of examples components/datatypes/industry-verticals/tool-usage.schema.json has at least one example" time="0.0000" classname="components/datatypes/industry-verticals/tool-usage.schema.json has at least one example">
    </testcase>
    <testcase name="Presence of examples components/datatypes/industry-verticals/transaction.schema.json has at least one example" time="0.0000" classname="components/datatypes/industry-verticals/transaction.schema.json has at least one example">
    </testcase>
    <testcase name="Presence of examples components/datatypes/keyedlist.schema.json has at least one example" time="0.0000" classname="components/datatypes/keyedlist.schema.json has at least one example">
    </testcase>
    <testcase name="Presence of examples components/datatypes/keyvalue.schema.json has at least one example" time="0.0000" classname="components/datatypes/keyvalue.schema.json has at least one example">
    </testcase>
    <testcase name="Presence of examples components/datatypes/marketing/advertising-break.schema.json has at least one example" time="0.0000" classname="components/datatypes/marketing/advertising-break.schema.json has at least one example">
    </testcase>
    <testcase name="Presence of examples components/datatypes/marketing/advertising.schema.json has at least one example" time="0.0000" classname="components/datatypes/marketing/advertising.schema.json has at least one example">
    </testcase>
    <testcase name="Presence of examples components/datatypes/marketing/commerce.schema.json has at least one example" time="0.0000" classname="components/datatypes/marketing/commerce.schema.json has at least one example">
    </testcase>
    <testcase name="Presence of examples components/datatypes/marketing/direct-marketing.schema.json has at least one example" time="0.0000" classname="components/datatypes/marketing/direct-marketing.schema.json has at least one example">
    </testcase>
    <testcase name="Presence of examples components/datatypes/marketing/directmarketing-address.schema.json has at least one example" time="0.0000" classname="components/datatypes/marketing/directmarketing-address.schema.json has at least one example">
    </testcase>
    <testcase name="Presence of examples components/datatypes/marketing/directmarketing-emailaddress.schema.json has at least one example" time="0.0000" classname="components/datatypes/marketing/directmarketing-emailaddress.schema.json has at least one example">
    </testcase>
    <testcase name="Presence of examples components/datatypes/marketing/directmarketing-phonenumber.schema.json has at least one example" time="0.0000" classname="components/datatypes/marketing/directmarketing-phonenumber.schema.json has at least one example">
    </testcase>
    <testcase name="Presence of examples components/datatypes/marketing/marketing.schema.json has at least one example" time="0.0010" classname="components/datatypes/marketing/marketing.schema.json has at least one example">
    </testcase>
    <testcase name="Presence of examples components/datatypes/mediadetails.schema.json has at least one example" time="0.0000" classname="components/datatypes/mediadetails.schema.json has at least one example">
    </testcase>
    <testcase name="Presence of examples components/datatypes/mediaevent.schema.json has at least one example" time="0.0000" classname="components/datatypes/mediaevent.schema.json has at least one example">
    </testcase>
    <testcase name="Presence of examples components/datatypes/namespace.schema.json has at least one example" time="0.0000" classname="components/datatypes/namespace.schema.json has at least one example">
    </testcase>
    <testcase name="Presence of examples components/datatypes/optinout-additional-details.schema.json has at least one example" time="0.0000" classname="components/datatypes/optinout-additional-details.schema.json has at least one example">
    </testcase>
    <testcase name="Presence of examples components/datatypes/page.schema.json has at least one example" time="0.0000" classname="components/datatypes/page.schema.json has at least one example">
    </testcase>
    <testcase name="Presence of examples components/datatypes/person/person-name.schema.json has at least one example" time="0.0000" classname="components/datatypes/person/person-name.schema.json has at least one example">
    </testcase>
    <testcase name="Presence of examples components/datatypes/person/person.schema.json has at least one example" time="0.0000" classname="components/datatypes/person/person.schema.json has at least one example">
    </testcase>
    <testcase name="Presence of examples components/datatypes/placecontext.schema.json has at least one example" time="0.0000" classname="components/datatypes/placecontext.schema.json has at least one example">
    </testcase>
    <testcase name="Presence of examples components/datatypes/playerstatedata.schema.json has at least one example" time="0.0000" classname="components/datatypes/playerstatedata.schema.json has at least one example">
    </testcase>
    <testcase name="Presence of examples components/datatypes/poi-detail.schema.json has at least one example" time="0.0000" classname="components/datatypes/poi-detail.schema.json has at least one example">
    </testcase>
    <testcase name="Presence of examples components/datatypes/product.schema.json has at least one example" time="0.0000" classname="components/datatypes/product.schema.json has at least one example">
    </testcase>
    <testcase name="Presence of examples components/datatypes/productlistitem.schema.json has at least one example" time="0.0000" classname="components/datatypes/productlistitem.schema.json has at least one example">
    </testcase>
    <testcase name="Presence of examples components/datatypes/profilestitch.schema.json has at least one example" time="0.0000" classname="components/datatypes/profilestitch.schema.json has at least one example">
    </testcase>
    <testcase name="Presence of examples components/datatypes/profilestitchidentity.schema.json has at least one example" time="0.0000" classname="components/datatypes/profilestitchidentity.schema.json has at least one example">
    </testcase>
    <testcase name="Presence of examples components/datatypes/pushdetail.schema.json has at least one example" time="0.0000" classname="components/datatypes/pushdetail.schema.json has at least one example">
    </testcase>
    <testcase name="Presence of examples components/datatypes/pushnotificationtoken.schema.json has at least one example" time="0.0000" classname="components/datatypes/pushnotificationtoken.schema.json has at least one example">
    </testcase>
    <testcase name="Presence of examples components/datatypes/qoedatadetails.schema.json has at least one example" time="0.0010" classname="components/datatypes/qoedatadetails.schema.json has at least one example">
    </testcase>
    <testcase name="Presence of examples components/datatypes/refunditem.schema.json has at least one example" time="0.0000" classname="components/datatypes/refunditem.schema.json has at least one example">
    </testcase>
    <testcase name="Presence of examples components/datatypes/requisitionlist.schema.json has at least one example" time="0.0000" classname="components/datatypes/requisitionlist.schema.json has at least one example">
    </testcase>
    <testcase name="Presence of examples components/datatypes/return.schema.json has at least one example" time="0.0000" classname="components/datatypes/return.schema.json has at least one example">
    </testcase>
    <testcase name="Presence of examples components/datatypes/returnitem.schema.json has at least one example" time="0.0000" classname="components/datatypes/returnitem.schema.json has at least one example">
    </testcase>
    <testcase name="Presence of examples components/datatypes/search.schema.json has at least one example" time="0.0000" classname="components/datatypes/search.schema.json has at least one example">
    </testcase>
    <testcase name="Presence of examples components/datatypes/segmentidentity.schema.json has at least one example" time="0.0000" classname="components/datatypes/segmentidentity.schema.json has at least one example">
    </testcase>
    <testcase name="Presence of examples components/datatypes/segmentmembership.schema.json has at least one example" time="0.0000" classname="components/datatypes/segmentmembership.schema.json has at least one example">
    </testcase>
    <testcase name="Presence of examples components/datatypes/segmentmembershipitem.schema.json has at least one example" time="0.0000" classname="components/datatypes/segmentmembershipitem.schema.json has at least one example">
    </testcase>
    <testcase name="Presence of examples components/datatypes/sessiondetails.schema.json has at least one example" time="0.0000" classname="components/datatypes/sessiondetails.schema.json has at least one example">
    </testcase>
    <testcase name="Presence of examples components/datatypes/shipping.schema.json has at least one example" time="0.0000" classname="components/datatypes/shipping.schema.json has at least one example">
    </testcase>
    <testcase name="Presence of examples components/datatypes/sitesearch.schema.json has at least one example" time="0.0000" classname="components/datatypes/sitesearch.schema.json has at least one example">
    </testcase>
    <testcase name="Presence of examples components/datatypes/store-web-order.schema.json has at least one example" time="0.0000" classname="components/datatypes/store-web-order.schema.json has at least one example">
    </testcase>
    <testcase name="Presence of examples components/datatypes/webinfo.schema.json has at least one example" time="0.0000" classname="components/datatypes/webinfo.schema.json has at least one example">
    </testcase>
    <testcase name="Presence of examples components/fieldgroups/account-person/account-person-details.schema.json has at least one example" time="0.0000" classname="components/fieldgroups/account-person/account-person-details.schema.json has at least one example">
    </testcase>
    <testcase name="Presence of examples components/fieldgroups/account/account-components.schema.json has at least one example" time="0.0000" classname="components/fieldgroups/account/account-components.schema.json has at least one example">
    </testcase>
    <testcase name="Presence of examples components/fieldgroups/account/account-details.schema.json has at least one example" time="0.0000" classname="components/fieldgroups/account/account-details.schema.json has at least one example">
    </testcase>
    <testcase name="Presence of examples components/fieldgroups/account/account-person-components.schema.json has at least one example" time="0.0000" classname="components/fieldgroups/account/account-person-components.schema.json has at least one example">
    </testcase>
    <testcase name="Presence of examples components/fieldgroups/account/events/account-data-value-change.schema.json has at least one example" time="0.0000" classname="components/fieldgroups/account/events/account-data-value-change.schema.json has at least one example">
    </testcase>
    <testcase name="Presence of examples components/fieldgroups/account/events/account-interesting-moment.schema.json has at least one example" time="0.0000" classname="components/fieldgroups/account/events/account-interesting-moment.schema.json has at least one example">
    </testcase>
    <testcase name="Presence of examples components/fieldgroups/account/events/account-score-change.schema.json has at least one example" time="0.0000" classname="components/fieldgroups/account/events/account-score-change.schema.json has at least one example">
    </testcase>
    <testcase name="Presence of examples components/fieldgroups/account/events/add-to-account-list-change.schema.json has at least one example" time="0.0000" classname="components/fieldgroups/account/events/add-to-account-list-change.schema.json has at least one example">
    </testcase>
    <testcase name="Presence of examples components/fieldgroups/account/events/add-to-journey.schema.json has at least one example" time="0.0000" classname="components/fieldgroups/account/events/add-to-journey.schema.json has at least one example">
    </testcase>
    <testcase name="Presence of examples components/fieldgroups/account/events/remove-from-account-list-change.schema.json has at least one example" time="0.0000" classname="components/fieldgroups/account/events/remove-from-account-list-change.schema.json has at least one example">
    </testcase>
    <testcase name="Presence of examples components/fieldgroups/account/events/remove-from-journey.schema.json has at least one example" time="0.0000" classname="components/fieldgroups/account/events/remove-from-journey.schema.json has at least one example">
    </testcase>
    <testcase name="Presence of examples components/fieldgroups/account/related-accounts.schema.json has at least one example" time="0.0000" classname="components/fieldgroups/account/related-accounts.schema.json has at least one example">
    </testcase>
    <testcase name="Presence of examples components/fieldgroups/campaign-member/campaign-member-components.schema.json has at least one example" time="0.0000" classname="components/fieldgroups/campaign-member/campaign-member-components.schema.json has at least one example">
    </testcase>
    <testcase name="Presence of examples components/fieldgroups/campaign-member/campaign-member-details.schema.json has at least one example" time="0.0000" classname="components/fieldgroups/campaign-member/campaign-member-details.schema.json has at least one example">
    </testcase>
    <testcase name="Presence of examples components/fieldgroups/campaign/campaign-components.schema.json has at least one example" time="0.0000" classname="components/fieldgroups/campaign/campaign-components.schema.json has at least one example">
    </testcase>
    <testcase name="Presence of examples components/fieldgroups/campaign/campaign-details.schema.json has at least one example" time="0.0000" classname="components/fieldgroups/campaign/campaign-details.schema.json has at least one example">
    </testcase>
    <testcase name="Presence of examples components/fieldgroups/conversion/currency-conversion-details.schema.json has at least one example" time="0.0000" classname="components/fieldgroups/conversion/currency-conversion-details.schema.json has at least one example">
    </testcase>
    <testcase name="Presence of examples components/fieldgroups/deprecated/deprecated-profile-consent.schema.json has at least one example" time="0.0000" classname="components/fieldgroups/deprecated/deprecated-profile-consent.schema.json has at least one example">
    </testcase>
    <testcase name="Presence of examples components/fieldgroups/deprecated/experienceevent-alert-setup-steps.schema.json has at least one example" time="0.0000" classname="components/fieldgroups/deprecated/experienceevent-alert-setup-steps.schema.json has at least one example">
    </testcase>
    <testcase name="Presence of examples components/fieldgroups/deprecated/experienceevent-appointment-request-steps.schema.json has at least one example" time="0.0000" classname="components/fieldgroups/deprecated/experienceevent-appointment-request-steps.schema.json has at least one example">
    </testcase>
    <testcase name="Presence of examples components/fieldgroups/deprecated/experienceevent-autopay-enrollment-details.schema.json has at least one example" time="0.0000" classname="components/fieldgroups/deprecated/experienceevent-autopay-enrollment-details.schema.json has at least one example">
    </testcase>
    <testcase name="Presence of examples components/fieldgroups/deprecated/experienceevent-dispute-steps.schema.json has at least one example" time="0.0000" classname="components/fieldgroups/deprecated/experienceevent-dispute-steps.schema.json has at least one example">
    </testcase>
    <testcase name="Presence of examples components/fieldgroups/deprecated/experienceevent-enduserids-deprecated.schema.json has at least one example" time="0.0000" classname="components/fieldgroups/deprecated/experienceevent-enduserids-deprecated.schema.json has at least one example">
    </testcase>
    <testcase name="Presence of examples components/fieldgroups/deprecated/experienceevent-financial-account-creation-steps.schema.json has at least one example" time="0.0000" classname="components/fieldgroups/deprecated/experienceevent-financial-account-creation-steps.schema.json has at least one example">
    </testcase>
    <testcase name="Presence of examples components/fieldgroups/deprecated/experienceevent-financial-calculator-steps.schema.json has at least one example" time="0.0000" classname="components/fieldgroups/deprecated/experienceevent-financial-calculator-steps.schema.json has at least one example">
    </testcase>
    <testcase name="Presence of examples components/fieldgroups/deprecated/experienceevent-media.schema.json has at least one example" time="0.0000" classname="components/fieldgroups/deprecated/experienceevent-media.schema.json has at least one example">
    </testcase>
    <testcase name="Presence of examples components/fieldgroups/deprecated/experienceevent-paperless-enrollment-steps.schema.json has at least one example" time="0.0000" classname="components/fieldgroups/deprecated/experienceevent-paperless-enrollment-steps.schema.json has at least one example">
    </testcase>
    <testcase name="Presence of examples components/fieldgroups/deprecated/experienceevent-referral-steps.schema.json has at least one example" time="0.0000" classname="components/fieldgroups/deprecated/experienceevent-referral-steps.schema.json has at least one example">
    </testcase>
    <testcase name="Presence of examples components/fieldgroups/deprecated/experienceevent-request-credit-score-steps.schema.json has at least one example" time="0.0000" classname="components/fieldgroups/deprecated/experienceevent-request-credit-score-steps.schema.json has at least one example">
    </testcase>
    <testcase name="Presence of examples components/fieldgroups/deprecated/experienceevent-support-request.schema.json has at least one example" time="0.0000" classname="components/fieldgroups/deprecated/experienceevent-support-request.schema.json has at least one example">
    </testcase>
    <testcase name="Presence of examples components/fieldgroups/deprecated/experienceevent-watchlist-steps.schema.json has at least one example" time="0.0000" classname="components/fieldgroups/deprecated/experienceevent-watchlist-steps.schema.json has at least one example">
    </testcase>
    <testcase name="Presence of examples components/fieldgroups/deprecated/profile-identities-deprecated.schema.json has at least one example" time="0.0000" classname="components/fieldgroups/deprecated/profile-identities-deprecated.schema.json has at least one example">
    </testcase>
    <testcase name="Presence of examples components/fieldgroups/deprecated/profile-person-details-v2.schema.json has at least one example" time="0.0000" classname="components/fieldgroups/deprecated/profile-person-details-v2.schema.json has at least one example">
    </testcase>
    <testcase name="Presence of examples components/fieldgroups/experience-event/events/add-to-campaign.schema.json has at least one example" time="0.0000" classname="components/fieldgroups/experience-event/events/add-to-campaign.schema.json has at least one example">
    </testcase>
    <testcase name="Presence of examples components/fieldgroups/experience-event/events/add-to-list.schema.json has at least one example" time="0.0000" classname="components/fieldgroups/experience-event/events/add-to-list.schema.json has at least one example">
    </testcase>
    <testcase name="Presence of examples components/fieldgroups/experience-event/events/add-to-opportunity.schema.json has at least one example" time="0.0000" classname="components/fieldgroups/experience-event/events/add-to-opportunity.schema.json has at least one example">
    </testcase>
    <testcase name="Presence of examples components/fieldgroups/experience-event/events/asks-questions-in-webinar.schema.json has at least one example" time="0.0060" classname="components/fieldgroups/experience-event/events/asks-questions-in-webinar.schema.json has at least one example">
      <failure message="Every schema needs at least one example." type="AssertionError [ERR_ASSERTION]"><![CDATA[AssertionError [ERR_ASSERTION]: Every schema needs at least one example.
    at Context.it (test/example-presence.js:21:14)]]></failure>
    </testcase>
    <testcase name="Presence of examples components/fieldgroups/experience-event/events/asset-downloads-in-webinar.schema.json has at least one example" time="0.0010" classname="components/fieldgroups/experience-event/events/asset-downloads-in-webinar.schema.json has at least one example">
      <failure message="Every schema needs at least one example." type="AssertionError [ERR_ASSERTION]"><![CDATA[AssertionError [ERR_ASSERTION]: Every schema needs at least one example.
    at Context.it (test/example-presence.js:21:14)]]></failure>
    </testcase>
    <testcase name="Presence of examples components/fieldgroups/experience-event/events/call-to-action-clicked-in-webinar.schema.json has at least one example" time="0.0000" classname="components/fieldgroups/experience-event/events/call-to-action-clicked-in-webinar.schema.json has at least one example">
      <failure message="Every schema needs at least one example." type="AssertionError [ERR_ASSERTION]"><![CDATA[AssertionError [ERR_ASSERTION]: Every schema needs at least one example.
    at Context.it (test/example-presence.js:21:14)]]></failure>
    </testcase>
    <testcase name="Presence of examples components/fieldgroups/experience-event/events/callwebhook.schema.json has at least one example" time="0.0000" classname="components/fieldgroups/experience-event/events/callwebhook.schema.json has at least one example">
    </testcase>
    <testcase name="Presence of examples components/fieldgroups/experience-event/events/change-campaign-cadence.schema.json has at least one example" time="0.0000" classname="components/fieldgroups/experience-event/events/change-campaign-cadence.schema.json has at least one example">
    </testcase>
    <testcase name="Presence of examples components/fieldgroups/experience-event/events/change-campaign-stream.schema.json has at least one example" time="0.0000" classname="components/fieldgroups/experience-event/events/change-campaign-stream.schema.json has at least one example">
    </testcase>
    <testcase name="Presence of examples components/fieldgroups/experience-event/events/convert-lead.schema.json has at least one example" time="0.0000" classname="components/fieldgroups/experience-event/events/convert-lead.schema.json has at least one example">
    </testcase>
    <testcase name="Presence of examples components/fieldgroups/experience-event/events/emailbounced.schema.json has at least one example" time="0.0000" classname="components/fieldgroups/experience-event/events/emailbounced.schema.json has at least one example">
    </testcase>
    <testcase name="Presence of examples components/fieldgroups/experience-event/events/emailbouncedsoft.schema.json has at least one example" time="0.0000" classname="components/fieldgroups/experience-event/events/emailbouncedsoft.schema.json has at least one example">
    </testcase>
    <testcase name="Presence of examples components/fieldgroups/experience-event/events/emailclicked.schema.json has at least one example" time="0.0000" classname="components/fieldgroups/experience-event/events/emailclicked.schema.json has at least one example">
    </testcase>
    <testcase name="Presence of examples components/fieldgroups/experience-event/events/emaildelivered.schema.json has at least one example" time="0.0000" classname="components/fieldgroups/experience-event/events/emaildelivered.schema.json has at least one example">
    </testcase>
    <testcase name="Presence of examples components/fieldgroups/experience-event/events/emailopened.schema.json has at least one example" time="0.0000" classname="components/fieldgroups/experience-event/events/emailopened.schema.json has at least one example">
    </testcase>
    <testcase name="Presence of examples components/fieldgroups/experience-event/events/emailsent.schema.json has at least one example" time="0.0000" classname="components/fieldgroups/experience-event/events/emailsent.schema.json has at least one example">
    </testcase>
    <testcase name="Presence of examples components/fieldgroups/experience-event/events/emailunsubscribed.schema.json has at least one example" time="0.0000" classname="components/fieldgroups/experience-event/events/emailunsubscribed.schema.json has at least one example">
    </testcase>
    <testcase name="Presence of examples components/fieldgroups/experience-event/events/engaged-with-agent-in-conversational-flow.schema.json has at least one example" time="0.0000" classname="components/fieldgroups/experience-event/events/engaged-with-agent-in-conversational-flow.schema.json has at least one example">
      <failure message="Every schema needs at least one example." type="AssertionError [ERR_ASSERTION]"><![CDATA[AssertionError [ERR_ASSERTION]: Every schema needs at least one example.
    at Context.it (test/example-presence.js:21:14)]]></failure>
    </testcase>
    <testcase name="Presence of examples components/fieldgroups/experience-event/events/engaged-with-dialogue.schema.json has at least one example" time="0.0000" classname="components/fieldgroups/experience-event/events/engaged-with-dialogue.schema.json has at least one example">
    </testcase>
    <testcase name="Presence of examples components/fieldgroups/experience-event/events/formfilledout.schema.json has at least one example" time="0.0000" classname="components/fieldgroups/experience-event/events/formfilledout.schema.json has at least one example">
    </testcase>
    <testcase name="Presence of examples components/fieldgroups/experience-event/events/interacted-with-document-in-dialogue.schema.json has at least one example" time="0.0000" classname="components/fieldgroups/experience-event/events/interacted-with-document-in-dialogue.schema.json has at least one example">
      <failure message="Every schema needs at least one example." type="AssertionError [ERR_ASSERTION]"><![CDATA[AssertionError [ERR_ASSERTION]: Every schema needs at least one example.
    at Context.it (test/example-presence.js:21:14)]]></failure>
    </testcase>
    <testcase name="Presence of examples components/fieldgroups/experience-event/events/interacted-with-document-in-flow.schema.json has at least one example" time="0.0000" classname="components/fieldgroups/experience-event/events/interacted-with-document-in-flow.schema.json has at least one example">
      <failure message="Every schema needs at least one example." type="AssertionError [ERR_ASSERTION]"><![CDATA[AssertionError [ERR_ASSERTION]: Every schema needs at least one example.
    at Context.it (test/example-presence.js:21:14)]]></failure>
    </testcase>
    <testcase name="Presence of examples components/fieldgroups/experience-event/events/interesting-moment.schema.json has at least one example" time="0.0000" classname="components/fieldgroups/experience-event/events/interesting-moment.schema.json has at least one example">
    </testcase>
    <testcase name="Presence of examples components/fieldgroups/experience-event/events/linkclicks.schema.json has at least one example" time="0.0000" classname="components/fieldgroups/experience-event/events/linkclicks.schema.json has at least one example">
    </testcase>
    <testcase name="Presence of examples components/fieldgroups/experience-event/events/merge-leads.schema.json has at least one example" time="0.0000" classname="components/fieldgroups/experience-event/events/merge-leads.schema.json has at least one example">
    </testcase>
    <testcase name="Presence of examples components/fieldgroups/experience-event/events/new-lead.schema.json has at least one example" time="0.0000" classname="components/fieldgroups/experience-event/events/new-lead.schema.json has at least one example">
    </testcase>
    <testcase name="Presence of examples components/fieldgroups/experience-event/events/opportunityupdated.schema.json has at least one example" time="0.0000" classname="components/fieldgroups/experience-event/events/opportunityupdated.schema.json has at least one example">
    </testcase>
    <testcase name="Presence of examples components/fieldgroups/experience-event/events/remove-from-list.schema.json has at least one example" time="0.0000" classname="components/fieldgroups/experience-event/events/remove-from-list.schema.json has at least one example">
    </testcase>
    <testcase name="Presence of examples components/fieldgroups/experience-event/events/remove-from-opportunity.schema.json has at least one example" time="0.0000" classname="components/fieldgroups/experience-event/events/remove-from-opportunity.schema.json has at least one example">
    </testcase>
    <testcase name="Presence of examples components/fieldgroups/experience-event/events/responded-to-poll-in-webinar.schema.json has at least one example" time="0.0000" classname="components/fieldgroups/experience-event/events/responded-to-poll-in-webinar.schema.json has at least one example">
      <failure message="Every schema needs at least one example." type="AssertionError [ERR_ASSERTION]"><![CDATA[AssertionError [ERR_ASSERTION]: Every schema needs at least one example.
    at Context.it (test/example-presence.js:21:14)]]></failure>
    </testcase>
    <testcase name="Presence of examples components/fieldgroups/experience-event/events/revenueStageChanged.schema.json has at least one example" time="0.0000" classname="components/fieldgroups/experience-event/events/revenueStageChanged.schema.json has at least one example">
    </testcase>
    <testcase name="Presence of examples components/fieldgroups/experience-event/events/scorechanged.schema.json has at least one example" time="0.0000" classname="components/fieldgroups/experience-event/events/scorechanged.schema.json has at least one example">
    </testcase>
    <testcase name="Presence of examples components/fieldgroups/experience-event/events/statusincampaignprogressionchanged.schema.json has at least one example" time="0.0000" classname="components/fieldgroups/experience-event/events/statusincampaignprogressionchanged.schema.json has at least one example">
    </testcase>
    <testcase name="Presence of examples components/fieldgroups/experience-event/events/visit-webpage.schema.json has at least one example" time="0.0000" classname="components/fieldgroups/experience-event/events/visit-webpage.schema.json has at least one example">
    </testcase>
    <testcase name="Presence of examples components/fieldgroups/experience-event/experienceevent-advertising.schema.json has at least one example" time="0.0000" classname="components/fieldgroups/experience-event/experienceevent-advertising.schema.json has at least one example">
    </testcase>
    <testcase name="Presence of examples components/fieldgroups/experience-event/experienceevent-application.schema.json has at least one example" time="0.0000" classname="components/fieldgroups/experience-event/experienceevent-application.schema.json has at least one example">
    </testcase>
    <testcase name="Presence of examples components/fieldgroups/experience-event/experienceevent-bot-detection.schema.json has at least one example" time="0.0000" classname="components/fieldgroups/experience-event/experienceevent-bot-detection.schema.json has at least one example">
    </testcase>
    <testcase name="Presence of examples components/fieldgroups/experience-event/experienceevent-card-actions.schema.json has at least one example" time="0.0000" classname="components/fieldgroups/experience-event/experienceevent-card-actions.schema.json has at least one example">
    </testcase>
    <testcase name="Presence of examples components/fieldgroups/experience-event/experienceevent-channel.schema.json has at least one example" time="0.0000" classname="components/fieldgroups/experience-event/experienceevent-channel.schema.json has at least one example">
    </testcase>
    <testcase name="Presence of examples components/fieldgroups/experience-event/experienceevent-commerce.schema.json has at least one example" time="0.0000" classname="components/fieldgroups/experience-event/experienceevent-commerce.schema.json has at least one example">
    </testcase>
    <testcase name="Presence of examples components/fieldgroups/experience-event/experienceevent-content.schema.json has at least one example" time="0.0000" classname="components/fieldgroups/experience-event/experienceevent-content.schema.json has at least one example">
    </testcase>
    <testcase name="Presence of examples components/fieldgroups/experience-event/experienceevent-directmarketing.schema.json has at least one example" time="0.0000" classname="components/fieldgroups/experience-event/experienceevent-directmarketing.schema.json has at least one example">
    </testcase>
    <testcase name="Presence of examples components/fieldgroups/experience-event/experienceevent-enduserids.schema.json has at least one example" time="0.0000" classname="components/fieldgroups/experience-event/experienceevent-enduserids.schema.json has at least one example">
    </testcase>
    <testcase name="Presence of examples components/fieldgroups/experience-event/experienceevent-environment-details.schema.json has at least one example" time="0.0000" classname="components/fieldgroups/experience-event/experienceevent-environment-details.schema.json has at least one example">
    </testcase>
    <testcase name="Presence of examples components/fieldgroups/experience-event/experienceevent-file-download-details.schema.json has at least one example" time="0.0000" classname="components/fieldgroups/experience-event/experienceevent-file-download-details.schema.json has at least one example">
    </testcase>
    <testcase name="Presence of examples components/fieldgroups/experience-event/experienceevent-file-upload-details.schema.json has at least one example" time="0.0000" classname="components/fieldgroups/experience-event/experienceevent-file-upload-details.schema.json has at least one example">
    </testcase>
    <testcase name="Presence of examples components/fieldgroups/experience-event/experienceevent-implementation-details.schema.json has at least one example" time="0.0000" classname="components/fieldgroups/experience-event/experienceevent-implementation-details.schema.json has at least one example">
    </testcase>
    <testcase name="Presence of examples components/fieldgroups/experience-event/experienceevent-inappmessage-tracking.schema.json has at least one example" time="0.0000" classname="components/fieldgroups/experience-event/experienceevent-inappmessage-tracking.schema.json has at least one example">
    </testcase>
    <testcase name="Presence of examples components/fieldgroups/experience-event/experienceevent-knowledge-base-details.schema.json has at least one example" time="0.0000" classname="components/fieldgroups/experience-event/experienceevent-knowledge-base-details.schema.json has at least one example">
    </testcase>
    <testcase name="Presence of examples components/fieldgroups/experience-event/experienceevent-marketing.schema.json has at least one example" time="0.0000" classname="components/fieldgroups/experience-event/experienceevent-marketing.schema.json has at least one example">
    </testcase>
    <testcase name="Presence of examples components/fieldgroups/experience-event/experienceevent-media-analytics.schema.json has at least one example" time="0.0000" classname="components/fieldgroups/experience-event/experienceevent-media-analytics.schema.json has at least one example">
    </testcase>
    <testcase name="Presence of examples components/fieldgroups/experience-event/experienceevent-offer-impression-details.schema.json has at least one example" time="0.0000" classname="components/fieldgroups/experience-event/experienceevent-offer-impression-details.schema.json has at least one example">
    </testcase>
    <testcase name="Presence of examples components/fieldgroups/experience-event/experienceevent-order-details.schema.json has at least one example" time="0.0000" classname="components/fieldgroups/experience-event/experienceevent-order-details.schema.json has at least one example">
    </testcase>
    <testcase name="Presence of examples components/fieldgroups/experience-event/experienceevent-privacy.schema.json has at least one example" time="0.0000" classname="components/fieldgroups/experience-event/experienceevent-privacy.schema.json has at least one example">
    </testcase>
    <testcase name="Presence of examples components/fieldgroups/experience-event/experienceevent-profile-stitch.schema.json has at least one example" time="0.0000" classname="components/fieldgroups/experience-event/experienceevent-profile-stitch.schema.json has at least one example">
    </testcase>
    <testcase name="Presence of examples components/fieldgroups/experience-event/experienceevent-pushtracking.schema.json has at least one example" time="0.0000" classname="components/fieldgroups/experience-event/experienceevent-pushtracking.schema.json has at least one example">
    </testcase>
    <testcase name="Presence of examples components/fieldgroups/experience-event/experienceevent-quote-request-details.schema.json has at least one example" time="0.0000" classname="components/fieldgroups/experience-event/experienceevent-quote-request-details.schema.json has at least one example">
    </testcase>
    <testcase name="Presence of examples components/fieldgroups/experience-event/experienceevent-reference-keys.schema.json has at least one example" time="0.0000" classname="components/fieldgroups/experience-event/experienceevent-reference-keys.schema.json has at least one example">
    </testcase>
    <testcase name="Presence of examples components/fieldgroups/experience-event/experienceevent-search.schema.json has at least one example" time="0.0000" classname="components/fieldgroups/experience-event/experienceevent-search.schema.json has at least one example">
    </testcase>
    <testcase name="Presence of examples components/fieldgroups/experience-event/experienceevent-segmentmembership.schema.json has at least one example" time="0.0000" classname="components/fieldgroups/experience-event/experienceevent-segmentmembership.schema.json has at least one example">
    </testcase>
    <testcase name="Presence of examples components/fieldgroups/experience-event/experienceevent-segments-list.schema.json has at least one example" time="0.0000" classname="components/fieldgroups/experience-event/experienceevent-segments-list.schema.json has at least one example">
    </testcase>
    <testcase name="Presence of examples components/fieldgroups/experience-event/experienceevent-service-payment-details.schema.json has at least one example" time="0.0000" classname="components/fieldgroups/experience-event/experienceevent-service-payment-details.schema.json has at least one example">
    </testcase>
    <testcase name="Presence of examples components/fieldgroups/experience-event/experienceevent-site-search.schema.json has at least one example" time="0.0000" classname="components/fieldgroups/experience-event/experienceevent-site-search.schema.json has at least one example">
    </testcase>
    <testcase name="Presence of examples components/fieldgroups/experience-event/experienceevent-social-network-usage-details.schema.json has at least one example" time="0.0000" classname="components/fieldgroups/experience-event/experienceevent-social-network-usage-details.schema.json has at least one example">
    </testcase>
    <testcase name="Presence of examples components/fieldgroups/experience-event/experienceevent-stitching.schema.json has at least one example" time="0.0000" classname="components/fieldgroups/experience-event/experienceevent-stitching.schema.json has at least one example">
    </testcase>
    <testcase name="Presence of examples components/fieldgroups/experience-event/experienceevent-support-site-search.schema.json has at least one example" time="0.0000" classname="components/fieldgroups/experience-event/experienceevent-support-site-search.schema.json has at least one example">
    </testcase>
    <testcase name="Presence of examples components/fieldgroups/experience-event/experienceevent-survey-response-details.schema.json has at least one example" time="0.0000" classname="components/fieldgroups/experience-event/experienceevent-survey-response-details.schema.json has at least one example">
    </testcase>
    <testcase name="Presence of examples components/fieldgroups/experience-event/experienceevent-technical-details.schema.json has at least one example" time="0.0000" classname="components/fieldgroups/experience-event/experienceevent-technical-details.schema.json has at least one example">
    </testcase>
    <testcase name="Presence of examples components/fieldgroups/experience-event/experienceevent-user-login-details.schema.json has at least one example" time="0.0000" classname="components/fieldgroups/experience-event/experienceevent-user-login-details.schema.json has at least one example">
    </testcase>
    <testcase name="Presence of examples components/fieldgroups/experience-event/experienceevent-web.schema.json has at least one example" time="0.0000" classname="components/fieldgroups/experience-event/experienceevent-web.schema.json has at least one example">
    </testcase>
    <testcase name="Presence of examples components/fieldgroups/experience-event/industry-verticals/experienceevent-alert-impressions.schema.json has at least one example" time="0.0000" classname="components/fieldgroups/experience-event/industry-verticals/experienceevent-alert-impressions.schema.json has at least one example">
    </testcase>
    <testcase name="Presence of examples components/fieldgroups/experience-event/industry-verticals/experienceevent-balance-transfers.schema.json has at least one example" time="0.0000" classname="components/fieldgroups/experience-event/industry-verticals/experienceevent-balance-transfers.schema.json has at least one example">
    </testcase>
    <testcase name="Presence of examples components/fieldgroups/experience-event/industry-verticals/experienceevent-bill-pay-details.schema.json has at least one example" time="0.0000" classname="components/fieldgroups/experience-event/industry-verticals/experienceevent-bill-pay-details.schema.json has at least one example">
    </testcase>
    <testcase name="Presence of examples components/fieldgroups/experience-event/industry-verticals/experienceevent-card-application-details.schema.json has at least one example" time="0.0000" classname="components/fieldgroups/experience-event/industry-verticals/experienceevent-card-application-details.schema.json has at least one example">
    </testcase>
    <testcase name="Presence of examples components/fieldgroups/experience-event/industry-verticals/experienceevent-claim-details.schema.json has at least one example" time="0.0000" classname="components/fieldgroups/experience-event/industry-verticals/experienceevent-claim-details.schema.json has at least one example">
    </testcase>
    <testcase name="Presence of examples components/fieldgroups/experience-event/industry-verticals/experienceevent-contact-request-details.schema.json has at least one example" time="0.0000" classname="components/fieldgroups/experience-event/industry-verticals/experienceevent-contact-request-details.schema.json has at least one example">
    </testcase>
    <testcase name="Presence of examples components/fieldgroups/experience-event/industry-verticals/experienceevent-credit-limit-increase-details.schema.json has at least one example" time="0.0000" classname="components/fieldgroups/experience-event/industry-verticals/experienceevent-credit-limit-increase-details.schema.json has at least one example">
    </testcase>
    <testcase name="Presence of examples components/fieldgroups/experience-event/industry-verticals/experienceevent-deposit-details.schema.json has at least one example" time="0.0000" classname="components/fieldgroups/experience-event/industry-verticals/experienceevent-deposit-details.schema.json has at least one example">
    </testcase>
    <testcase name="Presence of examples components/fieldgroups/experience-event/industry-verticals/experienceevent-device-trade-in-details.schema.json has at least one example" time="0.0000" classname="components/fieldgroups/experience-event/industry-verticals/experienceevent-device-trade-in-details.schema.json has at least one example">
    </testcase>
    <testcase name="Presence of examples components/fieldgroups/experience-event/industry-verticals/experienceevent-dining-reservation.schema.json has at least one example" time="0.0000" classname="components/fieldgroups/experience-event/industry-verticals/experienceevent-dining-reservation.schema.json has at least one example">
    </testcase>
    <testcase name="Presence of examples components/fieldgroups/experience-event/industry-verticals/experienceevent-flight-reservation.schema.json has at least one example" time="0.0000" classname="components/fieldgroups/experience-event/industry-verticals/experienceevent-flight-reservation.schema.json has at least one example">
    </testcase>
    <testcase name="Presence of examples components/fieldgroups/experience-event/industry-verticals/experienceevent-healthcare-sitetool.schema.json has at least one example" time="0.0000" classname="components/fieldgroups/experience-event/industry-verticals/experienceevent-healthcare-sitetool.schema.json has at least one example">
    </testcase>
    <testcase name="Presence of examples components/fieldgroups/experience-event/industry-verticals/experienceevent-insurance-claim-process.schema.json has at least one example" time="0.0000" classname="components/fieldgroups/experience-event/industry-verticals/experienceevent-insurance-claim-process.schema.json has at least one example">
    </testcase>
    <testcase name="Presence of examples components/fieldgroups/experience-event/industry-verticals/experienceevent-live-event-ticket-purchase.schema.json has at least one example" time="0.0000" classname="components/fieldgroups/experience-event/industry-verticals/experienceevent-live-event-ticket-purchase.schema.json has at least one example">
    </testcase>
    <testcase name="Presence of examples components/fieldgroups/experience-event/industry-verticals/experienceevent-loan-application-details.schema.json has at least one example" time="0.0000" classname="components/fieldgroups/experience-event/industry-verticals/experienceevent-loan-application-details.schema.json has at least one example">
    </testcase>
    <testcase name="Presence of examples components/fieldgroups/experience-event/industry-verticals/experienceevent-lodging-reservation.schema.json has at least one example" time="0.0000" classname="components/fieldgroups/experience-event/industry-verticals/experienceevent-lodging-reservation.schema.json has at least one example">
    </testcase>
    <testcase name="Presence of examples components/fieldgroups/experience-event/industry-verticals/experienceevent-prescription-details.schema.json has at least one example" time="0.0000" classname="components/fieldgroups/experience-event/industry-verticals/experienceevent-prescription-details.schema.json has at least one example">
    </testcase>
    <testcase name="Presence of examples components/fieldgroups/experience-event/industry-verticals/experienceevent-reservation-details.schema.json has at least one example" time="0.0000" classname="components/fieldgroups/experience-event/industry-verticals/experienceevent-reservation-details.schema.json has at least one example">
    </testcase>
    <testcase name="Presence of examples components/fieldgroups/experience-event/industry-verticals/experienceevent-reservation-search.schema.json has at least one example" time="0.0000" classname="components/fieldgroups/experience-event/industry-verticals/experienceevent-reservation-search.schema.json has at least one example">
    </testcase>
    <testcase name="Presence of examples components/fieldgroups/experience-event/industry-verticals/experienceevent-upgrade-details.schema.json has at least one example" time="0.0000" classname="components/fieldgroups/experience-event/industry-verticals/experienceevent-upgrade-details.schema.json has at least one example">
    </testcase>
    <testcase name="Presence of examples components/fieldgroups/experience-event/industry-verticals/experienceevent-upsell-details.schema.json has at least one example" time="0.0000" classname="components/fieldgroups/experience-event/industry-verticals/experienceevent-upsell-details.schema.json has at least one example">
    </testcase>
    <testcase name="Presence of examples components/fieldgroups/experience-event/industry-verticals/experienceevent-vehicle-reservation.schema.json has at least one example" time="0.0000" classname="components/fieldgroups/experience-event/industry-verticals/experienceevent-vehicle-reservation.schema.json has at least one example">
    </testcase>
    <testcase name="Presence of examples components/fieldgroups/experience-event/industry-verticals/experienceevent-warranty-claim-process.schema.json has at least one example" time="0.0000" classname="components/fieldgroups/experience-event/industry-verticals/experienceevent-warranty-claim-process.schema.json has at least one example">
    </testcase>
    <testcase name="Presence of examples components/fieldgroups/graphs/graph-edge.schema.json has at least one example" time="0.0000" classname="components/fieldgroups/graphs/graph-edge.schema.json has at least one example">
    </testcase>
    <testcase name="Presence of examples components/fieldgroups/graphs/graph-node.schema.json has at least one example" time="0.0000" classname="components/fieldgroups/graphs/graph-node.schema.json has at least one example">
    </testcase>
    <testcase name="Presence of examples components/fieldgroups/graphs/graph.schema.json has at least one example" time="0.0000" classname="components/fieldgroups/graphs/graph.schema.json has at least one example">
    </testcase>
    <testcase name="Presence of examples components/fieldgroups/intent/account-intent-details.schema.json has at least one example" time="0.0000" classname="components/fieldgroups/intent/account-intent-details.schema.json has at least one example">
    </testcase>
    <testcase name="Presence of examples components/fieldgroups/live-event-schedule/sports-entertainment-event-schedule.schema.json has at least one example" time="0.0000" classname="components/fieldgroups/live-event-schedule/sports-entertainment-event-schedule.schema.json has at least one example">
    </testcase>
    <testcase name="Presence of examples components/fieldgroups/location/sports-entertainment-event-venue.schema.json has at least one example" time="0.0000" classname="components/fieldgroups/location/sports-entertainment-event-venue.schema.json has at least one example">
    </testcase>
    <testcase name="Presence of examples components/fieldgroups/marketing-list/marketing-list-components.schema.json has at least one example" time="0.0000" classname="components/fieldgroups/marketing-list/marketing-list-components.schema.json has at least one example">
    </testcase>
    <testcase name="Presence of examples components/fieldgroups/marketing-list/marketing-list-member-components.schema.json has at least one example" time="0.0000" classname="components/fieldgroups/marketing-list/marketing-list-member-components.schema.json has at least one example">
    </testcase>
    <testcase name="Presence of examples components/fieldgroups/medication/healthcare-medication.schema.json has at least one example" time="0.0000" classname="components/fieldgroups/medication/healthcare-medication.schema.json has at least one example">
    </testcase>
    <testcase name="Presence of examples components/fieldgroups/opportunity-contact-role/opportunity-contact-role-details.schema.json has at least one example" time="0.0000" classname="components/fieldgroups/opportunity-contact-role/opportunity-contact-role-details.schema.json has at least one example">
    </testcase>
    <testcase name="Presence of examples components/fieldgroups/opportunity/opportunity-components.schema.json has at least one example" time="0.0000" classname="components/fieldgroups/opportunity/opportunity-components.schema.json has at least one example">
    </testcase>
    <testcase name="Presence of examples components/fieldgroups/opportunity/opportunity-details.schema.json has at least one example" time="0.0000" classname="components/fieldgroups/opportunity/opportunity-details.schema.json has at least one example">
    </testcase>
    <testcase name="Presence of examples components/fieldgroups/opportunity/opportunity-person-components.schema.json has at least one example" time="0.0000" classname="components/fieldgroups/opportunity/opportunity-person-components.schema.json has at least one example">
    </testcase>
    <testcase name="Presence of examples components/fieldgroups/plan/healthcare-plan-details.schema.json has at least one example" time="0.0000" classname="components/fieldgroups/plan/healthcare-plan-details.schema.json has at least one example">
    </testcase>
    <testcase name="Presence of examples components/fieldgroups/product/product-catalog-category.schema.json has at least one example" time="0.0000" classname="components/fieldgroups/product/product-catalog-category.schema.json has at least one example">
    </testcase>
    <testcase name="Presence of examples components/fieldgroups/product/product-catalog.schema.json has at least one example" time="0.0000" classname="components/fieldgroups/product/product-catalog.schema.json has at least one example">
    </testcase>
    <testcase name="Presence of examples components/fieldgroups/product/product-category.schema.json has at least one example" time="0.0000" classname="components/fieldgroups/product/product-category.schema.json has at least one example">
    </testcase>
    <testcase name="Presence of examples components/fieldgroups/product/product-identifiers.schema.json has at least one example" time="0.0000" classname="components/fieldgroups/product/product-identifiers.schema.json has at least one example">
    </testcase>
    <testcase name="Presence of examples components/fieldgroups/product/product-measurement.schema.json has at least one example" time="0.0000" classname="components/fieldgroups/product/product-measurement.schema.json has at least one example">
    </testcase>
    <testcase name="Presence of examples components/fieldgroups/profile/b2b-person-components.schema.json has at least one example" time="0.0000" classname="components/fieldgroups/profile/b2b-person-components.schema.json has at least one example">
    </testcase>
    <testcase name="Presence of examples components/fieldgroups/profile/b2b-person-details.schema.json has at least one example" time="0.0000" classname="components/fieldgroups/profile/b2b-person-details.schema.json has at least one example">
    </testcase>
    <testcase name="Presence of examples components/fieldgroups/profile/partner-profile-enrichment/profile-partner-enrichment-sample.schema.json has at least one example" time="0.0000" classname="components/fieldgroups/profile/partner-profile-enrichment/profile-partner-enrichment-sample.schema.json has at least one example">
    </testcase>
    <testcase name="Presence of examples components/fieldgroups/profile/partner-prospect/merkle/prospect-details-merkle-core.schema.json has at least one example" time="0.0000" classname="components/fieldgroups/profile/partner-prospect/merkle/prospect-details-merkle-core.schema.json has at least one example">
    </testcase>
    <testcase name="Presence of examples components/fieldgroups/profile/partner-prospect/merkle/prospect-details-merkle-corelogic.schema.json has at least one example" time="0.0000" classname="components/fieldgroups/profile/partner-prospect/merkle/prospect-details-merkle-corelogic.schema.json has at least one example">
    </testcase>
    <testcase name="Presence of examples components/fieldgroups/profile/partner-prospect/merkle/prospect-details-partner-sample.schema.json has at least one example" time="0.0000" classname="components/fieldgroups/profile/partner-prospect/merkle/prospect-details-partner-sample.schema.json has at least one example">
    </testcase>
    <testcase name="Presence of examples components/fieldgroups/profile/profile-consentResults.schema.json has at least one example" time="0.0000" classname="components/fieldgroups/profile/profile-consentResults.schema.json has at least one example">
    </testcase>
    <testcase name="Presence of examples components/fieldgroups/profile/profile-consentResultsv2.schema.json has at least one example" time="0.0000" classname="components/fieldgroups/profile/profile-consentResultsv2.schema.json has at least one example">
    </testcase>
    <testcase name="Presence of examples components/fieldgroups/profile/profile-consents.schema.json has at least one example" time="0.0000" classname="components/fieldgroups/profile/profile-consents.schema.json has at least one example">
    </testcase>
    <testcase name="Presence of examples components/fieldgroups/profile/profile-directmarketing.schema.json has at least one example" time="0.0000" classname="components/fieldgroups/profile/profile-directmarketing.schema.json has at least one example">
    </testcase>
    <testcase name="Presence of examples components/fieldgroups/profile/profile-healthcare-member.schema.json has at least one example" time="0.0000" classname="components/fieldgroups/profile/profile-healthcare-member.schema.json has at least one example">
    </testcase>
    <testcase name="Presence of examples components/fieldgroups/profile/profile-inferred-person.schema.json has at least one example" time="0.0000" classname="components/fieldgroups/profile/profile-inferred-person.schema.json has at least one example">
    </testcase>
    <testcase name="Presence of examples components/fieldgroups/profile/profile-loyalty-details.schema.json has at least one example" time="0.0000" classname="components/fieldgroups/profile/profile-loyalty-details.schema.json has at least one example">
    </testcase>
    <testcase name="Presence of examples components/fieldgroups/profile/profile-other-work-details.schema.json has at least one example" time="0.0000" classname="components/fieldgroups/profile/profile-other-work-details.schema.json has at least one example">
    </testcase>
    <testcase name="Presence of examples components/fieldgroups/profile/profile-owning-entities.schema.json has at least one example" time="0.0000" classname="components/fieldgroups/profile/profile-owning-entities.schema.json has at least one example">
    </testcase>
    <testcase name="Presence of examples components/fieldgroups/profile/profile-person-details.schema.json has at least one example" time="0.0000" classname="components/fieldgroups/profile/profile-person-details.schema.json has at least one example">
    </testcase>
    <testcase name="Presence of examples components/fieldgroups/profile/profile-personal-details.schema.json has at least one example" time="0.0000" classname="components/fieldgroups/profile/profile-personal-details.schema.json has at least one example">
    </testcase>
    <testcase name="Presence of examples components/fieldgroups/profile/profile-personal-finance-details.schema.json has at least one example" time="0.0000" classname="components/fieldgroups/profile/profile-personal-finance-details.schema.json has at least one example">
    </testcase>
    <testcase name="Presence of examples components/fieldgroups/profile/profile-personal-tax-profile-details.schema.json has at least one example" time="0.0000" classname="components/fieldgroups/profile/profile-personal-tax-profile-details.schema.json has at least one example">
    </testcase>
    <testcase name="Presence of examples components/fieldgroups/profile/profile-phones.schema.json has at least one example" time="0.0000" classname="components/fieldgroups/profile/profile-phones.schema.json has at least one example">
    </testcase>
    <testcase name="Presence of examples components/fieldgroups/profile/profile-preferences-details.schema.json has at least one example" time="0.0000" classname="components/fieldgroups/profile/profile-preferences-details.schema.json has at least one example">
    </testcase>
    <testcase name="Presence of examples components/fieldgroups/profile/profile-privacy.schema.json has at least one example" time="0.0000" classname="components/fieldgroups/profile/profile-privacy.schema.json has at least one example">
    </testcase>
    <testcase name="Presence of examples components/fieldgroups/profile/profile-push-details.schema.json has at least one example" time="0.0000" classname="components/fieldgroups/profile/profile-push-details.schema.json has at least one example">
    </testcase>
    <testcase name="Presence of examples components/fieldgroups/profile/profile-push-notification-details.schema.json has at least one example" time="0.0000" classname="components/fieldgroups/profile/profile-push-notification-details.schema.json has at least one example">
    </testcase>
    <testcase name="Presence of examples components/fieldgroups/profile/profile-responses.schema.json has at least one example" time="0.0000" classname="components/fieldgroups/profile/profile-responses.schema.json has at least one example">
    </testcase>
    <testcase name="Presence of examples components/fieldgroups/profile/profile-source-system-markers.schema.json has at least one example" time="0.0000" classname="components/fieldgroups/profile/profile-source-system-markers.schema.json has at least one example">
    </testcase>
    <testcase name="Presence of examples components/fieldgroups/profile/profile-subscriptions.schema.json has at least one example" time="0.0000" classname="components/fieldgroups/profile/profile-subscriptions.schema.json has at least one example">
    </testcase>
    <testcase name="Presence of examples components/fieldgroups/profile/profile-telecom-subscription.schema.json has at least one example" time="0.0000" classname="components/fieldgroups/profile/profile-telecom-subscription.schema.json has at least one example">
    </testcase>
    <testcase name="Presence of examples components/fieldgroups/profile/profile-test-profile.schema.json has at least one example" time="0.0000" classname="components/fieldgroups/profile/profile-test-profile.schema.json has at least one example">
    </testcase>
    <testcase name="Presence of examples components/fieldgroups/profile/profile-travel-preferences.schema.json has at least one example" time="0.0000" classname="components/fieldgroups/profile/profile-travel-preferences.schema.json has at least one example">
    </testcase>
    <testcase name="Presence of examples components/fieldgroups/profile/profile-user-account-details.schema.json has at least one example" time="0.0000" classname="components/fieldgroups/profile/profile-user-account-details.schema.json has at least one example">
    </testcase>
    <testcase name="Presence of examples components/fieldgroups/profile/profile-work-details.schema.json has at least one example" time="0.0000" classname="components/fieldgroups/profile/profile-work-details.schema.json has at least one example">
    </testcase>
    <testcase name="Presence of examples components/fieldgroups/provider/healthcare-provider-details.schema.json has at least one example" time="0.0000" classname="components/fieldgroups/provider/healthcare-provider-details.schema.json has at least one example">
    </testcase>
    <testcase name="Presence of examples components/fieldgroups/segment-definition/segmentdefinition-expression.schema.json has at least one example" time="0.0000" classname="components/fieldgroups/segment-definition/segmentdefinition-expression.schema.json has at least one example">
    </testcase>
    <testcase name="Presence of examples components/fieldgroups/shared/changeset.schema.json has at least one example" time="0.0000" classname="components/fieldgroups/shared/changeset.schema.json has at least one example">
    </testcase>
    <testcase name="Presence of examples components/fieldgroups/shared/current-weather.schema.json has at least one example" time="0.0000" classname="components/fieldgroups/shared/current-weather.schema.json has at least one example">
    </testcase>
    <testcase name="Presence of examples components/fieldgroups/shared/experienceevent-consumer.schema.json has at least one example" time="0.0000" classname="components/fieldgroups/shared/experienceevent-consumer.schema.json has at least one example">
    </testcase>
    <testcase name="Presence of examples components/fieldgroups/shared/external-source-system-audit-details.schema.json has at least one example" time="0.0000" classname="components/fieldgroups/shared/external-source-system-audit-details.schema.json has at least one example">
    </testcase>
    <testcase name="Presence of examples components/fieldgroups/shared/forecasted-weather.schema.json has at least one example" time="0.0000" classname="components/fieldgroups/shared/forecasted-weather.schema.json has at least one example">
    </testcase>
    <testcase name="Presence of examples components/fieldgroups/shared/identitymap.schema.json has at least one example" time="0.0000" classname="components/fieldgroups/shared/identitymap.schema.json has at least one example">
    </testcase>
    <testcase name="Presence of examples components/fieldgroups/shared/person-identifier.schema.json has at least one example" time="0.0000" classname="components/fieldgroups/shared/person-identifier.schema.json has at least one example">
    </testcase>
    <testcase name="Presence of examples components/fieldgroups/shared/product-triggers.schema.json has at least one example" time="0.0000" classname="components/fieldgroups/shared/product-triggers.schema.json has at least one example">
    </testcase>
    <testcase name="Presence of examples components/fieldgroups/shared/record-status.schema.json has at least one example" time="0.0000" classname="components/fieldgroups/shared/record-status.schema.json has at least one example">
    </testcase>
    <testcase name="Presence of examples components/fieldgroups/shared/relative-triggers.schema.json has at least one example" time="0.0000" classname="components/fieldgroups/shared/relative-triggers.schema.json has at least one example">
    </testcase>
    <testcase name="Presence of examples components/fieldgroups/shared/segmentation.schema.json has at least one example" time="0.0000" classname="components/fieldgroups/shared/segmentation.schema.json has at least one example">
    </testcase>
    <testcase name="Presence of examples components/fieldgroups/shared/severe-triggers.schema.json has at least one example" time="0.0000" classname="components/fieldgroups/shared/severe-triggers.schema.json has at least one example">
    </testcase>
    <testcase name="Presence of examples components/fieldgroups/shared/weather-triggers.schema.json has at least one example" time="0.0000" classname="components/fieldgroups/shared/weather-triggers.schema.json has at least one example">
    </testcase>
  </testsuite>
  <testsuite name="Loading of schemas" timestamp="2025-01-23T17:41:24" tests="701" file="/Users/anwankhe/Desktop/xdm/xdm/test/example-valid.js" time="0.8670" failures="0">
    <testcase name="Loading of schemas Loading schemas/computed-attributes/profile-computed-attributes.schema.json" time="0.0840" classname="Loading schemas/computed-attributes/profile-computed-attributes.schema.json">
    </testcase>
    <testcase name="Loading of schemas Loading schemas/descriptors/display/alternateDisplayInfo.schema.json" time="0.0090" classname="Loading schemas/descriptors/display/alternateDisplayInfo.schema.json">
    </testcase>
    <testcase name="Loading of schemas Loading schemas/descriptors/display/descriptorMetaEnumRemove.schema.json" time="0.0010" classname="Loading schemas/descriptors/display/descriptorMetaEnumRemove.schema.json">
    </testcase>
    <testcase name="Loading of schemas Loading schemas/descriptors/identity/descriptorIdentity.schema.json" time="0.0000" classname="Loading schemas/descriptors/identity/descriptorIdentity.schema.json">
    </testcase>
    <testcase name="Loading of schemas Loading schemas/descriptors/identity/descriptorReferenceIdentity.schema.json" time="0.0010" classname="Loading schemas/descriptors/identity/descriptorReferenceIdentity.schema.json">
    </testcase>
    <testcase name="Loading of schemas Loading schemas/descriptors/itemselector.schema.json" time="0.0000" classname="Loading schemas/descriptors/itemselector.schema.json">
    </testcase>
    <testcase name="Loading of schemas Loading schemas/descriptors/label/descriptorLabel.schema.json" time="0.0000" classname="Loading schemas/descriptors/label/descriptorLabel.schema.json">
    </testcase>
    <testcase name="Loading of schemas Loading schemas/descriptors/primarykey/descriptorPrimaryKey.schema.json" time="0.0010" classname="Loading schemas/descriptors/primarykey/descriptorPrimaryKey.schema.json">
    </testcase>
    <testcase name="Loading of schemas Loading schemas/descriptors/relationship/descriptorManyToMany.schema.json" time="0.0000" classname="Loading schemas/descriptors/relationship/descriptorManyToMany.schema.json">
    </testcase>
    <testcase name="Loading of schemas Loading schemas/descriptors/relationship/descriptorManyToOne.schema.json" time="0.0010" classname="Loading schemas/descriptors/relationship/descriptorManyToOne.schema.json">
    </testcase>
    <testcase name="Loading of schemas Loading schemas/descriptors/relationship/descriptorOneToMany.schema.json" time="0.0000" classname="Loading schemas/descriptors/relationship/descriptorOneToMany.schema.json">
    </testcase>
    <testcase name="Loading of schemas Loading schemas/descriptors/relationship/descriptorOneToOne.schema.json" time="0.0010" classname="Loading schemas/descriptors/relationship/descriptorOneToOne.schema.json">
    </testcase>
    <testcase name="Loading of schemas Loading schemas/descriptors/relationship/descriptorRelationship.schema.json" time="0.0010" classname="Loading schemas/descriptors/relationship/descriptorRelationship.schema.json">
    </testcase>
    <testcase name="Loading of schemas Loading schemas/descriptors/relationship/eventRelationship.schema.json" time="0.0010" classname="Loading schemas/descriptors/relationship/eventRelationship.schema.json">
    </testcase>
    <testcase name="Loading of schemas Loading schemas/descriptors/relationshipdescriptor.schema.json" time="0.0100" classname="Loading schemas/descriptors/relationshipdescriptor.schema.json">
    </testcase>
    <testcase name="Loading of schemas Loading schemas/descriptors/schemadescriptor.schema.json" time="0.0030" classname="Loading schemas/descriptors/schemadescriptor.schema.json">
    </testcase>
    <testcase name="Loading of schemas Loading schemas/descriptors/search/searchdescriptor.schema.json" time="0.0010" classname="Loading schemas/descriptors/search/searchdescriptor.schema.json">
    </testcase>
    <testcase name="Loading of schemas Loading schemas/descriptors/status/descriptorDeprecated.schema.json" time="0.0000" classname="Loading schemas/descriptors/status/descriptorDeprecated.schema.json">
    </testcase>
    <testcase name="Loading of schemas Loading schemas/descriptors/time-series/descriptorTimeSeriesGranularity.schema.json" time="0.0020" classname="Loading schemas/descriptors/time-series/descriptorTimeSeriesGranularity.schema.json">
    </testcase>
    <testcase name="Loading of schemas Loading schemas/descriptors/version/descriptorVersion.schema.json" time="0.0050" classname="Loading schemas/descriptors/version/descriptorVersion.schema.json">
    </testcase>
    <testcase name="Loading of schemas Loading schemas/destinations/destination-namespace.schema.json" time="0.0110" classname="Loading schemas/destinations/destination-namespace.schema.json">
    </testcase>
    <testcase name="Loading of schemas Loading schemas/destinations/destination-segment.schema.json" time="0.0050" classname="Loading schemas/destinations/destination-segment.schema.json">
    </testcase>
    <testcase name="Loading of schemas Loading schemas/destinations/destination.schema.json" time="0.0010" classname="Loading schemas/destinations/destination.schema.json">
    </testcase>
    <testcase name="Loading of schemas Loading schemas/destinations/solutions/analytics-experienceevent.schema.json" time="0.0010" classname="Loading schemas/destinations/solutions/analytics-experienceevent.schema.json">
    </testcase>
    <testcase name="Loading of schemas Loading schemas/hygiene/aep-hygiene-ops-record.schema.json" time="0.0010" classname="Loading schemas/hygiene/aep-hygiene-ops-record.schema.json">
    </testcase>
    <testcase name="Loading of schemas Loading schemas/hygiene/aep-hygiene.schema.json" time="0.0010" classname="Loading schemas/hygiene/aep-hygiene.schema.json">
    </testcase>
    <testcase name="Loading of schemas Loading schemas/identity/identity-graph-flattened-export.schema.json" time="0.0000" classname="Loading schemas/identity/identity-graph-flattened-export.schema.json">
    </testcase>
    <testcase name="Loading of schemas Loading schemas/identity/identity-namespace.schema.json" time="0.0010" classname="Loading schemas/identity/identity-namespace.schema.json">
    </testcase>
    <testcase name="Loading of schemas Loading schemas/insights-metrics/aep-insight-metrics.schema.json" time="0.0010" classname="Loading schemas/insights-metrics/aep-insight-metrics.schema.json">
    </testcase>
    <testcase name="Loading of schemas Loading schemas/insights-metrics/dim-segment.schema.json" time="0.0010" classname="Loading schemas/insights-metrics/dim-segment.schema.json">
    </testcase>
    <testcase name="Loading of schemas Loading schemas/lakehouse/aep-lakehouse-batch-errors.schema.json" time="0.0000" classname="Loading schemas/lakehouse/aep-lakehouse-batch-errors.schema.json">
    </testcase>
    <testcase name="Loading of schemas Loading schemas/lakehouse/aep-lakehouse-batch-input-files.schema.json" time="0.0000" classname="Loading schemas/lakehouse/aep-lakehouse-batch-input-files.schema.json">
    </testcase>
    <testcase name="Loading of schemas Loading schemas/lakehouse/aep-lakehouse-timeseries.schema.json" time="0.0000" classname="Loading schemas/lakehouse/aep-lakehouse-timeseries.schema.json">
    </testcase>
    <testcase name="Loading of schemas Loading schemas/notifications/ingestion.schema.json" time="0.0070" classname="Loading schemas/notifications/ingestion.schema.json">
    </testcase>
    <testcase name="Loading of schemas Loading schemas/privacy/consentidmap.schema.json" time="0.0070" classname="Loading schemas/privacy/consentidmap.schema.json">
    </testcase>
    <testcase name="Loading of schemas Loading schemas/target/target-classification.schema.json" time="0.0020" classname="Loading schemas/target/target-classification.schema.json">
    </testcase>
    <testcase name="Loading of schemas Loading components/behaviors/adhoc.schema.json" time="0.0000" classname="Loading components/behaviors/adhoc.schema.json">
    </testcase>
    <testcase name="Loading of schemas Loading components/behaviors/record.schema.json" time="0.0010" classname="Loading components/behaviors/record.schema.json">
    </testcase>
    <testcase name="Loading of schemas Loading components/behaviors/time-series.schema.json" time="0.0020" classname="Loading components/behaviors/time-series.schema.json">
    </testcase>
    <testcase name="Loading of schemas Loading components/classes/aircraft.schema.json" time="0.0020" classname="Loading components/classes/aircraft.schema.json">
    </testcase>
    <testcase name="Loading of schemas Loading components/classes/b2b/account_intent.schema.json" time="0.0020" classname="Loading components/classes/b2b/account_intent.schema.json">
    </testcase>
    <testcase name="Loading of schemas Loading components/classes/b2b/account-activity.schema.json" time="0.0080" classname="Loading components/classes/b2b/account-activity.schema.json">
    </testcase>
    <testcase name="Loading of schemas Loading components/classes/b2b/account-history.schema.json" time="0.0020" classname="Loading components/classes/b2b/account-history.schema.json">
    </testcase>
    <testcase name="Loading of schemas Loading components/classes/b2b/account-person.schema.json" time="0.0010" classname="Loading components/classes/b2b/account-person.schema.json">
    </testcase>
    <testcase name="Loading of schemas Loading components/classes/b2b/account.schema.json" time="0.0000" classname="Loading components/classes/b2b/account.schema.json">
    </testcase>
    <testcase name="Loading of schemas Loading components/classes/b2b/marketing-list-member.schema.json" time="0.0010" classname="Loading components/classes/b2b/marketing-list-member.schema.json">
    </testcase>
    <testcase name="Loading of schemas Loading components/classes/b2b/marketing-list.schema.json" time="0.0000" classname="Loading components/classes/b2b/marketing-list.schema.json">
    </testcase>
    <testcase name="Loading of schemas Loading components/classes/b2b/opportunity-contact-role.schema.json" time="0.0010" classname="Loading components/classes/b2b/opportunity-contact-role.schema.json">
    </testcase>
    <testcase name="Loading of schemas Loading components/classes/b2b/opportunity-person.schema.json" time="0.0000" classname="Loading components/classes/b2b/opportunity-person.schema.json">
    </testcase>
    <testcase name="Loading of schemas Loading components/classes/b2b/opportunity.schema.json" time="0.0000" classname="Loading components/classes/b2b/opportunity.schema.json">
    </testcase>
    <testcase name="Loading of schemas Loading components/classes/campaign-member.schema.json" time="0.0000" classname="Loading components/classes/campaign-member.schema.json">
    </testcase>
    <testcase name="Loading of schemas Loading components/classes/campaign.schema.json" time="0.0000" classname="Loading components/classes/campaign.schema.json">
    </testcase>
    <testcase name="Loading of schemas Loading components/classes/content-asset.schema.json" time="0.0020" classname="Loading components/classes/content-asset.schema.json">
    </testcase>
    <testcase name="Loading of schemas Loading components/classes/content-experience.schema.json" time="0.0080" classname="Loading components/classes/content-experience.schema.json">
    </testcase>
    <testcase name="Loading of schemas Loading components/classes/conversion.schema.json" time="0.0020" classname="Loading components/classes/conversion.schema.json">
    </testcase>
    <testcase name="Loading of schemas Loading components/classes/experienceevent.schema.json" time="0.0010" classname="Loading components/classes/experienceevent.schema.json">
    </testcase>
    <testcase name="Loading of schemas Loading components/classes/fsi/atm.schema.json" time="0.0000" classname="Loading components/classes/fsi/atm.schema.json">
    </testcase>
    <testcase name="Loading of schemas Loading components/classes/fsi/branch.schema.json" time="0.0010" classname="Loading components/classes/fsi/branch.schema.json">
    </testcase>
    <testcase name="Loading of schemas Loading components/classes/fsi/policy.schema.json" time="0.0010" classname="Loading components/classes/fsi/policy.schema.json">
    </testcase>
    <testcase name="Loading of schemas Loading components/classes/graphs.schema.json" time="0.0000" classname="Loading components/classes/graphs.schema.json">
    </testcase>
    <testcase name="Loading of schemas Loading components/classes/live-event-schedule.schema.json" time="0.0010" classname="Loading components/classes/live-event-schedule.schema.json">
    </testcase>
    <testcase name="Loading of schemas Loading components/classes/loan.schema.json" time="0.0000" classname="Loading components/classes/loan.schema.json">
    </testcase>
    <testcase name="Loading of schemas Loading components/classes/location.schema.json" time="0.0010" classname="Loading components/classes/location.schema.json">
    </testcase>
    <testcase name="Loading of schemas Loading components/classes/lodging-product.schema.json" time="0.0000" classname="Loading components/classes/lodging-product.schema.json">
    </testcase>
    <testcase name="Loading of schemas Loading components/classes/medication.schema.json" time="0.0000" classname="Loading components/classes/medication.schema.json">
    </testcase>
    <testcase name="Loading of schemas Loading components/classes/payer.schema.json" time="0.0000" classname="Loading components/classes/payer.schema.json">
    </testcase>
    <testcase name="Loading of schemas Loading components/classes/plan.schema.json" time="0.0000" classname="Loading components/classes/plan.schema.json">
    </testcase>
    <testcase name="Loading of schemas Loading components/classes/product.schema.json" time="0.0010" classname="Loading components/classes/product.schema.json">
    </testcase>
    <testcase name="Loading of schemas Loading components/classes/profile.schema.json" time="0.0000" classname="Loading components/classes/profile.schema.json">
    </testcase>
    <testcase name="Loading of schemas Loading components/classes/promotion.schema.json" time="0.0010" classname="Loading components/classes/promotion.schema.json">
    </testcase>
    <testcase name="Loading of schemas Loading components/classes/prospect-profile.schema.json" time="0.0000" classname="Loading components/classes/prospect-profile.schema.json">
    </testcase>
    <testcase name="Loading of schemas Loading components/classes/provider.schema.json" time="0.0010" classname="Loading components/classes/provider.schema.json">
    </testcase>
    <testcase name="Loading of schemas Loading components/classes/restaurant.schema.json" time="0.0010" classname="Loading components/classes/restaurant.schema.json">
    </testcase>
    <testcase name="Loading of schemas Loading components/classes/segmentdefinition.schema.json" time="0.0010" classname="Loading components/classes/segmentdefinition.schema.json">
    </testcase>
    <testcase name="Loading of schemas Loading components/classes/summary_metrics.schema.json" time="0.0000" classname="Loading components/classes/summary_metrics.schema.json">
    </testcase>
    <testcase name="Loading of schemas Loading components/classes/vehicle-product.schema.json" time="0.0010" classname="Loading components/classes/vehicle-product.schema.json">
    </testcase>
    <testcase name="Loading of schemas Loading components/classes/weather.schema.json" time="0.0000" classname="Loading components/classes/weather.schema.json">
    </testcase>
    <testcase name="Loading of schemas Loading components/common/identity.schema.json" time="0.0010" classname="Loading components/common/identity.schema.json">
    </testcase>
    <testcase name="Loading of schemas Loading components/datatypes/advertisingdetails.schema.json" time="0.0070" classname="Loading components/datatypes/advertisingdetails.schema.json">
    </testcase>
    <testcase name="Loading of schemas Loading components/datatypes/advertisingpoddetails.schema.json" time="0.0010" classname="Loading components/datatypes/advertisingpoddetails.schema.json">
    </testcase>
    <testcase name="Loading of schemas Loading components/datatypes/application.schema.json" time="0.0010" classname="Loading components/datatypes/application.schema.json">
    </testcase>
    <testcase name="Loading of schemas Loading components/datatypes/auditing/auditable.schema.json" time="0.0010" classname="Loading components/datatypes/auditing/auditable.schema.json">
    </testcase>
    <testcase name="Loading of schemas Loading components/datatypes/auditing/external-source-system-audit.schema.json" time="0.0000" classname="Loading components/datatypes/auditing/external-source-system-audit.schema.json">
    </testcase>
    <testcase name="Loading of schemas Loading components/datatypes/b2b/account-organization.schema.json" time="0.0010" classname="Loading components/datatypes/b2b/account-organization.schema.json">
    </testcase>
    <testcase name="Loading of schemas Loading components/datatypes/b2b/b2b-account.schema.json" time="0.0000" classname="Loading components/datatypes/b2b/b2b-account.schema.json">
    </testcase>
    <testcase name="Loading of schemas Loading components/datatypes/b2b/b2b-source.schema.json" time="0.0060" classname="Loading components/datatypes/b2b/b2b-source.schema.json">
    </testcase>
    <testcase name="Loading of schemas Loading components/datatypes/b2b/organization.schema.json" time="0.0040" classname="Loading components/datatypes/b2b/organization.schema.json">
    </testcase>
    <testcase name="Loading of schemas Loading components/datatypes/b2b/orgunit.schema.json" time="0.0010" classname="Loading components/datatypes/b2b/orgunit.schema.json">
    </testcase>
    <testcase name="Loading of schemas Loading components/datatypes/billing.schema.json" time="0.0000" classname="Loading components/datatypes/billing.schema.json">
    </testcase>
    <testcase name="Loading of schemas Loading components/datatypes/browserdetails.schema.json" time="0.0000" classname="Loading components/datatypes/browserdetails.schema.json">
    </testcase>
    <testcase name="Loading of schemas Loading components/datatypes/cart.schema.json" time="0.0010" classname="Loading components/datatypes/cart.schema.json">
    </testcase>
    <testcase name="Loading of schemas Loading components/datatypes/categorydata.schema.json" time="0.0000" classname="Loading components/datatypes/categorydata.schema.json">
    </testcase>
    <testcase name="Loading of schemas Loading components/datatypes/channels/application.schema.json" time="0.0010" classname="Loading components/datatypes/channels/application.schema.json">
    </testcase>
    <testcase name="Loading of schemas Loading components/datatypes/channels/channel.schema.json" time="0.0000" classname="Loading components/datatypes/channels/channel.schema.json">
    </testcase>
    <testcase name="Loading of schemas Loading components/datatypes/channels/phone.schema.json" time="0.0010" classname="Loading components/datatypes/channels/phone.schema.json">
    </testcase>
    <testcase name="Loading of schemas Loading components/datatypes/chapterdetails.schema.json" time="0.0000" classname="Loading components/datatypes/chapterdetails.schema.json">
    </testcase>
    <testcase name="Loading of schemas Loading components/datatypes/commercescope.schema.json" time="0.0010" classname="Loading components/datatypes/commercescope.schema.json">
    </testcase>
    <testcase name="Loading of schemas Loading components/datatypes/consent/consent-field.schema.json" time="0.0000" classname="Loading components/datatypes/consent/consent-field.schema.json">
    </testcase>
    <testcase name="Loading of schemas Loading components/datatypes/consent/consent-preferences.schema.json" time="0.0020" classname="Loading components/datatypes/consent/consent-preferences.schema.json">
    </testcase>
    <testcase name="Loading of schemas Loading components/datatypes/consent/consentstring.schema.json" time="0.0010" classname="Loading components/datatypes/consent/consentstring.schema.json">
    </testcase>
    <testcase name="Loading of schemas Loading components/datatypes/consent/marketing-field-basic.schema.json" time="0.0000" classname="Loading components/datatypes/consent/marketing-field-basic.schema.json">
    </testcase>
    <testcase name="Loading of schemas Loading components/datatypes/consent/marketing-field-subscription.schema.json" time="0.0010" classname="Loading components/datatypes/consent/marketing-field-subscription.schema.json">
    </testcase>
    <testcase name="Loading of schemas Loading components/datatypes/consent/personalization-field.schema.json" time="0.0000" classname="Loading components/datatypes/consent/personalization-field.schema.json">
    </testcase>
    <testcase name="Loading of schemas Loading components/datatypes/currency.schema.json" time="0.0000" classname="Loading components/datatypes/currency.schema.json">
    </testcase>
    <testcase name="Loading of schemas Loading components/datatypes/custommetadatadetails.schema.json" time="0.0000" classname="Loading components/datatypes/custommetadatadetails.schema.json">
    </testcase>
    <testcase name="Loading of schemas Loading components/datatypes/data/cart-abandons.schema.json" time="0.0010" classname="Loading components/datatypes/data/cart-abandons.schema.json">
    </testcase>
    <testcase name="Loading of schemas Loading components/datatypes/data/datasource.schema.json" time="0.0000" classname="Loading components/datatypes/data/datasource.schema.json">
    </testcase>
    <testcase name="Loading of schemas Loading components/datatypes/data/measure.schema.json" time="0.0010" classname="Loading components/datatypes/data/measure.schema.json">
    </testcase>
    <testcase name="Loading of schemas Loading components/datatypes/data/metricdefinition.schema.json" time="0.0000" classname="Loading components/datatypes/data/metricdefinition.schema.json">
    </testcase>
    <testcase name="Loading of schemas Loading components/datatypes/data/opens.schema.json" time="0.0010" classname="Loading components/datatypes/data/opens.schema.json">
    </testcase>
    <testcase name="Loading of schemas Loading components/datatypes/data/order.schema.json" time="0.0000" classname="Loading components/datatypes/data/order.schema.json">
    </testcase>
    <testcase name="Loading of schemas Loading components/datatypes/data/pageviews.schema.json" time="0.0010" classname="Loading components/datatypes/data/pageviews.schema.json">
    </testcase>
    <testcase name="Loading of schemas Loading components/datatypes/data/paymentitem.schema.json" time="0.0000" classname="Loading components/datatypes/data/paymentitem.schema.json">
    </testcase>
    <testcase name="Loading of schemas Loading components/datatypes/data/record-timeseries-events.schema.json" time="0.0010" classname="Loading components/datatypes/data/record-timeseries-events.schema.json">
    </testcase>
    <testcase name="Loading of schemas Loading components/datatypes/demographic/address.schema.json" time="0.0000" classname="Loading components/datatypes/demographic/address.schema.json">
    </testcase>
    <testcase name="Loading of schemas Loading components/datatypes/demographic/emailaddress.schema.json" time="0.0010" classname="Loading components/datatypes/demographic/emailaddress.schema.json">
    </testcase>
    <testcase name="Loading of schemas Loading components/datatypes/demographic/geo.schema.json" time="0.0000" classname="Loading components/datatypes/demographic/geo.schema.json">
    </testcase>
    <testcase name="Loading of schemas Loading components/datatypes/demographic/geounit.schema.json" time="0.0070" classname="Loading components/datatypes/demographic/geounit.schema.json">
    </testcase>
    <testcase name="Loading of schemas Loading components/datatypes/demographic/phonenumber.schema.json" time="0.0020" classname="Loading components/datatypes/demographic/phonenumber.schema.json">
    </testcase>
    <testcase name="Loading of schemas Loading components/datatypes/demographic/place.schema.json" time="0.0000" classname="Loading components/datatypes/demographic/place.schema.json">
    </testcase>
    <testcase name="Loading of schemas Loading components/datatypes/deprecated/advertising-timed-asset-reference.schema.json" time="0.0010" classname="Loading components/datatypes/deprecated/advertising-timed-asset-reference.schema.json">
    </testcase>
    <testcase name="Loading of schemas Loading components/datatypes/deprecated/advertising-timed-asset-view-details.schema.json" time="0.0010" classname="Loading components/datatypes/deprecated/advertising-timed-asset-view-details.schema.json">
    </testcase>
    <testcase name="Loading of schemas Loading components/datatypes/deprecated/adviewability.schema.json" time="0.0000" classname="Loading components/datatypes/deprecated/adviewability.schema.json">
    </testcase>
    <testcase name="Loading of schemas Loading components/datatypes/deprecated/beacon-interaction-details.schema.json" time="0.0010" classname="Loading components/datatypes/deprecated/beacon-interaction-details.schema.json">
    </testcase>
    <testcase name="Loading of schemas Loading components/datatypes/deprecated/bounces.schema.json" time="0.0000" classname="Loading components/datatypes/deprecated/bounces.schema.json">
    </testcase>
    <testcase name="Loading of schemas Loading components/datatypes/deprecated/checkouts.schema.json" time="0.0000" classname="Loading components/datatypes/deprecated/checkouts.schema.json">
    </testcase>
    <testcase name="Loading of schemas Loading components/datatypes/deprecated/deprecated-consentpreferences.schema.json" time="0.0020" classname="Loading components/datatypes/deprecated/deprecated-consentpreferences.schema.json">
    </testcase>
    <testcase name="Loading of schemas Loading components/datatypes/deprecated/email-interaction.schema.json" time="0.0010" classname="Loading components/datatypes/deprecated/email-interaction.schema.json">
    </testcase>
    <testcase name="Loading of schemas Loading components/datatypes/deprecated/identity-provider.schema.json" time="0.0000" classname="Loading components/datatypes/deprecated/identity-provider.schema.json">
    </testcase>
    <testcase name="Loading of schemas Loading components/datatypes/deprecated/impressions.schema.json" time="0.0000" classname="Loading components/datatypes/deprecated/impressions.schema.json">
    </testcase>
    <testcase name="Loading of schemas Loading components/datatypes/deprecated/linkclicks.schema.json" time="0.0010" classname="Loading components/datatypes/deprecated/linkclicks.schema.json">
    </testcase>
    <testcase name="Loading of schemas Loading components/datatypes/deprecated/media-timed-asset-reference.schema.json" time="0.0000" classname="Loading components/datatypes/deprecated/media-timed-asset-reference.schema.json">
    </testcase>
    <testcase name="Loading of schemas Loading components/datatypes/deprecated/media-timed-asset-view-details.schema.json" time="0.0010" classname="Loading components/datatypes/deprecated/media-timed-asset-view-details.schema.json">
    </testcase>
    <testcase name="Loading of schemas Loading components/datatypes/deprecated/media-timed-audio.schema.json" time="0.0000" classname="Loading components/datatypes/deprecated/media-timed-audio.schema.json">
    </testcase>
    <testcase name="Loading of schemas Loading components/datatypes/deprecated/media-timed-chapter-asset-reference.schema.json" time="0.0010" classname="Loading components/datatypes/deprecated/media-timed-chapter-asset-reference.schema.json">
    </testcase>
    <testcase name="Loading of schemas Loading components/datatypes/deprecated/media-timed-chapter-view-details.schema.json" time="0.0000" classname="Loading components/datatypes/deprecated/media-timed-chapter-view-details.schema.json">
    </testcase>
    <testcase name="Loading of schemas Loading components/datatypes/deprecated/media-timed-chapter.schema.json" time="0.0010" classname="Loading components/datatypes/deprecated/media-timed-chapter.schema.json">
    </testcase>
    <testcase name="Loading of schemas Loading components/datatypes/deprecated/media-timed-qoe.schema.json" time="0.0000" classname="Loading components/datatypes/deprecated/media-timed-qoe.schema.json">
    </testcase>
    <testcase name="Loading of schemas Loading components/datatypes/deprecated/media-timed.schema.json" time="0.0010" classname="Loading components/datatypes/deprecated/media-timed.schema.json">
    </testcase>
    <testcase name="Loading of schemas Loading components/datatypes/deprecated/media.schema.json" time="0.0020" classname="Loading components/datatypes/deprecated/media.schema.json">
    </testcase>
    <testcase name="Loading of schemas Loading components/datatypes/deprecated/meeting-interaction.schema.json" time="0.0010" classname="Loading components/datatypes/deprecated/meeting-interaction.schema.json">
    </testcase>
    <testcase name="Loading of schemas Loading components/datatypes/deprecated/mirror-pages.schema.json" time="0.0000" classname="Loading components/datatypes/deprecated/mirror-pages.schema.json">
    </testcase>
    <testcase name="Loading of schemas Loading components/datatypes/deprecated/non-deliverables.schema.json" time="0.0010" classname="Loading components/datatypes/deprecated/non-deliverables.schema.json">
    </testcase>
    <testcase name="Loading of schemas Loading components/datatypes/deprecated/not-sent.schema.json" time="0.0000" classname="Loading components/datatypes/deprecated/not-sent.schema.json">
    </testcase>
    <testcase name="Loading of schemas Loading components/datatypes/deprecated/optinout.schema.json" time="0.0010" classname="Loading components/datatypes/deprecated/optinout.schema.json">
    </testcase>
    <testcase name="Loading of schemas Loading components/datatypes/deprecated/phone-interaction.schema.json" time="0.0010" classname="Loading components/datatypes/deprecated/phone-interaction.schema.json">
    </testcase>
    <testcase name="Loading of schemas Loading components/datatypes/deprecated/player-state.schema.json" time="0.0000" classname="Loading components/datatypes/deprecated/player-state.schema.json">
    </testcase>
    <testcase name="Loading of schemas Loading components/datatypes/deprecated/poi-entries.schema.json" time="0.0010" classname="Loading components/datatypes/deprecated/poi-entries.schema.json">
    </testcase>
    <testcase name="Loading of schemas Loading components/datatypes/deprecated/poi-exits.schema.json" time="0.0000" classname="Loading components/datatypes/deprecated/poi-exits.schema.json">
    </testcase>
    <testcase name="Loading of schemas Loading components/datatypes/deprecated/poi-interaction.schema.json" time="0.0010" classname="Loading components/datatypes/deprecated/poi-interaction.schema.json">
    </testcase>
    <testcase name="Loading of schemas Loading components/datatypes/deprecated/principal.schema.json" time="0.0000" classname="Loading components/datatypes/deprecated/principal.schema.json">
    </testcase>
    <testcase name="Loading of schemas Loading components/datatypes/deprecated/product-list-adds.schema.json" time="0.0010" classname="Loading components/datatypes/deprecated/product-list-adds.schema.json">
    </testcase>
    <testcase name="Loading of schemas Loading components/datatypes/deprecated/product-list-opens.schema.json" time="0.0000" classname="Loading components/datatypes/deprecated/product-list-opens.schema.json">
    </testcase>
    <testcase name="Loading of schemas Loading components/datatypes/deprecated/product-list-removals.schema.json" time="0.0000" classname="Loading components/datatypes/deprecated/product-list-removals.schema.json">
    </testcase>
    <testcase name="Loading of schemas Loading components/datatypes/deprecated/product-list-reopens.schema.json" time="0.0000" classname="Loading components/datatypes/deprecated/product-list-reopens.schema.json">
    </testcase>
    <testcase name="Loading of schemas Loading components/datatypes/deprecated/product-list-views.schema.json" time="0.0000" classname="Loading components/datatypes/deprecated/product-list-views.schema.json">
    </testcase>
    <testcase name="Loading of schemas Loading components/datatypes/deprecated/product-views.schema.json" time="0.0010" classname="Loading components/datatypes/deprecated/product-views.schema.json">
    </testcase>
    <testcase name="Loading of schemas Loading components/datatypes/deprecated/purchases.schema.json" time="0.0000" classname="Loading components/datatypes/deprecated/purchases.schema.json">
    </testcase>
    <testcase name="Loading of schemas Loading components/datatypes/deprecated/save-for-laters.schema.json" time="0.0010" classname="Loading components/datatypes/deprecated/save-for-laters.schema.json">
    </testcase>
    <testcase name="Loading of schemas Loading components/datatypes/deprecated/sends.schema.json" time="0.0000" classname="Loading components/datatypes/deprecated/sends.schema.json">
    </testcase>
    <testcase name="Loading of schemas Loading components/datatypes/deprecated/unsubscriptions.schema.json" time="0.0000" classname="Loading components/datatypes/deprecated/unsubscriptions.schema.json">
    </testcase>
    <testcase name="Loading of schemas Loading components/datatypes/deprecated/user-complaints.schema.json" time="0.0010" classname="Loading components/datatypes/deprecated/user-complaints.schema.json">
    </testcase>
    <testcase name="Loading of schemas Loading components/datatypes/deprecated/webinteraction.schema.json" time="0.0000" classname="Loading components/datatypes/deprecated/webinteraction.schema.json">
    </testcase>
    <testcase name="Loading of schemas Loading components/datatypes/deprecated/webpagedetails.schema.json" time="0.0010" classname="Loading components/datatypes/deprecated/webpagedetails.schema.json">
    </testcase>
    <testcase name="Loading of schemas Loading components/datatypes/deprecated/webreferrer.schema.json" time="0.0000" classname="Loading components/datatypes/deprecated/webreferrer.schema.json">
    </testcase>
    <testcase name="Loading of schemas Loading components/datatypes/device.schema.json" time="0.0010" classname="Loading components/datatypes/device.schema.json">
    </testcase>
    <testcase name="Loading of schemas Loading components/datatypes/enduserids.schema.json" time="0.0010" classname="Loading components/datatypes/enduserids.schema.json">
    </testcase>
    <testcase name="Loading of schemas Loading components/datatypes/environment.schema.json" time="0.0000" classname="Loading components/datatypes/environment.schema.json">
    </testcase>
    <testcase name="Loading of schemas Loading components/datatypes/errordetails.schema.json" time="0.0010" classname="Loading components/datatypes/errordetails.schema.json">
    </testcase>
    <testcase name="Loading of schemas Loading components/datatypes/extensible.schema.json" time="0.0010" classname="Loading components/datatypes/extensible.schema.json">
    </testcase>
    <testcase name="Loading of schemas Loading components/datatypes/external/id3/audio.schema.json" time="0.0050" classname="Loading components/datatypes/external/id3/audio.schema.json">
    </testcase>
    <testcase name="Loading of schemas Loading components/datatypes/external/iptc/creator.schema.json" time="0.0060" classname="Loading components/datatypes/external/iptc/creator.schema.json">
    </testcase>
    <testcase name="Loading of schemas Loading components/datatypes/external/iptc/episode.schema.json" time="0.0030" classname="Loading components/datatypes/external/iptc/episode.schema.json">
    </testcase>
    <testcase name="Loading of schemas Loading components/datatypes/external/iptc/rating.schema.json" time="0.0010" classname="Loading components/datatypes/external/iptc/rating.schema.json">
    </testcase>
    <testcase name="Loading of schemas Loading components/datatypes/external/iptc/season.schema.json" time="0.0020" classname="Loading components/datatypes/external/iptc/season.schema.json">
    </testcase>
    <testcase name="Loading of schemas Loading components/datatypes/external/iptc/series.schema.json" time="0.0000" classname="Loading components/datatypes/external/iptc/series.schema.json">
    </testcase>
    <testcase name="Loading of schemas Loading components/datatypes/external/repo/common.schema.json" time="0.0000" classname="Loading components/datatypes/external/repo/common.schema.json">
    </testcase>
    <testcase name="Loading of schemas Loading components/datatypes/external/schema/geocircle.schema.json" time="0.0000" classname="Loading components/datatypes/external/schema/geocircle.schema.json">
    </testcase>
    <testcase name="Loading of schemas Loading components/datatypes/external/schema/geocoordinates.schema.json" time="0.0010" classname="Loading components/datatypes/external/schema/geocoordinates.schema.json">
    </testcase>
    <testcase name="Loading of schemas Loading components/datatypes/external/schema/geoshape.schema.json" time="0.0010" classname="Loading components/datatypes/external/schema/geoshape.schema.json">
    </testcase>
    <testcase name="Loading of schemas Loading components/datatypes/geo-interaction-details.schema.json" time="0.0000" classname="Loading components/datatypes/geo-interaction-details.schema.json">
    </testcase>
    <testcase name="Loading of schemas Loading components/datatypes/identity.schema.json" time="0.0010" classname="Loading components/datatypes/identity.schema.json">
    </testcase>
    <testcase name="Loading of schemas Loading components/datatypes/identityitem.schema.json" time="0.0000" classname="Loading components/datatypes/identityitem.schema.json">
    </testcase>
    <testcase name="Loading of schemas Loading components/datatypes/industry-verticals/claim.schema.json" time="0.0010" classname="Loading components/datatypes/industry-verticals/claim.schema.json">
    </testcase>
    <testcase name="Loading of schemas Loading components/datatypes/industry-verticals/comparisons.schema.json" time="0.0010" classname="Loading components/datatypes/industry-verticals/comparisons.schema.json">
    </testcase>
    <testcase name="Loading of schemas Loading components/datatypes/industry-verticals/file-transfer.schema.json" time="0.0000" classname="Loading components/datatypes/industry-verticals/file-transfer.schema.json">
    </testcase>
    <testcase name="Loading of schemas Loading components/datatypes/industry-verticals/financial-account.schema.json" time="0.0010" classname="Loading components/datatypes/industry-verticals/financial-account.schema.json">
    </testcase>
    <testcase name="Loading of schemas Loading components/datatypes/industry-verticals/form-applications.schema.json" time="0.0010" classname="Loading components/datatypes/industry-verticals/form-applications.schema.json">
    </testcase>
    <testcase name="Loading of schemas Loading components/datatypes/industry-verticals/implementationdetails.schema.json" time="0.0060" classname="Loading components/datatypes/industry-verticals/implementationdetails.schema.json">
    </testcase>
    <testcase name="Loading of schemas Loading components/datatypes/industry-verticals/impressions.schema.json" time="0.0010" classname="Loading components/datatypes/industry-verticals/impressions.schema.json">
    </testcase>
    <testcase name="Loading of schemas Loading components/datatypes/industry-verticals/internal-site-search.schema.json" time="0.0010" classname="Loading components/datatypes/industry-verticals/internal-site-search.schema.json">
    </testcase>
    <testcase name="Loading of schemas Loading components/datatypes/industry-verticals/selfservice.schema.json" time="0.0010" classname="Loading components/datatypes/industry-verticals/selfservice.schema.json">
    </testcase>
    <testcase name="Loading of schemas Loading components/datatypes/industry-verticals/subscription.schema.json" time="0.0100" classname="Loading components/datatypes/industry-verticals/subscription.schema.json">
    </testcase>
    <testcase name="Loading of schemas Loading components/datatypes/industry-verticals/telecom-subscription.schema.json" time="0.0010" classname="Loading components/datatypes/industry-verticals/telecom-subscription.schema.json">
    </testcase>
    <testcase name="Loading of schemas Loading components/datatypes/industry-verticals/tool-usage.schema.json" time="0.0000" classname="Loading components/datatypes/industry-verticals/tool-usage.schema.json">
    </testcase>
    <testcase name="Loading of schemas Loading components/datatypes/industry-verticals/transaction.schema.json" time="0.0010" classname="Loading components/datatypes/industry-verticals/transaction.schema.json">
    </testcase>
    <testcase name="Loading of schemas Loading components/datatypes/keyedlist.schema.json" time="0.0000" classname="Loading components/datatypes/keyedlist.schema.json">
    </testcase>
    <testcase name="Loading of schemas Loading components/datatypes/keyvalue.schema.json" time="0.0010" classname="Loading components/datatypes/keyvalue.schema.json">
    </testcase>
    <testcase name="Loading of schemas Loading components/datatypes/marketing/advertising-break.schema.json" time="0.0010" classname="Loading components/datatypes/marketing/advertising-break.schema.json">
    </testcase>
    <testcase name="Loading of schemas Loading components/datatypes/marketing/advertising.schema.json" time="0.0060" classname="Loading components/datatypes/marketing/advertising.schema.json">
    </testcase>
    <testcase name="Loading of schemas Loading components/datatypes/marketing/commerce.schema.json" time="0.0020" classname="Loading components/datatypes/marketing/commerce.schema.json">
    </testcase>
    <testcase name="Loading of schemas Loading components/datatypes/marketing/direct-marketing.schema.json" time="0.0010" classname="Loading components/datatypes/marketing/direct-marketing.schema.json">
    </testcase>
    <testcase name="Loading of schemas Loading components/datatypes/marketing/directmarketing-address.schema.json" time="0.0000" classname="Loading components/datatypes/marketing/directmarketing-address.schema.json">
    </testcase>
    <testcase name="Loading of schemas Loading components/datatypes/marketing/directmarketing-emailaddress.schema.json" time="0.0010" classname="Loading components/datatypes/marketing/directmarketing-emailaddress.schema.json">
    </testcase>
    <testcase name="Loading of schemas Loading components/datatypes/marketing/directmarketing-phonenumber.schema.json" time="0.0000" classname="Loading components/datatypes/marketing/directmarketing-phonenumber.schema.json">
    </testcase>
    <testcase name="Loading of schemas Loading components/datatypes/marketing/marketing.schema.json" time="0.0000" classname="Loading components/datatypes/marketing/marketing.schema.json">
    </testcase>
    <testcase name="Loading of schemas Loading components/datatypes/mediadetails.schema.json" time="0.0010" classname="Loading components/datatypes/mediadetails.schema.json">
    </testcase>
    <testcase name="Loading of schemas Loading components/datatypes/mediaevent.schema.json" time="0.0000" classname="Loading components/datatypes/mediaevent.schema.json">
    </testcase>
    <testcase name="Loading of schemas Loading components/datatypes/namespace.schema.json" time="0.0010" classname="Loading components/datatypes/namespace.schema.json">
    </testcase>
    <testcase name="Loading of schemas Loading components/datatypes/optinout-additional-details.schema.json" time="0.0060" classname="Loading components/datatypes/optinout-additional-details.schema.json">
    </testcase>
    <testcase name="Loading of schemas Loading components/datatypes/page.schema.json" time="0.0010" classname="Loading components/datatypes/page.schema.json">
    </testcase>
    <testcase name="Loading of schemas Loading components/datatypes/person/person-name.schema.json" time="0.0010" classname="Loading components/datatypes/person/person-name.schema.json">
    </testcase>
    <testcase name="Loading of schemas Loading components/datatypes/person/person.schema.json" time="0.0000" classname="Loading components/datatypes/person/person.schema.json">
    </testcase>
    <testcase name="Loading of schemas Loading components/datatypes/placecontext.schema.json" time="0.0030" classname="Loading components/datatypes/placecontext.schema.json">
    </testcase>
    <testcase name="Loading of schemas Loading components/datatypes/playerstatedata.schema.json" time="0.0000" classname="Loading components/datatypes/playerstatedata.schema.json">
    </testcase>
    <testcase name="Loading of schemas Loading components/datatypes/poi-detail.schema.json" time="0.0010" classname="Loading components/datatypes/poi-detail.schema.json">
    </testcase>
    <testcase name="Loading of schemas Loading components/datatypes/product.schema.json" time="0.0010" classname="Loading components/datatypes/product.schema.json">
    </testcase>
    <testcase name="Loading of schemas Loading components/datatypes/productlistitem.schema.json" time="0.0000" classname="Loading components/datatypes/productlistitem.schema.json">
    </testcase>
    <testcase name="Loading of schemas Loading components/datatypes/profilestitch.schema.json" time="0.0010" classname="Loading components/datatypes/profilestitch.schema.json">
    </testcase>
    <testcase name="Loading of schemas Loading components/datatypes/profilestitchidentity.schema.json" time="0.0020" classname="Loading components/datatypes/profilestitchidentity.schema.json">
    </testcase>
    <testcase name="Loading of schemas Loading components/datatypes/pushdetail.schema.json" time="0.0010" classname="Loading components/datatypes/pushdetail.schema.json">
    </testcase>
    <testcase name="Loading of schemas Loading components/datatypes/pushnotificationtoken.schema.json" time="0.0000" classname="Loading components/datatypes/pushnotificationtoken.schema.json">
    </testcase>
    <testcase name="Loading of schemas Loading components/datatypes/qoedatadetails.schema.json" time="0.0010" classname="Loading components/datatypes/qoedatadetails.schema.json">
    </testcase>
    <testcase name="Loading of schemas Loading components/datatypes/refunditem.schema.json" time="0.0000" classname="Loading components/datatypes/refunditem.schema.json">
    </testcase>
    <testcase name="Loading of schemas Loading components/datatypes/requisitionlist.schema.json" time="0.0000" classname="Loading components/datatypes/requisitionlist.schema.json">
    </testcase>
    <testcase name="Loading of schemas Loading components/datatypes/return.schema.json" time="0.0010" classname="Loading components/datatypes/return.schema.json">
    </testcase>
    <testcase name="Loading of schemas Loading components/datatypes/returnitem.schema.json" time="0.0000" classname="Loading components/datatypes/returnitem.schema.json">
    </testcase>
    <testcase name="Loading of schemas Loading components/datatypes/search.schema.json" time="0.0000" classname="Loading components/datatypes/search.schema.json">
    </testcase>
    <testcase name="Loading of schemas Loading components/datatypes/segmentidentity.schema.json" time="0.0010" classname="Loading components/datatypes/segmentidentity.schema.json">
    </testcase>
    <testcase name="Loading of schemas Loading components/datatypes/segmentmembership.schema.json" time="0.0020" classname="Loading components/datatypes/segmentmembership.schema.json">
    </testcase>
    <testcase name="Loading of schemas Loading components/datatypes/segmentmembershipitem.schema.json" time="0.0050" classname="Loading components/datatypes/segmentmembershipitem.schema.json">
    </testcase>
    <testcase name="Loading of schemas Loading components/datatypes/sessiondetails.schema.json" time="0.0020" classname="Loading components/datatypes/sessiondetails.schema.json">
    </testcase>
    <testcase name="Loading of schemas Loading components/datatypes/shipping.schema.json" time="0.0000" classname="Loading components/datatypes/shipping.schema.json">
    </testcase>
    <testcase name="Loading of schemas Loading components/datatypes/sitesearch.schema.json" time="0.0010" classname="Loading components/datatypes/sitesearch.schema.json">
    </testcase>
    <testcase name="Loading of schemas Loading components/datatypes/store-web-order.schema.json" time="0.0000" classname="Loading components/datatypes/store-web-order.schema.json">
    </testcase>
    <testcase name="Loading of schemas Loading components/datatypes/webinfo.schema.json" time="0.0010" classname="Loading components/datatypes/webinfo.schema.json">
    </testcase>
    <testcase name="Loading of schemas Loading components/fieldgroups/account-person/account-person-details.schema.json" time="0.0000" classname="Loading components/fieldgroups/account-person/account-person-details.schema.json">
    </testcase>
    <testcase name="Loading of schemas Loading components/fieldgroups/account/account-components.schema.json" time="0.0000" classname="Loading components/fieldgroups/account/account-components.schema.json">
    </testcase>
    <testcase name="Loading of schemas Loading components/fieldgroups/account/account-details.schema.json" time="0.0010" classname="Loading components/fieldgroups/account/account-details.schema.json">
    </testcase>
    <testcase name="Loading of schemas Loading components/fieldgroups/account/account-person-components.schema.json" time="0.0000" classname="Loading components/fieldgroups/account/account-person-components.schema.json">
    </testcase>
    <testcase name="Loading of schemas Loading components/fieldgroups/account/events/account-data-value-change.schema.json" time="0.0010" classname="Loading components/fieldgroups/account/events/account-data-value-change.schema.json">
    </testcase>
    <testcase name="Loading of schemas Loading components/fieldgroups/account/events/account-interesting-moment.schema.json" time="0.0010" classname="Loading components/fieldgroups/account/events/account-interesting-moment.schema.json">
    </testcase>
    <testcase name="Loading of schemas Loading components/fieldgroups/account/events/account-score-change.schema.json" time="0.0000" classname="Loading components/fieldgroups/account/events/account-score-change.schema.json">
    </testcase>
    <testcase name="Loading of schemas Loading components/fieldgroups/account/events/add-to-account-list-change.schema.json" time="0.0080" classname="Loading components/fieldgroups/account/events/add-to-account-list-change.schema.json">
    </testcase>
    <testcase name="Loading of schemas Loading components/fieldgroups/account/events/add-to-journey.schema.json" time="0.0010" classname="Loading components/fieldgroups/account/events/add-to-journey.schema.json">
    </testcase>
    <testcase name="Loading of schemas Loading components/fieldgroups/account/events/remove-from-account-list-change.schema.json" time="0.0060" classname="Loading components/fieldgroups/account/events/remove-from-account-list-change.schema.json">
    </testcase>
    <testcase name="Loading of schemas Loading components/fieldgroups/account/events/remove-from-journey.schema.json" time="0.0020" classname="Loading components/fieldgroups/account/events/remove-from-journey.schema.json">
    </testcase>
    <testcase name="Loading of schemas Loading components/fieldgroups/account/related-accounts.schema.json" time="0.0000" classname="Loading components/fieldgroups/account/related-accounts.schema.json">
    </testcase>
    <testcase name="Loading of schemas Loading components/fieldgroups/campaign-member/campaign-member-components.schema.json" time="0.0010" classname="Loading components/fieldgroups/campaign-member/campaign-member-components.schema.json">
    </testcase>
    <testcase name="Loading of schemas Loading components/fieldgroups/campaign-member/campaign-member-details.schema.json" time="0.0010" classname="Loading components/fieldgroups/campaign-member/campaign-member-details.schema.json">
    </testcase>
    <testcase name="Loading of schemas Loading components/fieldgroups/campaign/campaign-components.schema.json" time="0.0000" classname="Loading components/fieldgroups/campaign/campaign-components.schema.json">
    </testcase>
    <testcase name="Loading of schemas Loading components/fieldgroups/campaign/campaign-details.schema.json" time="0.0010" classname="Loading components/fieldgroups/campaign/campaign-details.schema.json">
    </testcase>
    <testcase name="Loading of schemas Loading components/fieldgroups/conversion/currency-conversion-details.schema.json" time="0.0000" classname="Loading components/fieldgroups/conversion/currency-conversion-details.schema.json">
    </testcase>
    <testcase name="Loading of schemas Loading components/fieldgroups/deprecated/deprecated-profile-consent.schema.json" time="0.0010" classname="Loading components/fieldgroups/deprecated/deprecated-profile-consent.schema.json">
    </testcase>
    <testcase name="Loading of schemas Loading components/fieldgroups/deprecated/experienceevent-alert-setup-steps.schema.json" time="0.0000" classname="Loading components/fieldgroups/deprecated/experienceevent-alert-setup-steps.schema.json">
    </testcase>
    <testcase name="Loading of schemas Loading components/fieldgroups/deprecated/experienceevent-appointment-request-steps.schema.json" time="0.0010" classname="Loading components/fieldgroups/deprecated/experienceevent-appointment-request-steps.schema.json">
    </testcase>
    <testcase name="Loading of schemas Loading components/fieldgroups/deprecated/experienceevent-autopay-enrollment-details.schema.json" time="0.0010" classname="Loading components/fieldgroups/deprecated/experienceevent-autopay-enrollment-details.schema.json">
    </testcase>
    <testcase name="Loading of schemas Loading components/fieldgroups/deprecated/experienceevent-dispute-steps.schema.json" time="0.0000" classname="Loading components/fieldgroups/deprecated/experienceevent-dispute-steps.schema.json">
    </testcase>
    <testcase name="Loading of schemas Loading components/fieldgroups/deprecated/experienceevent-enduserids-deprecated.schema.json" time="0.0000" classname="Loading components/fieldgroups/deprecated/experienceevent-enduserids-deprecated.schema.json">
    </testcase>
    <testcase name="Loading of schemas Loading components/fieldgroups/deprecated/experienceevent-financial-account-creation-steps.schema.json" time="0.0010" classname="Loading components/fieldgroups/deprecated/experienceevent-financial-account-creation-steps.schema.json">
    </testcase>
    <testcase name="Loading of schemas Loading components/fieldgroups/deprecated/experienceevent-financial-calculator-steps.schema.json" time="0.0000" classname="Loading components/fieldgroups/deprecated/experienceevent-financial-calculator-steps.schema.json">
    </testcase>
    <testcase name="Loading of schemas Loading components/fieldgroups/deprecated/experienceevent-media.schema.json" time="0.0010" classname="Loading components/fieldgroups/deprecated/experienceevent-media.schema.json">
    </testcase>
    <testcase name="Loading of schemas Loading components/fieldgroups/deprecated/experienceevent-paperless-enrollment-steps.schema.json" time="0.0000" classname="Loading components/fieldgroups/deprecated/experienceevent-paperless-enrollment-steps.schema.json">
    </testcase>
    <testcase name="Loading of schemas Loading components/fieldgroups/deprecated/experienceevent-referral-steps.schema.json" time="0.0000" classname="Loading components/fieldgroups/deprecated/experienceevent-referral-steps.schema.json">
    </testcase>
    <testcase name="Loading of schemas Loading components/fieldgroups/deprecated/experienceevent-request-credit-score-steps.schema.json" time="0.0000" classname="Loading components/fieldgroups/deprecated/experienceevent-request-credit-score-steps.schema.json">
    </testcase>
    <testcase name="Loading of schemas Loading components/fieldgroups/deprecated/experienceevent-support-request.schema.json" time="0.0010" classname="Loading components/fieldgroups/deprecated/experienceevent-support-request.schema.json">
    </testcase>
    <testcase name="Loading of schemas Loading components/fieldgroups/deprecated/experienceevent-watchlist-steps.schema.json" time="0.0000" classname="Loading components/fieldgroups/deprecated/experienceevent-watchlist-steps.schema.json">
    </testcase>
    <testcase name="Loading of schemas Loading components/fieldgroups/deprecated/profile-identities-deprecated.schema.json" time="0.0010" classname="Loading components/fieldgroups/deprecated/profile-identities-deprecated.schema.json">
    </testcase>
    <testcase name="Loading of schemas Loading components/fieldgroups/deprecated/profile-person-details-v2.schema.json" time="0.0000" classname="Loading components/fieldgroups/deprecated/profile-person-details-v2.schema.json">
    </testcase>
    <testcase name="Loading of schemas Loading components/fieldgroups/experience-event/events/add-to-campaign.schema.json" time="0.0000" classname="Loading components/fieldgroups/experience-event/events/add-to-campaign.schema.json">
    </testcase>
    <testcase name="Loading of schemas Loading components/fieldgroups/experience-event/events/add-to-list.schema.json" time="0.0000" classname="Loading components/fieldgroups/experience-event/events/add-to-list.schema.json">
    </testcase>
    <testcase name="Loading of schemas Loading components/fieldgroups/experience-event/events/add-to-opportunity.schema.json" time="0.0010" classname="Loading components/fieldgroups/experience-event/events/add-to-opportunity.schema.json">
    </testcase>
    <testcase name="Loading of schemas Loading components/fieldgroups/experience-event/events/asks-questions-in-webinar.schema.json" time="0.0010" classname="Loading components/fieldgroups/experience-event/events/asks-questions-in-webinar.schema.json">
    </testcase>
    <testcase name="Loading of schemas Loading components/fieldgroups/experience-event/events/asset-downloads-in-webinar.schema.json" time="0.0030" classname="Loading components/fieldgroups/experience-event/events/asset-downloads-in-webinar.schema.json">
    </testcase>
    <testcase name="Loading of schemas Loading components/fieldgroups/experience-event/events/call-to-action-clicked-in-webinar.schema.json" time="0.0010" classname="Loading components/fieldgroups/experience-event/events/call-to-action-clicked-in-webinar.schema.json">
    </testcase>
    <testcase name="Loading of schemas Loading components/fieldgroups/experience-event/events/callwebhook.schema.json" time="0.0000" classname="Loading components/fieldgroups/experience-event/events/callwebhook.schema.json">
    </testcase>
    <testcase name="Loading of schemas Loading components/fieldgroups/experience-event/events/change-campaign-cadence.schema.json" time="0.0010" classname="Loading components/fieldgroups/experience-event/events/change-campaign-cadence.schema.json">
    </testcase>
    <testcase name="Loading of schemas Loading components/fieldgroups/experience-event/events/change-campaign-stream.schema.json" time="0.0000" classname="Loading components/fieldgroups/experience-event/events/change-campaign-stream.schema.json">
    </testcase>
    <testcase name="Loading of schemas Loading components/fieldgroups/experience-event/events/convert-lead.schema.json" time="0.0010" classname="Loading components/fieldgroups/experience-event/events/convert-lead.schema.json">
    </testcase>
    <testcase name="Loading of schemas Loading components/fieldgroups/experience-event/events/emailbounced.schema.json" time="0.0000" classname="Loading components/fieldgroups/experience-event/events/emailbounced.schema.json">
    </testcase>
    <testcase name="Loading of schemas Loading components/fieldgroups/experience-event/events/emailbouncedsoft.schema.json" time="0.0010" classname="Loading components/fieldgroups/experience-event/events/emailbouncedsoft.schema.json">
    </testcase>
    <testcase name="Loading of schemas Loading components/fieldgroups/experience-event/events/emailclicked.schema.json" time="0.0000" classname="Loading components/fieldgroups/experience-event/events/emailclicked.schema.json">
    </testcase>
    <testcase name="Loading of schemas Loading components/fieldgroups/experience-event/events/emaildelivered.schema.json" time="0.0010" classname="Loading components/fieldgroups/experience-event/events/emaildelivered.schema.json">
    </testcase>
    <testcase name="Loading of schemas Loading components/fieldgroups/experience-event/events/emailopened.schema.json" time="0.0000" classname="Loading components/fieldgroups/experience-event/events/emailopened.schema.json">
    </testcase>
    <testcase name="Loading of schemas Loading components/fieldgroups/experience-event/events/emailsent.schema.json" time="0.0010" classname="Loading components/fieldgroups/experience-event/events/emailsent.schema.json">
    </testcase>
    <testcase name="Loading of schemas Loading components/fieldgroups/experience-event/events/emailunsubscribed.schema.json" time="0.0010" classname="Loading components/fieldgroups/experience-event/events/emailunsubscribed.schema.json">
    </testcase>
    <testcase name="Loading of schemas Loading components/fieldgroups/experience-event/events/engaged-with-agent-in-conversational-flow.schema.json" time="0.0010" classname="Loading components/fieldgroups/experience-event/events/engaged-with-agent-in-conversational-flow.schema.json">
    </testcase>
    <testcase name="Loading of schemas Loading components/fieldgroups/experience-event/events/engaged-with-dialogue.schema.json" time="0.0010" classname="Loading components/fieldgroups/experience-event/events/engaged-with-dialogue.schema.json">
    </testcase>
    <testcase name="Loading of schemas Loading components/fieldgroups/experience-event/events/formfilledout.schema.json" time="0.0000" classname="Loading components/fieldgroups/experience-event/events/formfilledout.schema.json">
    </testcase>
    <testcase name="Loading of schemas Loading components/fieldgroups/experience-event/events/interacted-with-document-in-dialogue.schema.json" time="0.0010" classname="Loading components/fieldgroups/experience-event/events/interacted-with-document-in-dialogue.schema.json">
    </testcase>
    <testcase name="Loading of schemas Loading components/fieldgroups/experience-event/events/interacted-with-document-in-flow.schema.json" time="0.0010" classname="Loading components/fieldgroups/experience-event/events/interacted-with-document-in-flow.schema.json">
    </testcase>
    <testcase name="Loading of schemas Loading components/fieldgroups/experience-event/events/interesting-moment.schema.json" time="0.0000" classname="Loading components/fieldgroups/experience-event/events/interesting-moment.schema.json">
    </testcase>
    <testcase name="Loading of schemas Loading components/fieldgroups/experience-event/events/linkclicks.schema.json" time="0.0010" classname="Loading components/fieldgroups/experience-event/events/linkclicks.schema.json">
    </testcase>
    <testcase name="Loading of schemas Loading components/fieldgroups/experience-event/events/merge-leads.schema.json" time="0.0000" classname="Loading components/fieldgroups/experience-event/events/merge-leads.schema.json">
    </testcase>
    <testcase name="Loading of schemas Loading components/fieldgroups/experience-event/events/new-lead.schema.json" time="0.0010" classname="Loading components/fieldgroups/experience-event/events/new-lead.schema.json">
    </testcase>
    <testcase name="Loading of schemas Loading components/fieldgroups/experience-event/events/opportunityupdated.schema.json" time="0.0010" classname="Loading components/fieldgroups/experience-event/events/opportunityupdated.schema.json">
    </testcase>
    <testcase name="Loading of schemas Loading components/fieldgroups/experience-event/events/remove-from-list.schema.json" time="0.0000" classname="Loading components/fieldgroups/experience-event/events/remove-from-list.schema.json">
    </testcase>
    <testcase name="Loading of schemas Loading components/fieldgroups/experience-event/events/remove-from-opportunity.schema.json" time="0.0000" classname="Loading components/fieldgroups/experience-event/events/remove-from-opportunity.schema.json">
    </testcase>
    <testcase name="Loading of schemas Loading components/fieldgroups/experience-event/events/responded-to-poll-in-webinar.schema.json" time="0.0000" classname="Loading components/fieldgroups/experience-event/events/responded-to-poll-in-webinar.schema.json">
    </testcase>
    <testcase name="Loading of schemas Loading components/fieldgroups/experience-event/events/revenueStageChanged.schema.json" time="0.0010" classname="Loading components/fieldgroups/experience-event/events/revenueStageChanged.schema.json">
    </testcase>
    <testcase name="Loading of schemas Loading components/fieldgroups/experience-event/events/scorechanged.schema.json" time="0.0010" classname="Loading components/fieldgroups/experience-event/events/scorechanged.schema.json">
    </testcase>
    <testcase name="Loading of schemas Loading components/fieldgroups/experience-event/events/statusincampaignprogressionchanged.schema.json" time="0.0000" classname="Loading components/fieldgroups/experience-event/events/statusincampaignprogressionchanged.schema.json">
    </testcase>
    <testcase name="Loading of schemas Loading components/fieldgroups/experience-event/events/visit-webpage.schema.json" time="0.0000" classname="Loading components/fieldgroups/experience-event/events/visit-webpage.schema.json">
    </testcase>
    <testcase name="Loading of schemas Loading components/fieldgroups/experience-event/experienceevent-advertising.schema.json" time="0.0010" classname="Loading components/fieldgroups/experience-event/experienceevent-advertising.schema.json">
    </testcase>
    <testcase name="Loading of schemas Loading components/fieldgroups/experience-event/experienceevent-application.schema.json" time="0.0000" classname="Loading components/fieldgroups/experience-event/experienceevent-application.schema.json">
    </testcase>
    <testcase name="Loading of schemas Loading components/fieldgroups/experience-event/experienceevent-bot-detection.schema.json" time="0.0000" classname="Loading components/fieldgroups/experience-event/experienceevent-bot-detection.schema.json">
    </testcase>
    <testcase name="Loading of schemas Loading components/fieldgroups/experience-event/experienceevent-card-actions.schema.json" time="0.0000" classname="Loading components/fieldgroups/experience-event/experienceevent-card-actions.schema.json">
    </testcase>
    <testcase name="Loading of schemas Loading components/fieldgroups/experience-event/experienceevent-channel.schema.json" time="0.0000" classname="Loading components/fieldgroups/experience-event/experienceevent-channel.schema.json">
    </testcase>
    <testcase name="Loading of schemas Loading components/fieldgroups/experience-event/experienceevent-commerce.schema.json" time="0.0010" classname="Loading components/fieldgroups/experience-event/experienceevent-commerce.schema.json">
    </testcase>
    <testcase name="Loading of schemas Loading components/fieldgroups/experience-event/experienceevent-content.schema.json" time="0.0000" classname="Loading components/fieldgroups/experience-event/experienceevent-content.schema.json">
    </testcase>
    <testcase name="Loading of schemas Loading components/fieldgroups/experience-event/experienceevent-directmarketing.schema.json" time="0.0000" classname="Loading components/fieldgroups/experience-event/experienceevent-directmarketing.schema.json">
    </testcase>
    <testcase name="Loading of schemas Loading components/fieldgroups/experience-event/experienceevent-enduserids.schema.json" time="0.0000" classname="Loading components/fieldgroups/experience-event/experienceevent-enduserids.schema.json">
    </testcase>
    <testcase name="Loading of schemas Loading components/fieldgroups/experience-event/experienceevent-environment-details.schema.json" time="0.0010" classname="Loading components/fieldgroups/experience-event/experienceevent-environment-details.schema.json">
    </testcase>
    <testcase name="Loading of schemas Loading components/fieldgroups/experience-event/experienceevent-file-download-details.schema.json" time="0.0000" classname="Loading components/fieldgroups/experience-event/experienceevent-file-download-details.schema.json">
    </testcase>
    <testcase name="Loading of schemas Loading components/fieldgroups/experience-event/experienceevent-file-upload-details.schema.json" time="0.0000" classname="Loading components/fieldgroups/experience-event/experienceevent-file-upload-details.schema.json">
    </testcase>
    <testcase name="Loading of schemas Loading components/fieldgroups/experience-event/experienceevent-implementation-details.schema.json" time="0.0010" classname="Loading components/fieldgroups/experience-event/experienceevent-implementation-details.schema.json">
    </testcase>
    <testcase name="Loading of schemas Loading components/fieldgroups/experience-event/experienceevent-inappmessage-tracking.schema.json" time="0.0000" classname="Loading components/fieldgroups/experience-event/experienceevent-inappmessage-tracking.schema.json">
    </testcase>
    <testcase name="Loading of schemas Loading components/fieldgroups/experience-event/experienceevent-knowledge-base-details.schema.json" time="0.0000" classname="Loading components/fieldgroups/experience-event/experienceevent-knowledge-base-details.schema.json">
    </testcase>
    <testcase name="Loading of schemas Loading components/fieldgroups/experience-event/experienceevent-marketing.schema.json" time="0.0000" classname="Loading components/fieldgroups/experience-event/experienceevent-marketing.schema.json">
    </testcase>
    <testcase name="Loading of schemas Loading components/fieldgroups/experience-event/experienceevent-media-analytics.schema.json" time="0.0070" classname="Loading components/fieldgroups/experience-event/experienceevent-media-analytics.schema.json">
    </testcase>
    <testcase name="Loading of schemas Loading components/fieldgroups/experience-event/experienceevent-offer-impression-details.schema.json" time="0.0020" classname="Loading components/fieldgroups/experience-event/experienceevent-offer-impression-details.schema.json">
    </testcase>
    <testcase name="Loading of schemas Loading components/fieldgroups/experience-event/experienceevent-order-details.schema.json" time="0.0000" classname="Loading components/fieldgroups/experience-event/experienceevent-order-details.schema.json">
    </testcase>
    <testcase name="Loading of schemas Loading components/fieldgroups/experience-event/experienceevent-privacy.schema.json" time="0.0000" classname="Loading components/fieldgroups/experience-event/experienceevent-privacy.schema.json">
    </testcase>
    <testcase name="Loading of schemas Loading components/fieldgroups/experience-event/experienceevent-profile-stitch.schema.json" time="0.0000" classname="Loading components/fieldgroups/experience-event/experienceevent-profile-stitch.schema.json">
    </testcase>
    <testcase name="Loading of schemas Loading components/fieldgroups/experience-event/experienceevent-pushtracking.schema.json" time="0.0010" classname="Loading components/fieldgroups/experience-event/experienceevent-pushtracking.schema.json">
    </testcase>
    <testcase name="Loading of schemas Loading components/fieldgroups/experience-event/experienceevent-quote-request-details.schema.json" time="0.0020" classname="Loading components/fieldgroups/experience-event/experienceevent-quote-request-details.schema.json">
    </testcase>
    <testcase name="Loading of schemas Loading components/fieldgroups/experience-event/experienceevent-reference-keys.schema.json" time="0.0000" classname="Loading components/fieldgroups/experience-event/experienceevent-reference-keys.schema.json">
    </testcase>
    <testcase name="Loading of schemas Loading components/fieldgroups/experience-event/experienceevent-search.schema.json" time="0.0010" classname="Loading components/fieldgroups/experience-event/experienceevent-search.schema.json">
    </testcase>
    <testcase name="Loading of schemas Loading components/fieldgroups/experience-event/experienceevent-segmentmembership.schema.json" time="0.0000" classname="Loading components/fieldgroups/experience-event/experienceevent-segmentmembership.schema.json">
    </testcase>
    <testcase name="Loading of schemas Loading components/fieldgroups/experience-event/experienceevent-segments-list.schema.json" time="0.0020" classname="Loading components/fieldgroups/experience-event/experienceevent-segments-list.schema.json">
    </testcase>
    <testcase name="Loading of schemas Loading components/fieldgroups/experience-event/experienceevent-service-payment-details.schema.json" time="0.0010" classname="Loading components/fieldgroups/experience-event/experienceevent-service-payment-details.schema.json">
    </testcase>
    <testcase name="Loading of schemas Loading components/fieldgroups/experience-event/experienceevent-site-search.schema.json" time="0.0000" classname="Loading components/fieldgroups/experience-event/experienceevent-site-search.schema.json">
    </testcase>
    <testcase name="Loading of schemas Loading components/fieldgroups/experience-event/experienceevent-social-network-usage-details.schema.json" time="0.0010" classname="Loading components/fieldgroups/experience-event/experienceevent-social-network-usage-details.schema.json">
    </testcase>
    <testcase name="Loading of schemas Loading components/fieldgroups/experience-event/experienceevent-stitching.schema.json" time="0.0000" classname="Loading components/fieldgroups/experience-event/experienceevent-stitching.schema.json">
    </testcase>
    <testcase name="Loading of schemas Loading components/fieldgroups/experience-event/experienceevent-support-site-search.schema.json" time="0.0000" classname="Loading components/fieldgroups/experience-event/experienceevent-support-site-search.schema.json">
    </testcase>
    <testcase name="Loading of schemas Loading components/fieldgroups/experience-event/experienceevent-survey-response-details.schema.json" time="0.0010" classname="Loading components/fieldgroups/experience-event/experienceevent-survey-response-details.schema.json">
    </testcase>
    <testcase name="Loading of schemas Loading components/fieldgroups/experience-event/experienceevent-technical-details.schema.json" time="0.0000" classname="Loading components/fieldgroups/experience-event/experienceevent-technical-details.schema.json">
    </testcase>
    <testcase name="Loading of schemas Loading components/fieldgroups/experience-event/experienceevent-user-login-details.schema.json" time="0.0010" classname="Loading components/fieldgroups/experience-event/experienceevent-user-login-details.schema.json">
    </testcase>
    <testcase name="Loading of schemas Loading components/fieldgroups/experience-event/experienceevent-web.schema.json" time="0.0000" classname="Loading components/fieldgroups/experience-event/experienceevent-web.schema.json">
    </testcase>
    <testcase name="Loading of schemas Loading components/fieldgroups/experience-event/industry-verticals/experienceevent-alert-impressions.schema.json" time="0.0010" classname="Loading components/fieldgroups/experience-event/industry-verticals/experienceevent-alert-impressions.schema.json">
    </testcase>
    <testcase name="Loading of schemas Loading components/fieldgroups/experience-event/industry-verticals/experienceevent-balance-transfers.schema.json" time="0.0000" classname="Loading components/fieldgroups/experience-event/industry-verticals/experienceevent-balance-transfers.schema.json">
    </testcase>
    <testcase name="Loading of schemas Loading components/fieldgroups/experience-event/industry-verticals/experienceevent-bill-pay-details.schema.json" time="0.0010" classname="Loading components/fieldgroups/experience-event/industry-verticals/experienceevent-bill-pay-details.schema.json">
    </testcase>
    <testcase name="Loading of schemas Loading components/fieldgroups/experience-event/industry-verticals/experienceevent-card-application-details.schema.json" time="0.0000" classname="Loading components/fieldgroups/experience-event/industry-verticals/experienceevent-card-application-details.schema.json">
    </testcase>
    <testcase name="Loading of schemas Loading components/fieldgroups/experience-event/industry-verticals/experienceevent-claim-details.schema.json" time="0.0010" classname="Loading components/fieldgroups/experience-event/industry-verticals/experienceevent-claim-details.schema.json">
    </testcase>
    <testcase name="Loading of schemas Loading components/fieldgroups/experience-event/industry-verticals/experienceevent-contact-request-details.schema.json" time="0.0000" classname="Loading components/fieldgroups/experience-event/industry-verticals/experienceevent-contact-request-details.schema.json">
    </testcase>
    <testcase name="Loading of schemas Loading components/fieldgroups/experience-event/industry-verticals/experienceevent-credit-limit-increase-details.schema.json" time="0.0010" classname="Loading components/fieldgroups/experience-event/industry-verticals/experienceevent-credit-limit-increase-details.schema.json">
    </testcase>
    <testcase name="Loading of schemas Loading components/fieldgroups/experience-event/industry-verticals/experienceevent-deposit-details.schema.json" time="0.0000" classname="Loading components/fieldgroups/experience-event/industry-verticals/experienceevent-deposit-details.schema.json">
    </testcase>
    <testcase name="Loading of schemas Loading components/fieldgroups/experience-event/industry-verticals/experienceevent-device-trade-in-details.schema.json" time="0.0010" classname="Loading components/fieldgroups/experience-event/industry-verticals/experienceevent-device-trade-in-details.schema.json">
    </testcase>
    <testcase name="Loading of schemas Loading components/fieldgroups/experience-event/industry-verticals/experienceevent-dining-reservation.schema.json" time="0.0010" classname="Loading components/fieldgroups/experience-event/industry-verticals/experienceevent-dining-reservation.schema.json">
    </testcase>
    <testcase name="Loading of schemas Loading components/fieldgroups/experience-event/industry-verticals/experienceevent-flight-reservation.schema.json" time="0.0100" classname="Loading components/fieldgroups/experience-event/industry-verticals/experienceevent-flight-reservation.schema.json">
    </testcase>
    <testcase name="Loading of schemas Loading components/fieldgroups/experience-event/industry-verticals/experienceevent-healthcare-sitetool.schema.json" time="0.0020" classname="Loading components/fieldgroups/experience-event/industry-verticals/experienceevent-healthcare-sitetool.schema.json">
    </testcase>
    <testcase name="Loading of schemas Loading components/fieldgroups/experience-event/industry-verticals/experienceevent-insurance-claim-process.schema.json" time="0.0000" classname="Loading components/fieldgroups/experience-event/industry-verticals/experienceevent-insurance-claim-process.schema.json">
    </testcase>
    <testcase name="Loading of schemas Loading components/fieldgroups/experience-event/industry-verticals/experienceevent-live-event-ticket-purchase.schema.json" time="0.0010" classname="Loading components/fieldgroups/experience-event/industry-verticals/experienceevent-live-event-ticket-purchase.schema.json">
    </testcase>
    <testcase name="Loading of schemas Loading components/fieldgroups/experience-event/industry-verticals/experienceevent-loan-application-details.schema.json" time="0.0010" classname="Loading components/fieldgroups/experience-event/industry-verticals/experienceevent-loan-application-details.schema.json">
    </testcase>
    <testcase name="Loading of schemas Loading components/fieldgroups/experience-event/industry-verticals/experienceevent-lodging-reservation.schema.json" time="0.0020" classname="Loading components/fieldgroups/experience-event/industry-verticals/experienceevent-lodging-reservation.schema.json">
    </testcase>
    <testcase name="Loading of schemas Loading components/fieldgroups/experience-event/industry-verticals/experienceevent-prescription-details.schema.json" time="0.0000" classname="Loading components/fieldgroups/experience-event/industry-verticals/experienceevent-prescription-details.schema.json">
    </testcase>
    <testcase name="Loading of schemas Loading components/fieldgroups/experience-event/industry-verticals/experienceevent-reservation-details.schema.json" time="0.0010" classname="Loading components/fieldgroups/experience-event/industry-verticals/experienceevent-reservation-details.schema.json">
    </testcase>
    <testcase name="Loading of schemas Loading components/fieldgroups/experience-event/industry-verticals/experienceevent-reservation-search.schema.json" time="0.0010" classname="Loading components/fieldgroups/experience-event/industry-verticals/experienceevent-reservation-search.schema.json">
    </testcase>
    <testcase name="Loading of schemas Loading components/fieldgroups/experience-event/industry-verticals/experienceevent-upgrade-details.schema.json" time="0.0030" classname="Loading components/fieldgroups/experience-event/industry-verticals/experienceevent-upgrade-details.schema.json">
    </testcase>
    <testcase name="Loading of schemas Loading components/fieldgroups/experience-event/industry-verticals/experienceevent-upsell-details.schema.json" time="0.0010" classname="Loading components/fieldgroups/experience-event/industry-verticals/experienceevent-upsell-details.schema.json">
    </testcase>
    <testcase name="Loading of schemas Loading components/fieldgroups/experience-event/industry-verticals/experienceevent-vehicle-reservation.schema.json" time="0.0020" classname="Loading components/fieldgroups/experience-event/industry-verticals/experienceevent-vehicle-reservation.schema.json">
    </testcase>
    <testcase name="Loading of schemas Loading components/fieldgroups/experience-event/industry-verticals/experienceevent-warranty-claim-process.schema.json" time="0.0010" classname="Loading components/fieldgroups/experience-event/industry-verticals/experienceevent-warranty-claim-process.schema.json">
    </testcase>
    <testcase name="Loading of schemas Loading components/fieldgroups/graphs/graph-edge.schema.json" time="0.0010" classname="Loading components/fieldgroups/graphs/graph-edge.schema.json">
    </testcase>
    <testcase name="Loading of schemas Loading components/fieldgroups/graphs/graph-node.schema.json" time="0.0000" classname="Loading components/fieldgroups/graphs/graph-node.schema.json">
    </testcase>
    <testcase name="Loading of schemas Loading components/fieldgroups/graphs/graph.schema.json" time="0.0010" classname="Loading components/fieldgroups/graphs/graph.schema.json">
    </testcase>
    <testcase name="Loading of schemas Loading components/fieldgroups/intent/account-intent-details.schema.json" time="0.0000" classname="Loading components/fieldgroups/intent/account-intent-details.schema.json">
    </testcase>
    <testcase name="Loading of schemas Loading components/fieldgroups/live-event-schedule/sports-entertainment-event-schedule.schema.json" time="0.0000" classname="Loading components/fieldgroups/live-event-schedule/sports-entertainment-event-schedule.schema.json">
    </testcase>
    <testcase name="Loading of schemas Loading components/fieldgroups/location/sports-entertainment-event-venue.schema.json" time="0.0010" classname="Loading components/fieldgroups/location/sports-entertainment-event-venue.schema.json">
    </testcase>
    <testcase name="Loading of schemas Loading components/fieldgroups/marketing-list/marketing-list-components.schema.json" time="0.0000" classname="Loading components/fieldgroups/marketing-list/marketing-list-components.schema.json">
    </testcase>
    <testcase name="Loading of schemas Loading components/fieldgroups/marketing-list/marketing-list-member-components.schema.json" time="0.0010" classname="Loading components/fieldgroups/marketing-list/marketing-list-member-components.schema.json">
    </testcase>
    <testcase name="Loading of schemas Loading components/fieldgroups/medication/healthcare-medication.schema.json" time="0.0000" classname="Loading components/fieldgroups/medication/healthcare-medication.schema.json">
    </testcase>
    <testcase name="Loading of schemas Loading components/fieldgroups/opportunity-contact-role/opportunity-contact-role-details.schema.json" time="0.0010" classname="Loading components/fieldgroups/opportunity-contact-role/opportunity-contact-role-details.schema.json">
    </testcase>
    <testcase name="Loading of schemas Loading components/fieldgroups/opportunity/opportunity-components.schema.json" time="0.0000" classname="Loading components/fieldgroups/opportunity/opportunity-components.schema.json">
    </testcase>
    <testcase name="Loading of schemas Loading components/fieldgroups/opportunity/opportunity-details.schema.json" time="0.0010" classname="Loading components/fieldgroups/opportunity/opportunity-details.schema.json">
    </testcase>
    <testcase name="Loading of schemas Loading components/fieldgroups/opportunity/opportunity-person-components.schema.json" time="0.0000" classname="Loading components/fieldgroups/opportunity/opportunity-person-components.schema.json">
    </testcase>
    <testcase name="Loading of schemas Loading components/fieldgroups/plan/healthcare-plan-details.schema.json" time="0.0010" classname="Loading components/fieldgroups/plan/healthcare-plan-details.schema.json">
    </testcase>
    <testcase name="Loading of schemas Loading components/fieldgroups/product/product-catalog-category.schema.json" time="0.0000" classname="Loading components/fieldgroups/product/product-catalog-category.schema.json">
    </testcase>
    <testcase name="Loading of schemas Loading components/fieldgroups/product/product-catalog.schema.json" time="0.0010" classname="Loading components/fieldgroups/product/product-catalog.schema.json">
    </testcase>
    <testcase name="Loading of schemas Loading components/fieldgroups/product/product-category.schema.json" time="0.0000" classname="Loading components/fieldgroups/product/product-category.schema.json">
    </testcase>
    <testcase name="Loading of schemas Loading components/fieldgroups/product/product-identifiers.schema.json" time="0.0010" classname="Loading components/fieldgroups/product/product-identifiers.schema.json">
    </testcase>
    <testcase name="Loading of schemas Loading components/fieldgroups/product/product-measurement.schema.json" time="0.0000" classname="Loading components/fieldgroups/product/product-measurement.schema.json">
    </testcase>
    <testcase name="Loading of schemas Loading components/fieldgroups/profile/b2b-person-components.schema.json" time="0.0010" classname="Loading components/fieldgroups/profile/b2b-person-components.schema.json">
    </testcase>
    <testcase name="Loading of schemas Loading components/fieldgroups/profile/b2b-person-details.schema.json" time="0.0010" classname="Loading components/fieldgroups/profile/b2b-person-details.schema.json">
    </testcase>
    <testcase name="Loading of schemas Loading components/fieldgroups/profile/partner-profile-enrichment/profile-partner-enrichment-sample.schema.json" time="0.0000" classname="Loading components/fieldgroups/profile/partner-profile-enrichment/profile-partner-enrichment-sample.schema.json">
    </testcase>
    <testcase name="Loading of schemas Loading components/fieldgroups/profile/partner-prospect/merkle/prospect-details-merkle-core.schema.json" time="0.0010" classname="Loading components/fieldgroups/profile/partner-prospect/merkle/prospect-details-merkle-core.schema.json">
    </testcase>
    <testcase name="Loading of schemas Loading components/fieldgroups/profile/partner-prospect/merkle/prospect-details-merkle-corelogic.schema.json" time="0.0000" classname="Loading components/fieldgroups/profile/partner-prospect/merkle/prospect-details-merkle-corelogic.schema.json">
    </testcase>
    <testcase name="Loading of schemas Loading components/fieldgroups/profile/partner-prospect/merkle/prospect-details-partner-sample.schema.json" time="0.0010" classname="Loading components/fieldgroups/profile/partner-prospect/merkle/prospect-details-partner-sample.schema.json">
    </testcase>
    <testcase name="Loading of schemas Loading components/fieldgroups/profile/profile-consentResults.schema.json" time="0.0000" classname="Loading components/fieldgroups/profile/profile-consentResults.schema.json">
    </testcase>
    <testcase name="Loading of schemas Loading components/fieldgroups/profile/profile-consentResultsv2.schema.json" time="0.0010" classname="Loading components/fieldgroups/profile/profile-consentResultsv2.schema.json">
    </testcase>
    <testcase name="Loading of schemas Loading components/fieldgroups/profile/profile-consents.schema.json" time="0.0000" classname="Loading components/fieldgroups/profile/profile-consents.schema.json">
    </testcase>
    <testcase name="Loading of schemas Loading components/fieldgroups/profile/profile-directmarketing.schema.json" time="0.0010" classname="Loading components/fieldgroups/profile/profile-directmarketing.schema.json">
    </testcase>
    <testcase name="Loading of schemas Loading components/fieldgroups/profile/profile-healthcare-member.schema.json" time="0.0000" classname="Loading components/fieldgroups/profile/profile-healthcare-member.schema.json">
    </testcase>
    <testcase name="Loading of schemas Loading components/fieldgroups/profile/profile-inferred-person.schema.json" time="0.0010" classname="Loading components/fieldgroups/profile/profile-inferred-person.schema.json">
    </testcase>
    <testcase name="Loading of schemas Loading components/fieldgroups/profile/profile-loyalty-details.schema.json" time="0.0010" classname="Loading components/fieldgroups/profile/profile-loyalty-details.schema.json">
    </testcase>
    <testcase name="Loading of schemas Loading components/fieldgroups/profile/profile-other-work-details.schema.json" time="0.0000" classname="Loading components/fieldgroups/profile/profile-other-work-details.schema.json">
    </testcase>
    <testcase name="Loading of schemas Loading components/fieldgroups/profile/profile-owning-entities.schema.json" time="0.0010" classname="Loading components/fieldgroups/profile/profile-owning-entities.schema.json">
    </testcase>
    <testcase name="Loading of schemas Loading components/fieldgroups/profile/profile-person-details.schema.json" time="0.0000" classname="Loading components/fieldgroups/profile/profile-person-details.schema.json">
    </testcase>
    <testcase name="Loading of schemas Loading components/fieldgroups/profile/profile-personal-details.schema.json" time="0.0000" classname="Loading components/fieldgroups/profile/profile-personal-details.schema.json">
    </testcase>
    <testcase name="Loading of schemas Loading components/fieldgroups/profile/profile-personal-finance-details.schema.json" time="0.0030" classname="Loading components/fieldgroups/profile/profile-personal-finance-details.schema.json">
    </testcase>
    <testcase name="Loading of schemas Loading components/fieldgroups/profile/profile-personal-tax-profile-details.schema.json" time="0.0170" classname="Loading components/fieldgroups/profile/profile-personal-tax-profile-details.schema.json">
    </testcase>
    <testcase name="Loading of schemas Loading components/fieldgroups/profile/profile-phones.schema.json" time="0.0020" classname="Loading components/fieldgroups/profile/profile-phones.schema.json">
    </testcase>
    <testcase name="Loading of schemas Loading components/fieldgroups/profile/profile-preferences-details.schema.json" time="0.0000" classname="Loading components/fieldgroups/profile/profile-preferences-details.schema.json">
    </testcase>
    <testcase name="Loading of schemas Loading components/fieldgroups/profile/profile-privacy.schema.json" time="0.0010" classname="Loading components/fieldgroups/profile/profile-privacy.schema.json">
    </testcase>
    <testcase name="Loading of schemas Loading components/fieldgroups/profile/profile-push-details.schema.json" time="0.0010" classname="Loading components/fieldgroups/profile/profile-push-details.schema.json">
    </testcase>
    <testcase name="Loading of schemas Loading components/fieldgroups/profile/profile-push-notification-details.schema.json" time="0.0000" classname="Loading components/fieldgroups/profile/profile-push-notification-details.schema.json">
    </testcase>
    <testcase name="Loading of schemas Loading components/fieldgroups/profile/profile-responses.schema.json" time="0.0010" classname="Loading components/fieldgroups/profile/profile-responses.schema.json">
    </testcase>
    <testcase name="Loading of schemas Loading components/fieldgroups/profile/profile-source-system-markers.schema.json" time="0.0020" classname="Loading components/fieldgroups/profile/profile-source-system-markers.schema.json">
    </testcase>
    <testcase name="Loading of schemas Loading components/fieldgroups/profile/profile-subscriptions.schema.json" time="0.0000" classname="Loading components/fieldgroups/profile/profile-subscriptions.schema.json">
    </testcase>
    <testcase name="Loading of schemas Loading components/fieldgroups/profile/profile-telecom-subscription.schema.json" time="0.0010" classname="Loading components/fieldgroups/profile/profile-telecom-subscription.schema.json">
    </testcase>
    <testcase name="Loading of schemas Loading components/fieldgroups/profile/profile-test-profile.schema.json" time="0.0050" classname="Loading components/fieldgroups/profile/profile-test-profile.schema.json">
    </testcase>
    <testcase name="Loading of schemas Loading components/fieldgroups/profile/profile-travel-preferences.schema.json" time="0.0010" classname="Loading components/fieldgroups/profile/profile-travel-preferences.schema.json">
    </testcase>
    <testcase name="Loading of schemas Loading components/fieldgroups/profile/profile-user-account-details.schema.json" time="0.0000" classname="Loading components/fieldgroups/profile/profile-user-account-details.schema.json">
    </testcase>
    <testcase name="Loading of schemas Loading components/fieldgroups/profile/profile-work-details.schema.json" time="0.0010" classname="Loading components/fieldgroups/profile/profile-work-details.schema.json">
    </testcase>
    <testcase name="Loading of schemas Loading components/fieldgroups/provider/healthcare-provider-details.schema.json" time="0.0070" classname="Loading components/fieldgroups/provider/healthcare-provider-details.schema.json">
    </testcase>
    <testcase name="Loading of schemas Loading components/fieldgroups/segment-definition/segmentdefinition-expression.schema.json" time="0.0020" classname="Loading components/fieldgroups/segment-definition/segmentdefinition-expression.schema.json">
    </testcase>
    <testcase name="Loading of schemas Loading components/fieldgroups/shared/changeset.schema.json" time="0.0010" classname="Loading components/fieldgroups/shared/changeset.schema.json">
    </testcase>
    <testcase name="Loading of schemas Loading components/fieldgroups/shared/current-weather.schema.json" time="0.0010" classname="Loading components/fieldgroups/shared/current-weather.schema.json">
    </testcase>
    <testcase name="Loading of schemas Loading components/fieldgroups/shared/experienceevent-consumer.schema.json" time="0.0010" classname="Loading components/fieldgroups/shared/experienceevent-consumer.schema.json">
    </testcase>
    <testcase name="Loading of schemas Loading components/fieldgroups/shared/external-source-system-audit-details.schema.json" time="0.0000" classname="Loading components/fieldgroups/shared/external-source-system-audit-details.schema.json">
    </testcase>
    <testcase name="Loading of schemas Loading components/fieldgroups/shared/forecasted-weather.schema.json" time="0.0010" classname="Loading components/fieldgroups/shared/forecasted-weather.schema.json">
    </testcase>
    <testcase name="Loading of schemas Loading components/fieldgroups/shared/identitymap.schema.json" time="0.0010" classname="Loading components/fieldgroups/shared/identitymap.schema.json">
    </testcase>
    <testcase name="Loading of schemas Loading components/fieldgroups/shared/person-identifier.schema.json" time="0.0000" classname="Loading components/fieldgroups/shared/person-identifier.schema.json">
    </testcase>
    <testcase name="Loading of schemas Loading components/fieldgroups/shared/product-triggers.schema.json" time="0.0000" classname="Loading components/fieldgroups/shared/product-triggers.schema.json">
    </testcase>
    <testcase name="Loading of schemas Loading components/fieldgroups/shared/record-status.schema.json" time="0.0000" classname="Loading components/fieldgroups/shared/record-status.schema.json">
    </testcase>
    <testcase name="Loading of schemas Loading components/fieldgroups/shared/relative-triggers.schema.json" time="0.0000" classname="Loading components/fieldgroups/shared/relative-triggers.schema.json">
    </testcase>
    <testcase name="Loading of schemas Loading components/fieldgroups/shared/segmentation.schema.json" time="0.0010" classname="Loading components/fieldgroups/shared/segmentation.schema.json">
    </testcase>
    <testcase name="Loading of schemas Loading components/fieldgroups/shared/severe-triggers.schema.json" time="0.0000" classname="Loading components/fieldgroups/shared/severe-triggers.schema.json">
    </testcase>
    <testcase name="Loading of schemas Loading components/fieldgroups/shared/weather-triggers.schema.json" time="0.0010" classname="Loading components/fieldgroups/shared/weather-triggers.schema.json">
    </testcase>
    <testcase name="Loading of schemas Loading extensions/adobe/b2b/bizible/bizible-account-details.schema.json" time="0.0010" classname="Loading extensions/adobe/b2b/bizible/bizible-account-details.schema.json">
    </testcase>
    <testcase name="Loading of schemas Loading extensions/adobe/b2b/bizible/bizible-opportunity-details.schema.json" time="0.0000" classname="Loading extensions/adobe/b2b/bizible/bizible-opportunity-details.schema.json">
    </testcase>
    <testcase name="Loading of schemas Loading extensions/adobe/b2b/bizible/bizible-person-details.schema.json" time="0.0000" classname="Loading extensions/adobe/b2b/bizible/bizible-person-details.schema.json">
    </testcase>
    <testcase name="Loading of schemas Loading extensions/adobe/b2b/bombora/classes/bombora-account-intent.schema.json" time="0.0000" classname="Loading extensions/adobe/b2b/bombora/classes/bombora-account-intent.schema.json">
    </testcase>
    <testcase name="Loading of schemas Loading extensions/adobe/b2b/bombora/fieldgroups/bombora-account-intent-details.schema.json" time="0.0000" classname="Loading extensions/adobe/b2b/bombora/fieldgroups/bombora-account-intent-details.schema.json">
    </testcase>
    <testcase name="Loading of schemas Loading extensions/adobe/b2b/demandbase/classes/demandbase-account-intent.schema.json" time="0.0010" classname="Loading extensions/adobe/b2b/demandbase/classes/demandbase-account-intent.schema.json">
    </testcase>
    <testcase name="Loading of schemas Loading extensions/adobe/b2b/demandbase/fieldgroups/demandbase-account-intent-details.schema.json" time="0.0000" classname="Loading extensions/adobe/b2b/demandbase/fieldgroups/demandbase-account-intent-details.schema.json">
    </testcase>
    <testcase name="Loading of schemas Loading extensions/adobe/b2b/marketo/marketo-engage-person-details.schema.json" time="0.0010" classname="Loading extensions/adobe/b2b/marketo/marketo-engage-person-details.schema.json">
    </testcase>
    <testcase name="Loading of schemas Loading extensions/adobe/b2b/marketo/marketo-web-url.schema.json" time="0.0000" classname="Loading extensions/adobe/b2b/marketo/marketo-web-url.schema.json">
    </testcase>
    <testcase name="Loading of schemas Loading extensions/adobe/experience/aam-experienceevent.schema.json" time="0.0000" classname="Loading extensions/adobe/experience/aam-experienceevent.schema.json">
    </testcase>
    <testcase name="Loading of schemas Loading extensions/adobe/experience/adcloud-experienceevent.schema.json" time="0.0000" classname="Loading extensions/adobe/experience/adcloud-experienceevent.schema.json">
    </testcase>
    <testcase name="Loading of schemas Loading extensions/adobe/experience/adcloud-profile.schema.json" time="0.0000" classname="Loading extensions/adobe/experience/adcloud-profile.schema.json">
    </testcase>
    <testcase name="Loading of schemas Loading extensions/adobe/experience/adcloud/adcloudsegment.schema.json" time="0.0010" classname="Loading extensions/adobe/experience/adcloud/adcloudsegment.schema.json">
    </testcase>
    <testcase name="Loading of schemas Loading extensions/adobe/experience/adcloud/addeliverydetails.schema.json" time="0.0000" classname="Loading extensions/adobe/experience/adcloud/addeliverydetails.schema.json">
    </testcase>
    <testcase name="Loading of schemas Loading extensions/adobe/experience/adcloud/advertisement.schema.json" time="0.0010" classname="Loading extensions/adobe/experience/adcloud/advertisement.schema.json">
    </testcase>
    <testcase name="Loading of schemas Loading extensions/adobe/experience/adcloud/attributedconversionmodel.schema.json" time="0.0010" classname="Loading extensions/adobe/experience/adcloud/attributedconversionmodel.schema.json">
    </testcase>
    <testcase name="Loading of schemas Loading extensions/adobe/experience/adcloud/campaign.schema.json" time="0.0010" classname="Loading extensions/adobe/experience/adcloud/campaign.schema.json">
    </testcase>
    <testcase name="Loading of schemas Loading extensions/adobe/experience/adcloud/conversiondetails.schema.json" time="0.0010" classname="Loading extensions/adobe/experience/adcloud/conversiondetails.schema.json">
    </testcase>
    <testcase name="Loading of schemas Loading extensions/adobe/experience/adcloud/creative-event.schema.json" time="0.0010" classname="Loading extensions/adobe/experience/adcloud/creative-event.schema.json">
    </testcase>
    <testcase name="Loading of schemas Loading extensions/adobe/experience/adcloud/creative.schema.json" time="0.0000" classname="Loading extensions/adobe/experience/adcloud/creative.schema.json">
    </testcase>
    <testcase name="Loading of schemas Loading extensions/adobe/experience/adcloud/dsp/account.schema.json" time="0.0010" classname="Loading extensions/adobe/experience/adcloud/dsp/account.schema.json">
    </testcase>
    <testcase name="Loading of schemas Loading extensions/adobe/experience/adcloud/dsp/advertisement.schema.json" time="0.0010" classname="Loading extensions/adobe/experience/adcloud/dsp/advertisement.schema.json">
    </testcase>
    <testcase name="Loading of schemas Loading extensions/adobe/experience/adcloud/dsp/advertiser.schema.json" time="0.0000" classname="Loading extensions/adobe/experience/adcloud/dsp/advertiser.schema.json">
    </testcase>
    <testcase name="Loading of schemas Loading extensions/adobe/experience/adcloud/dsp/campaign.schema.json" time="0.0000" classname="Loading extensions/adobe/experience/adcloud/dsp/campaign.schema.json">
    </testcase>
    <testcase name="Loading of schemas Loading extensions/adobe/experience/adcloud/dsp/package.schema.json" time="0.0000" classname="Loading extensions/adobe/experience/adcloud/dsp/package.schema.json">
    </testcase>
    <testcase name="Loading of schemas Loading extensions/adobe/experience/adcloud/dsp/placement.schema.json" time="0.0010" classname="Loading extensions/adobe/experience/adcloud/dsp/placement.schema.json">
    </testcase>
    <testcase name="Loading of schemas Loading extensions/adobe/experience/adcloud/dsp/promotedvideo.schema.json" time="0.0000" classname="Loading extensions/adobe/experience/adcloud/dsp/promotedvideo.schema.json">
    </testcase>
    <testcase name="Loading of schemas Loading extensions/adobe/experience/adcloud/dsp/site.schema.json" time="0.0010" classname="Loading extensions/adobe/experience/adcloud/dsp/site.schema.json">
    </testcase>
    <testcase name="Loading of schemas Loading extensions/adobe/experience/adcloud/experienceevent-all.schema.json" time="0.0000" classname="Loading extensions/adobe/experience/adcloud/experienceevent-all.schema.json">
    </testcase>
    <testcase name="Loading of schemas Loading extensions/adobe/experience/adcloud/fees.schema.json" time="0.0010" classname="Loading extensions/adobe/experience/adcloud/fees.schema.json">
    </testcase>
    <testcase name="Loading of schemas Loading extensions/adobe/experience/adcloud/inventory.schema.json" time="0.0000" classname="Loading extensions/adobe/experience/adcloud/inventory.schema.json">
    </testcase>
    <testcase name="Loading of schemas Loading extensions/adobe/experience/adcloud/partnerdata.schema.json" time="0.0010" classname="Loading extensions/adobe/experience/adcloud/partnerdata.schema.json">
    </testcase>
    <testcase name="Loading of schemas Loading extensions/adobe/experience/adcloud/productdetails.schema.json" time="0.0000" classname="Loading extensions/adobe/experience/adcloud/productdetails.schema.json">
    </testcase>
    <testcase name="Loading of schemas Loading extensions/adobe/experience/adcloud/profile-all.schema.json" time="0.0000" classname="Loading extensions/adobe/experience/adcloud/profile-all.schema.json">
    </testcase>
    <testcase name="Loading of schemas Loading extensions/adobe/experience/adcloud/searchads/account.schema.json" time="0.0010" classname="Loading extensions/adobe/experience/adcloud/searchads/account.schema.json">
    </testcase>
    <testcase name="Loading of schemas Loading extensions/adobe/experience/adcloud/searchads/adgroup.schema.json" time="0.0010" classname="Loading extensions/adobe/experience/adcloud/searchads/adgroup.schema.json">
    </testcase>
    <testcase name="Loading of schemas Loading extensions/adobe/experience/adcloud/searchads/aggregateperformancebyad.schema.json" time="0.0010" classname="Loading extensions/adobe/experience/adcloud/searchads/aggregateperformancebyad.schema.json">
    </testcase>
    <testcase name="Loading of schemas Loading extensions/adobe/experience/adcloud/searchads/aggregateperformancebyadbykeyword.schema.json" time="0.0010" classname="Loading extensions/adobe/experience/adcloud/searchads/aggregateperformancebyadbykeyword.schema.json">
    </testcase>
    <testcase name="Loading of schemas Loading extensions/adobe/experience/adcloud/searchads/aggregateperformancebykeyword.schema.json" time="0.0000" classname="Loading extensions/adobe/experience/adcloud/searchads/aggregateperformancebykeyword.schema.json">
    </testcase>
    <testcase name="Loading of schemas Loading extensions/adobe/experience/adcloud/searchads/campaign.schema.json" time="0.0010" classname="Loading extensions/adobe/experience/adcloud/searchads/campaign.schema.json">
    </testcase>
    <testcase name="Loading of schemas Loading extensions/adobe/experience/adcloud/searchads/platform.schema.json" time="0.0000" classname="Loading extensions/adobe/experience/adcloud/searchads/platform.schema.json">
    </testcase>
    <testcase name="Loading of schemas Loading extensions/adobe/experience/adcloud/searchads/portfolio.schema.json" time="0.0010" classname="Loading extensions/adobe/experience/adcloud/searchads/portfolio.schema.json">
    </testcase>
    <testcase name="Loading of schemas Loading extensions/adobe/experience/adcloud/searchads/transactionproperties.schema.json" time="0.0000" classname="Loading extensions/adobe/experience/adcloud/searchads/transactionproperties.schema.json">
    </testcase>
    <testcase name="Loading of schemas Loading extensions/adobe/experience/adcloud/searchadvertising/account.schema.json" time="0.0010" classname="Loading extensions/adobe/experience/adcloud/searchadvertising/account.schema.json">
    </testcase>
    <testcase name="Loading of schemas Loading extensions/adobe/experience/adcloud/searchadvertising/adgroup.schema.json" time="0.0000" classname="Loading extensions/adobe/experience/adcloud/searchadvertising/adgroup.schema.json">
    </testcase>
    <testcase name="Loading of schemas Loading extensions/adobe/experience/adcloud/searchadvertising/aggregateperformancebyad.schema.json" time="0.0010" classname="Loading extensions/adobe/experience/adcloud/searchadvertising/aggregateperformancebyad.schema.json">
    </testcase>
    <testcase name="Loading of schemas Loading extensions/adobe/experience/adcloud/searchadvertising/aggregateperformancebyadbykeyword.schema.json" time="0.0010" classname="Loading extensions/adobe/experience/adcloud/searchadvertising/aggregateperformancebyadbykeyword.schema.json">
    </testcase>
    <testcase name="Loading of schemas Loading extensions/adobe/experience/adcloud/searchadvertising/aggregateperformancebykeyword.schema.json" time="0.0000" classname="Loading extensions/adobe/experience/adcloud/searchadvertising/aggregateperformancebykeyword.schema.json">
    </testcase>
    <testcase name="Loading of schemas Loading extensions/adobe/experience/adcloud/searchadvertising/campaign.schema.json" time="0.0010" classname="Loading extensions/adobe/experience/adcloud/searchadvertising/campaign.schema.json">
    </testcase>
    <testcase name="Loading of schemas Loading extensions/adobe/experience/adcloud/searchadvertising/platform.schema.json" time="0.0000" classname="Loading extensions/adobe/experience/adcloud/searchadvertising/platform.schema.json">
    </testcase>
    <testcase name="Loading of schemas Loading extensions/adobe/experience/adcloud/searchadvertising/portfolio.schema.json" time="0.0010" classname="Loading extensions/adobe/experience/adcloud/searchadvertising/portfolio.schema.json">
    </testcase>
    <testcase name="Loading of schemas Loading extensions/adobe/experience/adcloud/segment.schema.json" time="0.0000" classname="Loading extensions/adobe/experience/adcloud/segment.schema.json">
    </testcase>
    <testcase name="Loading of schemas Loading extensions/adobe/experience/adcloud/stitch.schema.json" time="0.0010" classname="Loading extensions/adobe/experience/adcloud/stitch.schema.json">
    </testcase>
    <testcase name="Loading of schemas Loading extensions/adobe/experience/adcloud/syncedremarketingaudience.schema.json" time="0.0000" classname="Loading extensions/adobe/experience/adcloud/syncedremarketingaudience.schema.json">
    </testcase>
    <testcase name="Loading of schemas Loading extensions/adobe/experience/aep-mobile-lifecycle-details.schema.json" time="0.0010" classname="Loading extensions/adobe/experience/aep-mobile-lifecycle-details.schema.json">
    </testcase>
    <testcase name="Loading of schemas Loading extensions/adobe/experience/aep-web-sdk-experienceevent.schema.json" time="0.0000" classname="Loading extensions/adobe/experience/aep-web-sdk-experienceevent.schema.json">
    </testcase>
    <testcase name="Loading of schemas Loading extensions/adobe/experience/analytics-experienceevent.schema.json" time="0.0010" classname="Loading extensions/adobe/experience/analytics-experienceevent.schema.json">
    </testcase>
    <testcase name="Loading of schemas Loading extensions/adobe/experience/analytics/commerce.schema.json" time="0.0000" classname="Loading extensions/adobe/experience/analytics/commerce.schema.json">
    </testcase>
    <testcase name="Loading of schemas Loading extensions/adobe/experience/analytics/evars.schema.json" time="0.0090" classname="Loading extensions/adobe/experience/analytics/evars.schema.json">
    </testcase>
    <testcase name="Loading of schemas Loading extensions/adobe/experience/analytics/events.schema.json" time="0.0160" classname="Loading extensions/adobe/experience/analytics/events.schema.json">
    </testcase>
    <testcase name="Loading of schemas Loading extensions/adobe/experience/analytics/experienceevent-all.schema.json" time="0.0290" classname="Loading extensions/adobe/experience/analytics/experienceevent-all.schema.json">
    </testcase>
    <testcase name="Loading of schemas Loading extensions/adobe/experience/analytics/keyedlist.schema.json" time="0.0120" classname="Loading extensions/adobe/experience/analytics/keyedlist.schema.json">
    </testcase>
    <testcase name="Loading of schemas Loading extensions/adobe/experience/analytics/keyvalue.schema.json" time="0.0040" classname="Loading extensions/adobe/experience/analytics/keyvalue.schema.json">
    </testcase>
    <testcase name="Loading of schemas Loading extensions/adobe/experience/analytics/listdetails.schema.json" time="0.0010" classname="Loading extensions/adobe/experience/analytics/listdetails.schema.json">
    </testcase>
    <testcase name="Loading of schemas Loading extensions/adobe/experience/analytics/productlistitem.schema.json" time="0.0000" classname="Loading extensions/adobe/experience/analytics/productlistitem.schema.json">
    </testcase>
    <testcase name="Loading of schemas Loading extensions/adobe/experience/audiencemanager/experienceevent-all.schema.json" time="0.0010" classname="Loading extensions/adobe/experience/audiencemanager/experienceevent-all.schema.json">
    </testcase>
    <testcase name="Loading of schemas Loading extensions/adobe/experience/audiencemanager/segmentdefinition.schema.json" time="0.0000" classname="Loading extensions/adobe/experience/audiencemanager/segmentdefinition.schema.json">
    </testcase>
    <testcase name="Loading of schemas Loading extensions/adobe/experience/audiencemanager/segmentfolder.schema.json" time="0.0010" classname="Loading extensions/adobe/experience/audiencemanager/segmentfolder.schema.json">
    </testcase>
    <testcase name="Loading of schemas Loading extensions/adobe/experience/b2b-account/account-extension.schema.json" time="0.0000" classname="Loading extensions/adobe/experience/b2b-account/account-extension.schema.json">
    </testcase>
    <testcase name="Loading of schemas Loading extensions/adobe/experience/campaign-experienceevent.schema.json" time="0.0010" classname="Loading extensions/adobe/experience/campaign-experienceevent.schema.json">
    </testcase>
    <testcase name="Loading of schemas Loading extensions/adobe/experience/campaign/address.schema.json" time="0.0000" classname="Loading extensions/adobe/experience/campaign/address.schema.json">
    </testcase>
    <testcase name="Loading of schemas Loading extensions/adobe/experience/campaign/experienceevent-all.schema.json" time="0.0020" classname="Loading extensions/adobe/experience/campaign/experienceevent-all.schema.json">
    </testcase>
    <testcase name="Loading of schemas Loading extensions/adobe/experience/campaign/experienceevent-campaign-delivery-log.schema.json" time="0.0010" classname="Loading extensions/adobe/experience/campaign/experienceevent-campaign-delivery-log.schema.json">
    </testcase>
    <testcase name="Loading of schemas Loading extensions/adobe/experience/campaign/experienceevent-campaign-tracking-log.schema.json" time="0.0010" classname="Loading extensions/adobe/experience/campaign/experienceevent-campaign-tracking-log.schema.json">
    </testcase>
    <testcase name="Loading of schemas Loading extensions/adobe/experience/campaign/experienceevent-profile-owning-entities.schema.json" time="0.0000" classname="Loading extensions/adobe/experience/campaign/experienceevent-profile-owning-entities.schema.json">
    </testcase>
    <testcase name="Loading of schemas Loading extensions/adobe/experience/campaign/experienceevent-profile-personal-details.schema.json" time="0.0000" classname="Loading extensions/adobe/experience/campaign/experienceevent-profile-personal-details.schema.json">
    </testcase>
    <testcase name="Loading of schemas Loading extensions/adobe/experience/campaign/experienceevent-profile-preferences-details.schema.json" time="0.0000" classname="Loading extensions/adobe/experience/campaign/experienceevent-profile-preferences-details.schema.json">
    </testcase>
    <testcase name="Loading of schemas Loading extensions/adobe/experience/campaign/experienceevent-profile-push-details.schema.json" time="0.0010" classname="Loading extensions/adobe/experience/campaign/experienceevent-profile-push-details.schema.json">
    </testcase>
    <testcase name="Loading of schemas Loading extensions/adobe/experience/campaign/experienceevent-profile-segmentation.schema.json" time="0.0000" classname="Loading extensions/adobe/experience/campaign/experienceevent-profile-segmentation.schema.json">
    </testcase>
    <testcase name="Loading of schemas Loading extensions/adobe/experience/campaign/experienceevent-profile-subscriptions.schema.json" time="0.0000" classname="Loading extensions/adobe/experience/campaign/experienceevent-profile-subscriptions.schema.json">
    </testcase>
    <testcase name="Loading of schemas Loading extensions/adobe/experience/campaign/experienceevent-profile-test-profile.schema.json" time="0.0010" classname="Loading extensions/adobe/experience/campaign/experienceevent-profile-test-profile.schema.json">
    </testcase>
    <testcase name="Loading of schemas Loading extensions/adobe/experience/campaign/experienceevent-profile-work-details.schema.json" time="0.0000" classname="Loading extensions/adobe/experience/campaign/experienceevent-profile-work-details.schema.json">
    </testcase>
    <testcase name="Loading of schemas Loading extensions/adobe/experience/campaign/feedbackevent.schema.json" time="0.0010" classname="Loading extensions/adobe/experience/campaign/feedbackevent.schema.json">
    </testcase>
    <testcase name="Loading of schemas Loading extensions/adobe/experience/campaign/journeyaifatigue.schema.json" time="0.0010" classname="Loading extensions/adobe/experience/campaign/journeyaifatigue.schema.json">
    </testcase>
    <testcase name="Loading of schemas Loading extensions/adobe/experience/campaign/journeyaiscores.schema.json" time="0.0010" classname="Loading extensions/adobe/experience/campaign/journeyaiscores.schema.json">
    </testcase>
    <testcase name="Loading of schemas Loading extensions/adobe/experience/campaign/mutationevent.schema.json" time="0.0000" classname="Loading extensions/adobe/experience/campaign/mutationevent.schema.json">
    </testcase>
    <testcase name="Loading of schemas Loading extensions/adobe/experience/campaign/notificationsubscription.schema.json" time="0.0010" classname="Loading extensions/adobe/experience/campaign/notificationsubscription.schema.json">
    </testcase>
    <testcase name="Loading of schemas Loading extensions/adobe/experience/campaign/notificationsubscriptiontarget.schema.json" time="0.0000" classname="Loading extensions/adobe/experience/campaign/notificationsubscriptiontarget.schema.json">
    </testcase>
    <testcase name="Loading of schemas Loading extensions/adobe/experience/campaign/notificationunsubscriptiondetails.schema.json" time="0.0000" classname="Loading extensions/adobe/experience/campaign/notificationunsubscriptiondetails.schema.json">
    </testcase>
    <testcase name="Loading of schemas Loading extensions/adobe/experience/campaign/offer-detail.schema.json" time="0.0010" classname="Loading extensions/adobe/experience/campaign/offer-detail.schema.json">
    </testcase>
    <testcase name="Loading of schemas Loading extensions/adobe/experience/campaign/offer-proposition-detail.schema.json" time="0.0000" classname="Loading extensions/adobe/experience/campaign/offer-proposition-detail.schema.json">
    </testcase>
    <testcase name="Loading of schemas Loading extensions/adobe/experience/campaign/offer-response-detail.schema.json" time="0.0010" classname="Loading extensions/adobe/experience/campaign/offer-response-detail.schema.json">
    </testcase>
    <testcase name="Loading of schemas Loading extensions/adobe/experience/campaign/orchestration/eventid.schema.json" time="0.0000" classname="Loading extensions/adobe/experience/campaign/orchestration/eventid.schema.json">
    </testcase>
    <testcase name="Loading of schemas Loading extensions/adobe/experience/campaign/orchestration/experienceevent.schema.json" time="0.0010" classname="Loading extensions/adobe/experience/campaign/orchestration/experienceevent.schema.json">
    </testcase>
    <testcase name="Loading of schemas Loading extensions/adobe/experience/campaign/orchestration/orchestrationdetails.schema.json" time="0.0000" classname="Loading extensions/adobe/experience/campaign/orchestration/orchestrationdetails.schema.json">
    </testcase>
    <testcase name="Loading of schemas Loading extensions/adobe/experience/campaign/orchestration/reportingevent.schema.json" time="0.0020" classname="Loading extensions/adobe/experience/campaign/orchestration/reportingevent.schema.json">
    </testcase>
    <testcase name="Loading of schemas Loading extensions/adobe/experience/campaign/orchestration/reportingeventmetrics.schema.json" time="0.0000" classname="Loading extensions/adobe/experience/campaign/orchestration/reportingeventmetrics.schema.json">
    </testcase>
    <testcase name="Loading of schemas Loading extensions/adobe/experience/campaign/orchestration/reportingexternalevent.schema.json" time="0.0010" classname="Loading extensions/adobe/experience/campaign/orchestration/reportingexternalevent.schema.json">
    </testcase>
    <testcase name="Loading of schemas Loading extensions/adobe/experience/campaign/profile-all.schema.json" time="0.0000" classname="Loading extensions/adobe/experience/campaign/profile-all.schema.json">
    </testcase>
    <testcase name="Loading of schemas Loading extensions/adobe/experience/campaign/profile-snapshot.schema.json" time="0.0010" classname="Loading extensions/adobe/experience/campaign/profile-snapshot.schema.json">
    </testcase>
    <testcase name="Loading of schemas Loading extensions/adobe/experience/consumer-experienceevent.schema.json" time="0.0010" classname="Loading extensions/adobe/experience/consumer-experienceevent.schema.json">
    </testcase>
    <testcase name="Loading of schemas Loading extensions/adobe/experience/customerJourneyManagement/ajo-entity-class.schema.json" time="0.0000" classname="Loading extensions/adobe/experience/customerJourneyManagement/ajo-entity-class.schema.json">
    </testcase>
    <testcase name="Loading of schemas Loading extensions/adobe/experience/customerJourneyManagement/ajo-entity-mixins.schema.json" time="0.0010" classname="Loading extensions/adobe/experience/customerJourneyManagement/ajo-entity-mixins.schema.json">
    </testcase>
    <testcase name="Loading of schemas Loading extensions/adobe/experience/customerJourneyManagement/engageable-profile-mixins.schema.json" time="0.0000" classname="Loading extensions/adobe/experience/customerJourneyManagement/engageable-profile-mixins.schema.json">
    </testcase>
    <testcase name="Loading of schemas Loading extensions/adobe/experience/customerJourneyManagement/message-delivery-feedback.schema.json" time="0.0010" classname="Loading extensions/adobe/experience/customerJourneyManagement/message-delivery-feedback.schema.json">
    </testcase>
    <testcase name="Loading of schemas Loading extensions/adobe/experience/customerJourneyManagement/message-interaction.schema.json" time="0.0010" classname="Loading extensions/adobe/experience/customerJourneyManagement/message-interaction.schema.json">
    </testcase>
    <testcase name="Loading of schemas Loading extensions/adobe/experience/customerJourneyManagement/messageexecution.schema.json" time="0.0010" classname="Loading extensions/adobe/experience/customerJourneyManagement/messageexecution.schema.json">
    </testcase>
    <testcase name="Loading of schemas Loading extensions/adobe/experience/customerJourneyManagement/messageprofile.schema.json" time="0.0010" classname="Loading extensions/adobe/experience/customerJourneyManagement/messageprofile.schema.json">
    </testcase>
    <testcase name="Loading of schemas Loading extensions/adobe/experience/customerJourneyManagement/offers.schema.json" time="0.0000" classname="Loading extensions/adobe/experience/customerJourneyManagement/offers.schema.json">
    </testcase>
    <testcase name="Loading of schemas Loading extensions/adobe/experience/customerJourneyManagement/processing-flow-timeline.schema.json" time="0.0010" classname="Loading extensions/adobe/experience/customerJourneyManagement/processing-flow-timeline.schema.json">
    </testcase>
    <testcase name="Loading of schemas Loading extensions/adobe/experience/customerJourneyManagement/profile-counters-v2.schema.json" time="0.0000" classname="Loading extensions/adobe/experience/customerJourneyManagement/profile-counters-v2.schema.json">
    </testcase>
    <testcase name="Loading of schemas Loading extensions/adobe/experience/customerJourneyManagement/profile-counters.schema.json" time="0.0010" classname="Loading extensions/adobe/experience/customerJourneyManagement/profile-counters.schema.json">
    </testcase>
    <testcase name="Loading of schemas Loading extensions/adobe/experience/customerJourneyManagement/secondary-recipient-detail.schema.json" time="0.0000" classname="Loading extensions/adobe/experience/customerJourneyManagement/secondary-recipient-detail.schema.json">
    </testcase>
    <testcase name="Loading of schemas Loading extensions/adobe/experience/customerJourneyManagement/surfaces.schema.json" time="0.0000" classname="Loading extensions/adobe/experience/customerJourneyManagement/surfaces.schema.json">
    </testcase>
    <testcase name="Loading of schemas Loading extensions/adobe/experience/decisioning/activity-detail.schema.json" time="0.0000" classname="Loading extensions/adobe/experience/decisioning/activity-detail.schema.json">
    </testcase>
    <testcase name="Loading of schemas Loading extensions/adobe/experience/decisioning/activity.schema.json" time="0.0010" classname="Loading extensions/adobe/experience/decisioning/activity.schema.json">
    </testcase>
    <testcase name="Loading of schemas Loading extensions/adobe/experience/decisioning/calendar-constraint-details.schema.json" time="0.0000" classname="Loading extensions/adobe/experience/decisioning/calendar-constraint-details.schema.json">
    </testcase>
    <testcase name="Loading of schemas Loading extensions/adobe/experience/decisioning/calendar-constraints.schema.json" time="0.0000" classname="Loading extensions/adobe/experience/decisioning/calendar-constraints.schema.json">
    </testcase>
    <testcase name="Loading of schemas Loading extensions/adobe/experience/decisioning/content-component-details.schema.json" time="0.0000" classname="Loading extensions/adobe/experience/decisioning/content-component-details.schema.json">
    </testcase>
    <testcase name="Loading of schemas Loading extensions/adobe/experience/decisioning/content-details.schema.json" time="0.0010" classname="Loading extensions/adobe/experience/decisioning/content-details.schema.json">
    </testcase>
    <testcase name="Loading of schemas Loading extensions/adobe/experience/decisioning/contents.schema.json" time="0.0000" classname="Loading extensions/adobe/experience/decisioning/contents.schema.json">
    </testcase>
    <testcase name="Loading of schemas Loading extensions/adobe/experience/decisioning/criteria.schema.json" time="0.0010" classname="Loading extensions/adobe/experience/decisioning/criteria.schema.json">
    </testcase>
    <testcase name="Loading of schemas Loading extensions/adobe/experience/decisioning/criterion-details.schema.json" time="0.0000" classname="Loading extensions/adobe/experience/decisioning/criterion-details.schema.json">
    </testcase>
    <testcase name="Loading of schemas Loading extensions/adobe/experience/decisioning/decision-scope.schema.json" time="0.0010" classname="Loading extensions/adobe/experience/decisioning/decision-scope.schema.json">
    </testcase>
    <testcase name="Loading of schemas Loading extensions/adobe/experience/decisioning/decisionevent-all.schema.json" time="0.0000" classname="Loading extensions/adobe/experience/decisioning/decisionevent-all.schema.json">
    </testcase>
    <testcase name="Loading of schemas Loading extensions/adobe/experience/decisioning/decisionevent-details.schema.json" time="0.0000" classname="Loading extensions/adobe/experience/decisioning/decisionevent-details.schema.json">
    </testcase>
    <testcase name="Loading of schemas Loading extensions/adobe/experience/decisioning/decisionevent.schema.json" time="0.0010" classname="Loading extensions/adobe/experience/decisioning/decisionevent.schema.json">
    </testcase>
    <testcase name="Loading of schemas Loading extensions/adobe/experience/decisioning/decisioning-asset.schema.json" time="0.0000" classname="Loading extensions/adobe/experience/decisioning/decisioning-asset.schema.json">
    </testcase>
    <testcase name="Loading of schemas Loading extensions/adobe/experience/decisioning/decisionitem.schema.json" time="0.0010" classname="Loading extensions/adobe/experience/decisioning/decisionitem.schema.json">
    </testcase>
    <testcase name="Loading of schemas Loading extensions/adobe/experience/decisioning/experienceevent-proposition-interaction.schema.json" time="0.0010" classname="Loading extensions/adobe/experience/decisioning/experienceevent-proposition-interaction.schema.json">
    </testcase>
    <testcase name="Loading of schemas Loading extensions/adobe/experience/decisioning/fallback-content-option.schema.json" time="0.0000" classname="Loading extensions/adobe/experience/decisioning/fallback-content-option.schema.json">
    </testcase>
    <testcase name="Loading of schemas Loading extensions/adobe/experience/decisioning/filter.schema.json" time="0.0010" classname="Loading extensions/adobe/experience/decisioning/filter.schema.json">
    </testcase>
    <testcase name="Loading of schemas Loading extensions/adobe/experience/decisioning/frequency-capping-constraints.schema.json" time="0.0020" classname="Loading extensions/adobe/experience/decisioning/frequency-capping-constraints.schema.json">
    </testcase>
    <testcase name="Loading of schemas Loading extensions/adobe/experience/decisioning/interaction-measurement-details.schema.json" time="0.0000" classname="Loading extensions/adobe/experience/decisioning/interaction-measurement-details.schema.json">
    </testcase>
    <testcase name="Loading of schemas Loading extensions/adobe/experience/decisioning/item-selection.schema.json" time="0.0010" classname="Loading extensions/adobe/experience/decisioning/item-selection.schema.json">
    </testcase>
    <testcase name="Loading of schemas Loading extensions/adobe/experience/decisioning/lifecycle-status.schema.json" time="0.0000" classname="Loading extensions/adobe/experience/decisioning/lifecycle-status.schema.json">
    </testcase>
    <testcase name="Loading of schemas Loading extensions/adobe/experience/decisioning/offerItem.schema.json" time="0.0010" classname="Loading extensions/adobe/experience/decisioning/offerItem.schema.json">
    </testcase>
    <testcase name="Loading of schemas Loading extensions/adobe/experience/decisioning/option-detail.schema.json" time="0.0000" classname="Loading extensions/adobe/experience/decisioning/option-detail.schema.json">
    </testcase>
    <testcase name="Loading of schemas Loading extensions/adobe/experience/decisioning/option-selection-details.schema.json" time="0.0020" classname="Loading extensions/adobe/experience/decisioning/option-selection-details.schema.json">
    </testcase>
    <testcase name="Loading of schemas Loading extensions/adobe/experience/decisioning/option.schema.json" time="0.0000" classname="Loading extensions/adobe/experience/decisioning/option.schema.json">
    </testcase>
    <testcase name="Loading of schemas Loading extensions/adobe/experience/decisioning/personalized-content-option.schema.json" time="0.0010" classname="Loading extensions/adobe/experience/decisioning/personalized-content-option.schema.json">
    </testcase>
    <testcase name="Loading of schemas Loading extensions/adobe/experience/decisioning/placement-detail.schema.json" time="0.0000" classname="Loading extensions/adobe/experience/decisioning/placement-detail.schema.json">
    </testcase>
    <testcase name="Loading of schemas Loading extensions/adobe/experience/decisioning/placement.schema.json" time="0.0130" classname="Loading extensions/adobe/experience/decisioning/placement.schema.json">
    </testcase>
    <testcase name="Loading of schemas Loading extensions/adobe/experience/decisioning/profile-constraint-details.schema.json" time="0.0010" classname="Loading extensions/adobe/experience/decisioning/profile-constraint-details.schema.json">
    </testcase>
    <testcase name="Loading of schemas Loading extensions/adobe/experience/decisioning/profile-constraints.schema.json" time="0.0000" classname="Loading extensions/adobe/experience/decisioning/profile-constraints.schema.json">
    </testcase>
    <testcase name="Loading of schemas Loading extensions/adobe/experience/decisioning/proposition-action.schema.json" time="0.0010" classname="Loading extensions/adobe/experience/decisioning/proposition-action.schema.json">
    </testcase>
    <testcase name="Loading of schemas Loading extensions/adobe/experience/decisioning/proposition-detail.schema.json" time="0.0010" classname="Loading extensions/adobe/experience/decisioning/proposition-detail.schema.json">
    </testcase>
    <testcase name="Loading of schemas Loading extensions/adobe/experience/decisioning/proposition-details.schema.json" time="0.0000" classname="Loading extensions/adobe/experience/decisioning/proposition-details.schema.json">
    </testcase>
    <testcase name="Loading of schemas Loading extensions/adobe/experience/decisioning/proposition-event-type.schema.json" time="0.0010" classname="Loading extensions/adobe/experience/decisioning/proposition-event-type.schema.json">
    </testcase>
    <testcase name="Loading of schemas Loading extensions/adobe/experience/decisioning/proposition-interaction-detail.schema.json" time="0.0010" classname="Loading extensions/adobe/experience/decisioning/proposition-interaction-detail.schema.json">
    </testcase>
    <testcase name="Loading of schemas Loading extensions/adobe/experience/decisioning/proposition-metric-profile.schema.json" time="0.0000" classname="Loading extensions/adobe/experience/decisioning/proposition-metric-profile.schema.json">
    </testcase>
    <testcase name="Loading of schemas Loading extensions/adobe/experience/decisioning/proposition-metric-total.schema.json" time="0.0040" classname="Loading extensions/adobe/experience/decisioning/proposition-metric-total.schema.json">
    </testcase>
    <testcase name="Loading of schemas Loading extensions/adobe/experience/decisioning/proposition.schema.json" time="0.0000" classname="Loading extensions/adobe/experience/decisioning/proposition.schema.json">
    </testcase>
    <testcase name="Loading of schemas Loading extensions/adobe/experience/decisioning/ranking-details.schema.json" time="0.0010" classname="Loading extensions/adobe/experience/decisioning/ranking-details.schema.json">
    </testcase>
    <testcase name="Loading of schemas Loading extensions/adobe/experience/decisioning/ranking.schema.json" time="0.0000" classname="Loading extensions/adobe/experience/decisioning/ranking.schema.json">
    </testcase>
    <testcase name="Loading of schemas Loading extensions/adobe/experience/decisioning/scope-details.schema.json" time="0.0020" classname="Loading extensions/adobe/experience/decisioning/scope-details.schema.json">
    </testcase>
    <testcase name="Loading of schemas Loading extensions/adobe/experience/decisioning/selection-detail.schema.json" time="0.0010" classname="Loading extensions/adobe/experience/decisioning/selection-detail.schema.json">
    </testcase>
    <testcase name="Loading of schemas Loading extensions/adobe/experience/decisioning/strategy-detail.schema.json" time="0.0000" classname="Loading extensions/adobe/experience/decisioning/strategy-detail.schema.json">
    </testcase>
    <testcase name="Loading of schemas Loading extensions/adobe/experience/decisioning/strategy-details.schema.json" time="0.0010" classname="Loading extensions/adobe/experience/decisioning/strategy-details.schema.json">
    </testcase>
    <testcase name="Loading of schemas Loading extensions/adobe/experience/decisioning/tag.schema.json" time="0.0010" classname="Loading extensions/adobe/experience/decisioning/tag.schema.json">
    </testcase>
    <testcase name="Loading of schemas Loading extensions/adobe/experience/decisioning/tags.schema.json" time="0.0010" classname="Loading extensions/adobe/experience/decisioning/tags.schema.json">
    </testcase>
    <testcase name="Loading of schemas Loading extensions/adobe/experience/edge-autofilled-environment-details.schema.json" time="0.0010" classname="Loading extensions/adobe/experience/edge-autofilled-environment-details.schema.json">
    </testcase>
    <testcase name="Loading of schemas Loading extensions/adobe/experience/experienceevent-edgeregion.schema.json" time="0.0050" classname="Loading extensions/adobe/experience/experienceevent-edgeregion.schema.json">
    </testcase>
    <testcase name="Loading of schemas Loading extensions/adobe/experience/implementations-ext.schema.json" time="0.0050" classname="Loading extensions/adobe/experience/implementations-ext.schema.json">
    </testcase>
    <testcase name="Loading of schemas Loading extensions/adobe/experience/implementations.schema.json" time="0.0000" classname="Loading extensions/adobe/experience/implementations.schema.json">
    </testcase>
    <testcase name="Loading of schemas Loading extensions/adobe/experience/intelligentServices/event-journeyai-sendtimeoptimization-reporting.schema.json" time="0.0010" classname="Loading extensions/adobe/experience/intelligentServices/event-journeyai-sendtimeoptimization-reporting.schema.json">
    </testcase>
    <testcase name="Loading of schemas Loading extensions/adobe/experience/intelligentServices/profile-journeyai-engagementscores.schema.json" time="0.0010" classname="Loading extensions/adobe/experience/intelligentServices/profile-journeyai-engagementscores.schema.json">
    </testcase>
    <testcase name="Loading of schemas Loading extensions/adobe/experience/intelligentServices/profile-journeyai-sendtimeoptimization.schema.json" time="0.0170" classname="Loading extensions/adobe/experience/intelligentServices/profile-journeyai-sendtimeoptimization.schema.json">
    </testcase>
    <testcase name="Loading of schemas Loading extensions/adobe/experience/journeyOrchestration/journeyOrchestrationClassification.schema.json" time="0.0390" classname="Loading extensions/adobe/experience/journeyOrchestration/journeyOrchestrationClassification.schema.json">
    </testcase>
    <testcase name="Loading of schemas Loading extensions/adobe/experience/journeyOrchestration/journeyOrchestrationDebugInfo.schema.json" time="0.0010" classname="Loading extensions/adobe/experience/journeyOrchestration/journeyOrchestrationDebugInfo.schema.json">
    </testcase>
    <testcase name="Loading of schemas Loading extensions/adobe/experience/journeyOrchestration/journeyOrchestrationIdentity.schema.json" time="0.0010" classname="Loading extensions/adobe/experience/journeyOrchestration/journeyOrchestrationIdentity.schema.json">
    </testcase>
    <testcase name="Loading of schemas Loading extensions/adobe/experience/journeyOrchestration/journeyOrchestrationJourney.schema.json" time="0.0010" classname="Loading extensions/adobe/experience/journeyOrchestration/journeyOrchestrationJourney.schema.json">
    </testcase>
    <testcase name="Loading of schemas Loading extensions/adobe/experience/journeyOrchestration/journeyOrchestrationServiceEventsDispatcher.schema.json" time="0.0010" classname="Loading extensions/adobe/experience/journeyOrchestration/journeyOrchestrationServiceEventsDispatcher.schema.json">
    </testcase>
    <testcase name="Loading of schemas Loading extensions/adobe/experience/journeyOrchestration/journeyOrchestrationServiceEventsSegmentExportJob.schema.json" time="0.0010" classname="Loading extensions/adobe/experience/journeyOrchestration/journeyOrchestrationServiceEventsSegmentExportJob.schema.json">
    </testcase>
    <testcase name="Loading of schemas Loading extensions/adobe/experience/journeyOrchestration/journeyOrchestrationServiceEventsStateMachine.schema.json" time="0.0010" classname="Loading extensions/adobe/experience/journeyOrchestration/journeyOrchestrationServiceEventsStateMachine.schema.json">
    </testcase>
    <testcase name="Loading of schemas Loading extensions/adobe/experience/journeyOrchestration/stepEvents/journeyClass.schema.json" time="0.0010" classname="Loading extensions/adobe/experience/journeyOrchestration/stepEvents/journeyClass.schema.json">
    </testcase>
    <testcase name="Loading of schemas Loading extensions/adobe/experience/journeyOrchestration/stepEvents/journeyStepEventActionExecutionFieldsMixin.schema.json" time="0.0010" classname="Loading extensions/adobe/experience/journeyOrchestration/stepEvents/journeyStepEventActionExecutionFieldsMixin.schema.json">
    </testcase>
    <testcase name="Loading of schemas Loading extensions/adobe/experience/journeyOrchestration/stepEvents/journeyStepEventClass.schema.json" time="0.0010" classname="Loading extensions/adobe/experience/journeyOrchestration/stepEvents/journeyStepEventClass.schema.json">
    </testcase>
    <testcase name="Loading of schemas Loading extensions/adobe/experience/journeyOrchestration/stepEvents/journeyStepEventCommonFieldsMixin.schema.json" time="0.0050" classname="Loading extensions/adobe/experience/journeyOrchestration/stepEvents/journeyStepEventCommonFieldsMixin.schema.json">
    </testcase>
    <testcase name="Loading of schemas Loading extensions/adobe/experience/journeyOrchestration/stepEvents/journeyStepEventDataFetchFieldsMixin.schema.json" time="0.0060" classname="Loading extensions/adobe/experience/journeyOrchestration/stepEvents/journeyStepEventDataFetchFieldsMixin.schema.json">
    </testcase>
    <testcase name="Loading of schemas Loading extensions/adobe/experience/journeyOrchestration/stepEvents/journeyStepEventIdentityFieldsMixin.schema.json" time="0.0000" classname="Loading extensions/adobe/experience/journeyOrchestration/stepEvents/journeyStepEventIdentityFieldsMixin.schema.json">
    </testcase>
    <testcase name="Loading of schemas Loading extensions/adobe/experience/journeyOrchestration/stepEvents/journeyStepEventJourneyFieldsMixin.schema.json" time="0.0000" classname="Loading extensions/adobe/experience/journeyOrchestration/stepEvents/journeyStepEventJourneyFieldsMixin.schema.json">
    </testcase>
    <testcase name="Loading of schemas Loading extensions/adobe/experience/mobile-lifecycle-details-test.schema.json" time="0.0010" classname="Loading extensions/adobe/experience/mobile-lifecycle-details-test.schema.json">
    </testcase>
    <testcase name="Loading of schemas Loading extensions/adobe/experience/offer-management/capping-constraint.schema.json" time="0.0010" classname="Loading extensions/adobe/experience/offer-management/capping-constraint.schema.json">
    </testcase>
    <testcase name="Loading of schemas Loading extensions/adobe/experience/offer-management/eligibility-rule.schema.json" time="0.0010" classname="Loading extensions/adobe/experience/offer-management/eligibility-rule.schema.json">
    </testcase>
    <testcase name="Loading of schemas Loading extensions/adobe/experience/offer-management/fallback-content-offer.schema.json" time="0.0010" classname="Loading extensions/adobe/experience/offer-management/fallback-content-offer.schema.json">
    </testcase>
    <testcase name="Loading of schemas Loading extensions/adobe/experience/offer-management/fallback-offer.schema.json" time="0.0000" classname="Loading extensions/adobe/experience/offer-management/fallback-offer.schema.json">
    </testcase>
    <testcase name="Loading of schemas Loading extensions/adobe/experience/offer-management/filter-expression/filter-expression.schema.json" time="0.0030" classname="Loading extensions/adobe/experience/offer-management/filter-expression/filter-expression.schema.json">
    </testcase>
    <testcase name="Loading of schemas Loading extensions/adobe/experience/offer-management/model-usage.schema.json" time="0.0000" classname="Loading extensions/adobe/experience/offer-management/model-usage.schema.json">
    </testcase>
    <testcase name="Loading of schemas Loading extensions/adobe/experience/offer-management/offer-activity-detail.schema.json" time="0.0020" classname="Loading extensions/adobe/experience/offer-management/offer-activity-detail.schema.json">
    </testcase>
    <testcase name="Loading of schemas Loading extensions/adobe/experience/offer-management/offer-activity.schema.json" time="0.0000" classname="Loading extensions/adobe/experience/offer-management/offer-activity.schema.json">
    </testcase>
    <testcase name="Loading of schemas Loading extensions/adobe/experience/offer-management/offer-detail.schema.json" time="0.0010" classname="Loading extensions/adobe/experience/offer-management/offer-detail.schema.json">
    </testcase>
    <testcase name="Loading of schemas Loading extensions/adobe/experience/offer-management/offer-filter.schema.json" time="0.0000" classname="Loading extensions/adobe/experience/offer-management/offer-filter.schema.json">
    </testcase>
    <testcase name="Loading of schemas Loading extensions/adobe/experience/offer-management/offer-placement.schema.json" time="0.0020" classname="Loading extensions/adobe/experience/offer-management/offer-placement.schema.json">
    </testcase>
    <testcase name="Loading of schemas Loading extensions/adobe/experience/offer-management/offer-representation.schema.json" time="0.0010" classname="Loading extensions/adobe/experience/offer-management/offer-representation.schema.json">
    </testcase>
    <testcase name="Loading of schemas Loading extensions/adobe/experience/offer-management/offer.schema.json" time="0.0010" classname="Loading extensions/adobe/experience/offer-management/offer.schema.json">
    </testcase>
    <testcase name="Loading of schemas Loading extensions/adobe/experience/offer-management/personalized-content-offer.schema.json" time="0.0000" classname="Loading extensions/adobe/experience/offer-management/personalized-content-offer.schema.json">
    </testcase>
    <testcase name="Loading of schemas Loading extensions/adobe/experience/offer-management/personalized-offer.schema.json" time="0.0010" classname="Loading extensions/adobe/experience/offer-management/personalized-offer.schema.json">
    </testcase>
    <testcase name="Loading of schemas Loading extensions/adobe/experience/offer-management/proposition-response-detail.schema.json" time="0.0000" classname="Loading extensions/adobe/experience/offer-management/proposition-response-detail.schema.json">
    </testcase>
    <testcase name="Loading of schemas Loading extensions/adobe/experience/offer-management/rank.schema.json" time="0.0010" classname="Loading extensions/adobe/experience/offer-management/rank.schema.json">
    </testcase>
    <testcase name="Loading of schemas Loading extensions/adobe/experience/offer-management/selection-constraint.schema.json" time="0.0000" classname="Loading extensions/adobe/experience/offer-management/selection-constraint.schema.json">
    </testcase>
    <testcase name="Loading of schemas Loading extensions/adobe/experience/offer-management/tag.schema.json" time="0.0010" classname="Loading extensions/adobe/experience/offer-management/tag.schema.json">
    </testcase>
    <testcase name="Loading of schemas Loading extensions/adobe/experience/profile-edgeregion.schema.json" time="0.0000" classname="Loading extensions/adobe/experience/profile-edgeregion.schema.json">
    </testcase>
    <testcase name="Loading of schemas Loading extensions/adobe/experience/profile/experienceevent-shared.schema.json" time="0.0010" classname="Loading extensions/adobe/experience/profile/experienceevent-shared.schema.json">
    </testcase>
    <testcase name="Loading of schemas Loading extensions/adobe/experience/profile/profile-all.schema.json" time="0.0010" classname="Loading extensions/adobe/experience/profile/profile-all.schema.json">
    </testcase>
    <testcase name="Loading of schemas Loading extensions/adobe/experience/prospect-profile/prospect-profile-extension.schema.json" time="0.0000" classname="Loading extensions/adobe/experience/prospect-profile/prospect-profile-extension.schema.json">
    </testcase>
    <testcase name="Loading of schemas Loading extensions/adobe/experience/target-experienceevent.schema.json" time="0.0010" classname="Loading extensions/adobe/experience/target-experienceevent.schema.json">
    </testcase>
    <testcase name="Loading of schemas Loading extensions/adobe/experience/target/activity.schema.json" time="0.0000" classname="Loading extensions/adobe/experience/target/activity.schema.json">
    </testcase>
    <testcase name="Loading of schemas Loading extensions/adobe/experience/target/activity/activityevent.schema.json" time="0.0000" classname="Loading extensions/adobe/experience/target/activity/activityevent.schema.json">
    </testcase>
    <testcase name="Loading of schemas Loading extensions/adobe/experience/target/activity/activityevent/context.schema.json" time="0.0010" classname="Loading extensions/adobe/experience/target/activity/activityevent/context.schema.json">
    </testcase>
    <testcase name="Loading of schemas Loading extensions/adobe/experience/target/activity/activityevent/eventscope.schema.json" time="0.0000" classname="Loading extensions/adobe/experience/target/activity/activityevent/eventscope.schema.json">
    </testcase>
    <testcase name="Loading of schemas Loading extensions/adobe/experience/target/activity/activityevent/optionevent.schema.json" time="0.0010" classname="Loading extensions/adobe/experience/target/activity/activityevent/optionevent.schema.json">
    </testcase>
    <testcase name="Loading of schemas Loading extensions/adobe/experience/target/activity/activityevent/segmentevent.schema.json" time="0.0000" classname="Loading extensions/adobe/experience/target/activity/activityevent/segmentevent.schema.json">
    </testcase>
    <testcase name="Loading of schemas Loading extensions/adobe/experience/target/activity/preview.schema.json" time="0.0010" classname="Loading extensions/adobe/experience/target/activity/preview.schema.json">
    </testcase>
    <testcase name="Loading of schemas Loading extensions/adobe/experience/target/experienceevent-all.schema.json" time="0.0000" classname="Loading extensions/adobe/experience/target/experienceevent-all.schema.json">
    </testcase>
    <testcase name="Loading of schemas Loading extensions/adobe/experience/target/experienceevent-shared.schema.json" time="0.0010" classname="Loading extensions/adobe/experience/target/experienceevent-shared.schema.json">
    </testcase>
    <testcase name="Loading of schemas Loading extensions/adobe/experience/workfront/category.schema.json" time="0.0000" classname="Loading extensions/adobe/experience/workfront/category.schema.json">
    </testcase>
    <testcase name="Loading of schemas Loading extensions/adobe/experience/workfront/categoryparameter.schema.json" time="0.0000" classname="Loading extensions/adobe/experience/workfront/categoryparameter.schema.json">
    </testcase>
    <testcase name="Loading of schemas Loading extensions/adobe/experience/workfront/changeevent.schema.json" time="0.0010" classname="Loading extensions/adobe/experience/workfront/changeevent.schema.json">
    </testcase>
    <testcase name="Loading of schemas Loading extensions/adobe/experience/workfront/opTask.schema.json" time="0.0000" classname="Loading extensions/adobe/experience/workfront/opTask.schema.json">
    </testcase>
    <testcase name="Loading of schemas Loading extensions/adobe/experience/workfront/portfolio.schema.json" time="0.0010" classname="Loading extensions/adobe/experience/workfront/portfolio.schema.json">
    </testcase>
    <testcase name="Loading of schemas Loading extensions/adobe/experience/workfront/program.schema.json" time="0.0000" classname="Loading extensions/adobe/experience/workfront/program.schema.json">
    </testcase>
    <testcase name="Loading of schemas Loading extensions/adobe/experience/workfront/project.schema.json" time="0.0000" classname="Loading extensions/adobe/experience/workfront/project.schema.json">
    </testcase>
    <testcase name="Loading of schemas Loading extensions/adobe/experience/workfront/task.schema.json" time="0.0010" classname="Loading extensions/adobe/experience/workfront/task.schema.json">
    </testcase>
    <testcase name="Loading of schemas Loading extensions/adobe/experience/workfront/workobject.schema.json" time="0.0000" classname="Loading extensions/adobe/experience/workfront/workobject.schema.json">
    </testcase>
    <testcase name="Loading of schemas Loading extensions/adobe/experience/workfront/workobjects-all.schema.json" time="0.0010" classname="Loading extensions/adobe/experience/workfront/workobjects-all.schema.json">
    </testcase>
    <testcase name="Loading of schemas Loading extensions/airship/airship-event.schema.json" time="0.0010" classname="Loading extensions/airship/airship-event.schema.json">
    </testcase>
    <testcase name="Loading of schemas Loading extensions/algolia/fieldgroups/algolia-event.schema.json" time="0.0010" classname="Loading extensions/algolia/fieldgroups/algolia-event.schema.json">
    </testcase>
    <testcase name="Loading of schemas Loading extensions/algolia/fieldgroups/algolia-profile.schema.json" time="0.0000" classname="Loading extensions/algolia/fieldgroups/algolia-profile.schema.json">
    </testcase>
    <testcase name="Loading of schemas Loading extensions/braze/braze-currents-users-event.schema.json" time="0.0020" classname="Loading extensions/braze/braze-currents-users-event.schema.json">
    </testcase>
    <testcase name="Loading of schemas Loading extensions/industry/healthcare/fhir/datatypes/address.schema.json" time="0.0010" classname="Loading extensions/industry/healthcare/fhir/datatypes/address.schema.json">
    </testcase>
    <testcase name="Loading of schemas Loading extensions/industry/healthcare/fhir/datatypes/annotation.schema.json" time="0.0000" classname="Loading extensions/industry/healthcare/fhir/datatypes/annotation.schema.json">
    </testcase>
    <testcase name="Loading of schemas Loading extensions/industry/healthcare/fhir/datatypes/availability.schema.json" time="0.0010" classname="Loading extensions/industry/healthcare/fhir/datatypes/availability.schema.json">
    </testcase>
    <testcase name="Loading of schemas Loading extensions/industry/healthcare/fhir/datatypes/codeableconcept.schema.json" time="0.0000" classname="Loading extensions/industry/healthcare/fhir/datatypes/codeableconcept.schema.json">
    </testcase>
    <testcase name="Loading of schemas Loading extensions/industry/healthcare/fhir/datatypes/codeablereference.schema.json" time="0.0000" classname="Loading extensions/industry/healthcare/fhir/datatypes/codeablereference.schema.json">
    </testcase>
    <testcase name="Loading of schemas Loading extensions/industry/healthcare/fhir/datatypes/coding.schema.json" time="0.0010" classname="Loading extensions/industry/healthcare/fhir/datatypes/coding.schema.json">
    </testcase>
    <testcase name="Loading of schemas Loading extensions/industry/healthcare/fhir/datatypes/contactpoint.schema.json" time="0.0000" classname="Loading extensions/industry/healthcare/fhir/datatypes/contactpoint.schema.json">
    </testcase>
    <testcase name="Loading of schemas Loading extensions/industry/healthcare/fhir/datatypes/dosage.schema.json" time="0.0010" classname="Loading extensions/industry/healthcare/fhir/datatypes/dosage.schema.json">
    </testcase>
    <testcase name="Loading of schemas Loading extensions/industry/healthcare/fhir/datatypes/duration.schema.json" time="0.0030" classname="Loading extensions/industry/healthcare/fhir/datatypes/duration.schema.json">
    </testcase>
    <testcase name="Loading of schemas Loading extensions/industry/healthcare/fhir/datatypes/extendedcontactdetail.schema.json" time="0.0010" classname="Loading extensions/industry/healthcare/fhir/datatypes/extendedcontactdetail.schema.json">
    </testcase>
    <testcase name="Loading of schemas Loading extensions/industry/healthcare/fhir/datatypes/humanname.schema.json" time="0.0000" classname="Loading extensions/industry/healthcare/fhir/datatypes/humanname.schema.json">
    </testcase>
    <testcase name="Loading of schemas Loading extensions/industry/healthcare/fhir/datatypes/identifier.schema.json" time="0.0010" classname="Loading extensions/industry/healthcare/fhir/datatypes/identifier.schema.json">
    </testcase>
    <testcase name="Loading of schemas Loading extensions/industry/healthcare/fhir/datatypes/money.schema.json" time="0.0000" classname="Loading extensions/industry/healthcare/fhir/datatypes/money.schema.json">
    </testcase>
    <testcase name="Loading of schemas Loading extensions/industry/healthcare/fhir/datatypes/period.schema.json" time="0.0000" classname="Loading extensions/industry/healthcare/fhir/datatypes/period.schema.json">
    </testcase>
    <testcase name="Loading of schemas Loading extensions/industry/healthcare/fhir/datatypes/person.schema.json" time="0.0000" classname="Loading extensions/industry/healthcare/fhir/datatypes/person.schema.json">
    </testcase>
    <testcase name="Loading of schemas Loading extensions/industry/healthcare/fhir/datatypes/quantity.schema.json" time="0.0010" classname="Loading extensions/industry/healthcare/fhir/datatypes/quantity.schema.json">
    </testcase>
    <testcase name="Loading of schemas Loading extensions/industry/healthcare/fhir/datatypes/range.schema.json" time="0.0010" classname="Loading extensions/industry/healthcare/fhir/datatypes/range.schema.json">
    </testcase>
    <testcase name="Loading of schemas Loading extensions/industry/healthcare/fhir/datatypes/ratio.schema.json" time="0.0000" classname="Loading extensions/industry/healthcare/fhir/datatypes/ratio.schema.json">
    </testcase>
    <testcase name="Loading of schemas Loading extensions/industry/healthcare/fhir/datatypes/reference.schema.json" time="0.0000" classname="Loading extensions/industry/healthcare/fhir/datatypes/reference.schema.json">
    </testcase>
    <testcase name="Loading of schemas Loading extensions/industry/healthcare/fhir/datatypes/repeat.schema.json" time="0.0010" classname="Loading extensions/industry/healthcare/fhir/datatypes/repeat.schema.json">
    </testcase>
    <testcase name="Loading of schemas Loading extensions/industry/healthcare/fhir/datatypes/simplequantity.schema.json" time="0.0000" classname="Loading extensions/industry/healthcare/fhir/datatypes/simplequantity.schema.json">
    </testcase>
    <testcase name="Loading of schemas Loading extensions/industry/healthcare/fhir/datatypes/timing.schema.json" time="0.0000" classname="Loading extensions/industry/healthcare/fhir/datatypes/timing.schema.json">
    </testcase>
    <testcase name="Loading of schemas Loading extensions/industry/healthcare/fhir/datatypes/virtualservicedetail.schema.json" time="0.0010" classname="Loading extensions/industry/healthcare/fhir/datatypes/virtualservicedetail.schema.json">
    </testcase>
    <testcase name="Loading of schemas Loading extensions/industry/healthcare/fhir/fieldgroups/account.schema.json" time="0.0010" classname="Loading extensions/industry/healthcare/fhir/fieldgroups/account.schema.json">
    </testcase>
    <testcase name="Loading of schemas Loading extensions/industry/healthcare/fhir/fieldgroups/appointment.schema.json" time="0.0040" classname="Loading extensions/industry/healthcare/fhir/fieldgroups/appointment.schema.json">
    </testcase>
    <testcase name="Loading of schemas Loading extensions/industry/healthcare/fhir/fieldgroups/careplan.schema.json" time="0.0010" classname="Loading extensions/industry/healthcare/fhir/fieldgroups/careplan.schema.json">
    </testcase>
    <testcase name="Loading of schemas Loading extensions/industry/healthcare/fhir/fieldgroups/coverage.schema.json" time="0.0010" classname="Loading extensions/industry/healthcare/fhir/fieldgroups/coverage.schema.json">
    </testcase>
    <testcase name="Loading of schemas Loading extensions/industry/healthcare/fhir/fieldgroups/goal.schema.json" time="0.0010" classname="Loading extensions/industry/healthcare/fhir/fieldgroups/goal.schema.json">
    </testcase>
    <testcase name="Loading of schemas Loading extensions/industry/healthcare/fhir/fieldgroups/healthcareservice.schema.json" time="0.0000" classname="Loading extensions/industry/healthcare/fhir/fieldgroups/healthcareservice.schema.json">
    </testcase>
    <testcase name="Loading of schemas Loading extensions/industry/healthcare/fhir/fieldgroups/immunization.schema.json" time="0.0000" classname="Loading extensions/industry/healthcare/fhir/fieldgroups/immunization.schema.json">
    </testcase>
    <testcase name="Loading of schemas Loading extensions/industry/healthcare/fhir/fieldgroups/location.schema.json" time="0.0010" classname="Loading extensions/industry/healthcare/fhir/fieldgroups/location.schema.json">
    </testcase>
    <testcase name="Loading of schemas Loading extensions/industry/healthcare/fhir/fieldgroups/medication.schema.json" time="0.0010" classname="Loading extensions/industry/healthcare/fhir/fieldgroups/medication.schema.json">
    </testcase>
    <testcase name="Loading of schemas Loading extensions/industry/healthcare/fhir/fieldgroups/medicationdispense.schema.json" time="0.0010" classname="Loading extensions/industry/healthcare/fhir/fieldgroups/medicationdispense.schema.json">
    </testcase>
    <testcase name="Loading of schemas Loading extensions/industry/healthcare/fhir/fieldgroups/medicationrequest.schema.json" time="0.0010" classname="Loading extensions/industry/healthcare/fhir/fieldgroups/medicationrequest.schema.json">
    </testcase>
    <testcase name="Loading of schemas Loading extensions/industry/healthcare/fhir/fieldgroups/organization.schema.json" time="0.0000" classname="Loading extensions/industry/healthcare/fhir/fieldgroups/organization.schema.json">
    </testcase>
    <testcase name="Loading of schemas Loading extensions/industry/healthcare/fhir/fieldgroups/patient.schema.json" time="0.0010" classname="Loading extensions/industry/healthcare/fhir/fieldgroups/patient.schema.json">
    </testcase>
    <testcase name="Loading of schemas Loading extensions/industry/healthcare/fhir/fieldgroups/practitioner.schema.json" time="0.0010" classname="Loading extensions/industry/healthcare/fhir/fieldgroups/practitioner.schema.json">
    </testcase>
    <testcase name="Loading of schemas Loading extensions/industry/healthcare/fhir/fieldgroups/schedule.schema.json" time="0.0000" classname="Loading extensions/industry/healthcare/fhir/fieldgroups/schedule.schema.json">
    </testcase>
    <testcase name="Loading of schemas Loading extensions/pathfactory/pathfactory-content-track.schema.json" time="0.0010" classname="Loading extensions/pathfactory/pathfactory-content-track.schema.json">
    </testcase>
    <testcase name="Loading of schemas Loading extensions/pathfactory/pathfactory-content.schema.json" time="0.0010" classname="Loading extensions/pathfactory/pathfactory-content.schema.json">
    </testcase>
    <testcase name="Loading of schemas Loading extensions/pathfactory/pathfactory-page-view.schema.json" time="0.0010" classname="Loading extensions/pathfactory/pathfactory-page-view.schema.json">
    </testcase>
    <testcase name="Loading of schemas Loading extensions/pathfactory/pathfactory-session.schema.json" time="0.0030" classname="Loading extensions/pathfactory/pathfactory-session.schema.json">
    </testcase>
    <testcase name="Loading of schemas Loading extensions/pathfactory/pathfactory-visitor.schema.json" time="0.0000" classname="Loading extensions/pathfactory/pathfactory-visitor.schema.json">
    </testcase>
  </testsuite>
  <testsuite name="Validity of examples" timestamp="2025-01-23T17:41:25" tests="470" file="/Users/anwankhe/Desktop/xdm/xdm/test/example-valid.js" time="1.5920" failures="0">
    <testcase name="Validity of examples Are there schemas loaded?" time="0.0010" classname="Are there schemas loaded?">
    </testcase>
    <testcase name="Validity of examples Validating schemas/computed-attributes/profile-computed-attributes.example.1.json" time="0.0340" classname="Validating schemas/computed-attributes/profile-computed-attributes.example.1.json">
    </testcase>
    <testcase name="Validity of examples Validating schemas/descriptors/display/alternateDisplayInfo.example.1.json" time="0.0210" classname="Validating schemas/descriptors/display/alternateDisplayInfo.example.1.json">
    </testcase>
    <testcase name="Validity of examples Validating schemas/descriptors/display/alternateDisplayInfo.example.2.json" time="0.0010" classname="Validating schemas/descriptors/display/alternateDisplayInfo.example.2.json">
    </testcase>
    <testcase name="Validity of examples Validating schemas/descriptors/display/alternateDisplayInfo.example.3.json" time="0.0000" classname="Validating schemas/descriptors/display/alternateDisplayInfo.example.3.json">
    </testcase>
    <testcase name="Validity of examples Validating schemas/descriptors/display/descriptorMetaEnumRemove.example.1.json" time="0.0030" classname="Validating schemas/descriptors/display/descriptorMetaEnumRemove.example.1.json">
    </testcase>
    <testcase name="Validity of examples Validating schemas/descriptors/identity/descriptorIdentity.example.1.json" time="0.0020" classname="Validating schemas/descriptors/identity/descriptorIdentity.example.1.json">
    </testcase>
    <testcase name="Validity of examples Validating schemas/descriptors/identity/descriptorIdentity.example.2.json" time="0.0000" classname="Validating schemas/descriptors/identity/descriptorIdentity.example.2.json">
    </testcase>
    <testcase name="Validity of examples Validating schemas/descriptors/identity/descriptorReferenceIdentity.example.1.json" time="0.0020" classname="Validating schemas/descriptors/identity/descriptorReferenceIdentity.example.1.json">
    </testcase>
    <testcase name="Validity of examples Validating schemas/descriptors/itemselector.example.1.json" time="0.0000" classname="Validating schemas/descriptors/itemselector.example.1.json">
    </testcase>
    <testcase name="Validity of examples Validating schemas/descriptors/itemselector.example.2.json" time="0.0010" classname="Validating schemas/descriptors/itemselector.example.2.json">
    </testcase>
    <testcase name="Validity of examples Validating schemas/descriptors/itemselector.example.3.json" time="0.0000" classname="Validating schemas/descriptors/itemselector.example.3.json">
    </testcase>
    <testcase name="Validity of examples Validating schemas/descriptors/itemselector.example.4.json" time="0.0000" classname="Validating schemas/descriptors/itemselector.example.4.json">
    </testcase>
    <testcase name="Validity of examples Validating schemas/descriptors/label/descriptorLabel.example.1.json" time="0.0030" classname="Validating schemas/descriptors/label/descriptorLabel.example.1.json">
    </testcase>
    <testcase name="Validity of examples Validating schemas/descriptors/label/descriptorLabel.example.2.json" time="0.0000" classname="Validating schemas/descriptors/label/descriptorLabel.example.2.json">
    </testcase>
    <testcase name="Validity of examples Validating schemas/descriptors/label/descriptorLabel.example.3.json" time="0.0010" classname="Validating schemas/descriptors/label/descriptorLabel.example.3.json">
    </testcase>
    <testcase name="Validity of examples Validating schemas/descriptors/primarykey/descriptorPrimaryKey.example.1.json" time="0.0010" classname="Validating schemas/descriptors/primarykey/descriptorPrimaryKey.example.1.json">
    </testcase>
    <testcase name="Validity of examples Validating schemas/descriptors/primarykey/descriptorPrimaryKey.example.2.json" time="0.0010" classname="Validating schemas/descriptors/primarykey/descriptorPrimaryKey.example.2.json">
    </testcase>
    <testcase name="Validity of examples Validating schemas/descriptors/relationship/descriptorManyToMany.example.1.json" time="0.0050" classname="Validating schemas/descriptors/relationship/descriptorManyToMany.example.1.json">
    </testcase>
    <testcase name="Validity of examples Validating schemas/descriptors/relationship/descriptorManyToOne.example.1.json" time="0.0040" classname="Validating schemas/descriptors/relationship/descriptorManyToOne.example.1.json">
    </testcase>
    <testcase name="Validity of examples Validating schemas/descriptors/relationship/descriptorOneToMany.example.1.json" time="0.0020" classname="Validating schemas/descriptors/relationship/descriptorOneToMany.example.1.json">
    </testcase>
    <testcase name="Validity of examples Validating schemas/descriptors/relationship/descriptorOneToOne.example.1.json" time="0.0030" classname="Validating schemas/descriptors/relationship/descriptorOneToOne.example.1.json">
    </testcase>
    <testcase name="Validity of examples Validating schemas/descriptors/relationship/descriptorRelationship.example.1.json" time="0.0030" classname="Validating schemas/descriptors/relationship/descriptorRelationship.example.1.json">
    </testcase>
    <testcase name="Validity of examples Validating schemas/descriptors/relationship/eventRelationship.example.1.json" time="0.0010" classname="Validating schemas/descriptors/relationship/eventRelationship.example.1.json">
    </testcase>
    <testcase name="Validity of examples Validating schemas/descriptors/relationshipdescriptor.example.1.json" time="0.0010" classname="Validating schemas/descriptors/relationshipdescriptor.example.1.json">
    </testcase>
    <testcase name="Validity of examples Validating schemas/descriptors/relationshipdescriptor.example.2.json" time="0.0000" classname="Validating schemas/descriptors/relationshipdescriptor.example.2.json">
    </testcase>
    <testcase name="Validity of examples Validating schemas/descriptors/schemadescriptor.example.1.json" time="0.0050" classname="Validating schemas/descriptors/schemadescriptor.example.1.json">
    </testcase>
    <testcase name="Validity of examples Validating schemas/descriptors/search/searchdescriptor.example.1.json" time="0.0020" classname="Validating schemas/descriptors/search/searchdescriptor.example.1.json">
    </testcase>
    <testcase name="Validity of examples Validating schemas/descriptors/status/descriptorDeprecated.example.1.json" time="0.0020" classname="Validating schemas/descriptors/status/descriptorDeprecated.example.1.json">
    </testcase>
    <testcase name="Validity of examples Validating schemas/descriptors/status/descriptorDeprecated.example.2.json" time="0.0010" classname="Validating schemas/descriptors/status/descriptorDeprecated.example.2.json">
    </testcase>
    <testcase name="Validity of examples Validating schemas/descriptors/status/descriptorDeprecated.example.3.json" time="0.0000" classname="Validating schemas/descriptors/status/descriptorDeprecated.example.3.json">
    </testcase>
    <testcase name="Validity of examples Validating schemas/descriptors/time-series/descriptorTimeSeriesGranularity.example.1.json" time="0.0030" classname="Validating schemas/descriptors/time-series/descriptorTimeSeriesGranularity.example.1.json">
    </testcase>
    <testcase name="Validity of examples Validating schemas/descriptors/version/descriptorVersion.example.1.json" time="0.0010" classname="Validating schemas/descriptors/version/descriptorVersion.example.1.json">
    </testcase>
    <testcase name="Validity of examples Validating schemas/descriptors/version/descriptorVersion.example.2.json" time="0.0010" classname="Validating schemas/descriptors/version/descriptorVersion.example.2.json">
    </testcase>
    <testcase name="Validity of examples Validating schemas/destinations/destination-namespace.example.1.json" time="0.0150" classname="Validating schemas/destinations/destination-namespace.example.1.json">
    </testcase>
    <testcase name="Validity of examples Validating schemas/destinations/destination-segment.example.1.json" time="0.0220" classname="Validating schemas/destinations/destination-segment.example.1.json">
    </testcase>
    <testcase name="Validity of examples Validating schemas/destinations/destination.example.1.json" time="0.0240" classname="Validating schemas/destinations/destination.example.1.json">
    </testcase>
    <testcase name="Validity of examples Validating schemas/destinations/solutions/analytics-experienceevent.example.1.json" time="0.3600" classname="Validating schemas/destinations/solutions/analytics-experienceevent.example.1.json">
    </testcase>
    <testcase name="Validity of examples Validating schemas/hygiene/aep-hygiene-ops-record.example.1.json" time="0.0200" classname="Validating schemas/hygiene/aep-hygiene-ops-record.example.1.json">
    </testcase>
    <testcase name="Validity of examples Validating schemas/hygiene/aep-hygiene-ops-record.example.2.json" time="0.0130" classname="Validating schemas/hygiene/aep-hygiene-ops-record.example.2.json">
    </testcase>
    <testcase name="Validity of examples Validating schemas/hygiene/aep-hygiene.example.1.json" time="0.0010" classname="Validating schemas/hygiene/aep-hygiene.example.1.json">
    </testcase>
    <testcase name="Validity of examples Validating schemas/identity/identity-graph-flattened-export.example.1.json" time="0.0080" classname="Validating schemas/identity/identity-graph-flattened-export.example.1.json">
    </testcase>
    <testcase name="Validity of examples Validating schemas/identity/identity-namespace.example.1.json" time="0.0050" classname="Validating schemas/identity/identity-namespace.example.1.json">
    </testcase>
    <testcase name="Validity of examples Validating schemas/identity/identity-namespace.example.2.json" time="0.0000" classname="Validating schemas/identity/identity-namespace.example.2.json">
    </testcase>
    <testcase name="Validity of examples Validating schemas/insights-metrics/aep-insight-metrics.example.1.json" time="0.0050" classname="Validating schemas/insights-metrics/aep-insight-metrics.example.1.json">
    </testcase>
    <testcase name="Validity of examples Validating schemas/insights-metrics/dim-segment.example.1.json" time="0.0010" classname="Validating schemas/insights-metrics/dim-segment.example.1.json">
    </testcase>
    <testcase name="Validity of examples Validating schemas/lakehouse/aep-lakehouse-batch-errors.example.1.json" time="0.0020" classname="Validating schemas/lakehouse/aep-lakehouse-batch-errors.example.1.json">
    </testcase>
    <testcase name="Validity of examples Validating schemas/lakehouse/aep-lakehouse-batch-errors.example.2.json" time="0.0010" classname="Validating schemas/lakehouse/aep-lakehouse-batch-errors.example.2.json">
    </testcase>
    <testcase name="Validity of examples Validating schemas/lakehouse/aep-lakehouse-batch-input-files.example.1.json" time="0.0010" classname="Validating schemas/lakehouse/aep-lakehouse-batch-input-files.example.1.json">
    </testcase>
    <testcase name="Validity of examples Validating schemas/lakehouse/aep-lakehouse-timeseries.example.1.json" time="0.0000" classname="Validating schemas/lakehouse/aep-lakehouse-timeseries.example.1.json">
    </testcase>
    <testcase name="Validity of examples Validating schemas/notifications/ingestion.example.1.json" time="0.0060" classname="Validating schemas/notifications/ingestion.example.1.json">
    </testcase>
    <testcase name="Validity of examples Validating schemas/privacy/consentidmap.example.1.json" time="0.0020" classname="Validating schemas/privacy/consentidmap.example.1.json">
    </testcase>
    <testcase name="Validity of examples Validating schemas/target/target-classification.example.1.json" time="0.0030" classname="Validating schemas/target/target-classification.example.1.json">
    </testcase>
    <testcase name="Validity of examples Validating schemas/target/target-classification.example.2.json" time="0.0010" classname="Validating schemas/target/target-classification.example.2.json">
    </testcase>
    <testcase name="Validity of examples Validating components/behaviors/adhoc.example.1.json" time="0.0050" classname="Validating components/behaviors/adhoc.example.1.json">
    </testcase>
    <testcase name="Validity of examples Validating components/behaviors/record.example.1.json" time="0.0000" classname="Validating components/behaviors/record.example.1.json">
    </testcase>
    <testcase name="Validity of examples Validating components/behaviors/time-series.example.1.json" time="0.0010" classname="Validating components/behaviors/time-series.example.1.json">
    </testcase>
    <testcase name="Validity of examples Validating components/classes/aircraft.example.1.json" time="0.0010" classname="Validating components/classes/aircraft.example.1.json">
    </testcase>
    <testcase name="Validity of examples Validating components/classes/b2b/account_intent.example.1.json" time="0.0130" classname="Validating components/classes/b2b/account_intent.example.1.json">
    </testcase>
    <testcase name="Validity of examples Validating components/classes/b2b/account-activity.example.1.json" time="0.0040" classname="Validating components/classes/b2b/account-activity.example.1.json">
    </testcase>
    <testcase name="Validity of examples Validating components/classes/b2b/account-history.example.1.json" time="0.0060" classname="Validating components/classes/b2b/account-history.example.1.json">
    </testcase>
    <testcase name="Validity of examples Validating components/classes/b2b/account-person.example.1.json" time="0.0020" classname="Validating components/classes/b2b/account-person.example.1.json">
    </testcase>
    <testcase name="Validity of examples Validating components/classes/b2b/account.example.1.json" time="0.0040" classname="Validating components/classes/b2b/account.example.1.json">
    </testcase>
    <testcase name="Validity of examples Validating components/classes/b2b/marketing-list-member.example.1.json" time="0.0070" classname="Validating components/classes/b2b/marketing-list-member.example.1.json">
    </testcase>
    <testcase name="Validity of examples Validating components/classes/b2b/marketing-list.example.1.json" time="0.0030" classname="Validating components/classes/b2b/marketing-list.example.1.json">
    </testcase>
    <testcase name="Validity of examples Validating components/classes/b2b/opportunity-contact-role.example.1.json" time="0.0040" classname="Validating components/classes/b2b/opportunity-contact-role.example.1.json">
    </testcase>
    <testcase name="Validity of examples Validating components/classes/b2b/opportunity-person.example.1.json" time="0.0030" classname="Validating components/classes/b2b/opportunity-person.example.1.json">
    </testcase>
    <testcase name="Validity of examples Validating components/classes/b2b/opportunity.example.1.json" time="0.0030" classname="Validating components/classes/b2b/opportunity.example.1.json">
    </testcase>
    <testcase name="Validity of examples Validating components/classes/campaign-member.example.1.json" time="0.0010" classname="Validating components/classes/campaign-member.example.1.json">
    </testcase>
    <testcase name="Validity of examples Validating components/classes/campaign.example.1.json" time="0.0100" classname="Validating components/classes/campaign.example.1.json">
    </testcase>
    <testcase name="Validity of examples Validating components/classes/content-asset.example.1.json" time="0.0040" classname="Validating components/classes/content-asset.example.1.json">
    </testcase>
    <testcase name="Validity of examples Validating components/classes/content-experience.example.1.json" time="0.0030" classname="Validating components/classes/content-experience.example.1.json">
    </testcase>
    <testcase name="Validity of examples Validating components/classes/conversion.example.1.json" time="0.0010" classname="Validating components/classes/conversion.example.1.json">
    </testcase>
    <testcase name="Validity of examples Validating components/classes/experienceevent.example.1.json" time="0.0020" classname="Validating components/classes/experienceevent.example.1.json">
    </testcase>
    <testcase name="Validity of examples Validating components/classes/experienceevent.example.2.json" time="0.0010" classname="Validating components/classes/experienceevent.example.2.json">
    </testcase>
    <testcase name="Validity of examples Validating components/classes/experienceevent.example.3.json" time="0.0000" classname="Validating components/classes/experienceevent.example.3.json">
    </testcase>
    <testcase name="Validity of examples Validating components/classes/experienceevent.example.4.json" time="0.0010" classname="Validating components/classes/experienceevent.example.4.json">
    </testcase>
    <testcase name="Validity of examples Validating components/classes/experienceevent.example.5.json" time="0.0000" classname="Validating components/classes/experienceevent.example.5.json">
    </testcase>
    <testcase name="Validity of examples Validating components/classes/experienceevent.example.6.json" time="0.0000" classname="Validating components/classes/experienceevent.example.6.json">
    </testcase>
    <testcase name="Validity of examples Validating components/classes/experienceevent.example.7.json" time="0.0010" classname="Validating components/classes/experienceevent.example.7.json">
    </testcase>
    <testcase name="Validity of examples Validating components/classes/fsi/atm.example.1.json" time="0.0000" classname="Validating components/classes/fsi/atm.example.1.json">
    </testcase>
    <testcase name="Validity of examples Validating components/classes/fsi/branch.example.1.json" time="0.0010" classname="Validating components/classes/fsi/branch.example.1.json">
    </testcase>
    <testcase name="Validity of examples Validating components/classes/fsi/policy.example.1.json" time="0.0270" classname="Validating components/classes/fsi/policy.example.1.json">
    </testcase>
    <testcase name="Validity of examples Validating components/classes/graphs.example.1.json" time="0.0040" classname="Validating components/classes/graphs.example.1.json">
    </testcase>
    <testcase name="Validity of examples Validating components/classes/live-event-schedule.example.1.json" time="0.0020" classname="Validating components/classes/live-event-schedule.example.1.json">
    </testcase>
    <testcase name="Validity of examples Validating components/classes/loan.example.1.json" time="0.0020" classname="Validating components/classes/loan.example.1.json">
    </testcase>
    <testcase name="Validity of examples Validating components/classes/location.example.1.json" time="0.0000" classname="Validating components/classes/location.example.1.json">
    </testcase>
    <testcase name="Validity of examples Validating components/classes/lodging-product.example.1.json" time="0.0000" classname="Validating components/classes/lodging-product.example.1.json">
    </testcase>
    <testcase name="Validity of examples Validating components/classes/medication.example.1.json" time="0.0010" classname="Validating components/classes/medication.example.1.json">
    </testcase>
    <testcase name="Validity of examples Validating components/classes/payer.example.1.json" time="0.0010" classname="Validating components/classes/payer.example.1.json">
    </testcase>
    <testcase name="Validity of examples Validating components/classes/plan.example.1.json" time="0.0010" classname="Validating components/classes/plan.example.1.json">
    </testcase>
    <testcase name="Validity of examples Validating components/classes/product.example.1.json" time="0.0020" classname="Validating components/classes/product.example.1.json">
    </testcase>
    <testcase name="Validity of examples Validating components/classes/profile.example.1.json" time="0.0010" classname="Validating components/classes/profile.example.1.json">
    </testcase>
    <testcase name="Validity of examples Validating components/classes/promotion.example.1.json" time="0.0010" classname="Validating components/classes/promotion.example.1.json">
    </testcase>
    <testcase name="Validity of examples Validating components/classes/prospect-profile.example.1.json" time="0.0010" classname="Validating components/classes/prospect-profile.example.1.json">
    </testcase>
    <testcase name="Validity of examples Validating components/classes/provider.example.1.json" time="0.0010" classname="Validating components/classes/provider.example.1.json">
    </testcase>
    <testcase name="Validity of examples Validating components/classes/restaurant.example.1.json" time="0.0010" classname="Validating components/classes/restaurant.example.1.json">
    </testcase>
    <testcase name="Validity of examples Validating components/classes/segmentdefinition.example.1.json" time="0.0090" classname="Validating components/classes/segmentdefinition.example.1.json">
    </testcase>
    <testcase name="Validity of examples Validating components/classes/summary_metrics.example.1.json" time="0.0010" classname="Validating components/classes/summary_metrics.example.1.json">
    </testcase>
    <testcase name="Validity of examples Validating components/classes/summary_metrics.example.2.json" time="0.0010" classname="Validating components/classes/summary_metrics.example.2.json">
    </testcase>
    <testcase name="Validity of examples Validating components/classes/vehicle-product.example.1.json" time="0.0020" classname="Validating components/classes/vehicle-product.example.1.json">
    </testcase>
    <testcase name="Validity of examples Validating components/classes/weather.example.1.json" time="0.0000" classname="Validating components/classes/weather.example.1.json">
    </testcase>
    <testcase name="Validity of examples Validating components/common/identity.example.1.json" time="0.0020" classname="Validating components/common/identity.example.1.json">
    </testcase>
    <testcase name="Validity of examples Validating components/common/identity.example.2.json" time="0.0000" classname="Validating components/common/identity.example.2.json">
    </testcase>
    <testcase name="Validity of examples Validating components/datatypes/advertisingdetails.example.1.json" time="0.0000" classname="Validating components/datatypes/advertisingdetails.example.1.json">
    </testcase>
    <testcase name="Validity of examples Validating components/datatypes/advertisingpoddetails.example.1.json" time="0.0000" classname="Validating components/datatypes/advertisingpoddetails.example.1.json">
    </testcase>
    <testcase name="Validity of examples Validating components/datatypes/application.example.1.json" time="0.0000" classname="Validating components/datatypes/application.example.1.json">
    </testcase>
    <testcase name="Validity of examples Validating components/datatypes/application.example.2.json" time="0.0010" classname="Validating components/datatypes/application.example.2.json">
    </testcase>
    <testcase name="Validity of examples Validating components/datatypes/auditing/auditable.example.1.json" time="0.0000" classname="Validating components/datatypes/auditing/auditable.example.1.json">
    </testcase>
    <testcase name="Validity of examples Validating components/datatypes/auditing/external-source-system-audit.example.1.json" time="0.0170" classname="Validating components/datatypes/auditing/external-source-system-audit.example.1.json">
    </testcase>
    <testcase name="Validity of examples Validating components/datatypes/b2b/account-organization.example.1.json" time="0.0030" classname="Validating components/datatypes/b2b/account-organization.example.1.json">
    </testcase>
    <testcase name="Validity of examples Validating components/datatypes/b2b/b2b-account.example.1.json" time="0.0100" classname="Validating components/datatypes/b2b/b2b-account.example.1.json">
    </testcase>
    <testcase name="Validity of examples Validating components/datatypes/b2b/b2b-source.example.1.json" time="0.0000" classname="Validating components/datatypes/b2b/b2b-source.example.1.json">
    </testcase>
    <testcase name="Validity of examples Validating components/datatypes/b2b/organization.example.1.json" time="0.0060" classname="Validating components/datatypes/b2b/organization.example.1.json">
    </testcase>
    <testcase name="Validity of examples Validating components/datatypes/b2b/orgunit.example.1.json" time="0.0020" classname="Validating components/datatypes/b2b/orgunit.example.1.json">
    </testcase>
    <testcase name="Validity of examples Validating components/datatypes/billing.example.1.json" time="0.0010" classname="Validating components/datatypes/billing.example.1.json">
    </testcase>
    <testcase name="Validity of examples Validating components/datatypes/browserdetails.example.1.json" time="0.0020" classname="Validating components/datatypes/browserdetails.example.1.json">
    </testcase>
    <testcase name="Validity of examples Validating components/datatypes/cart.example.1.json" time="0.0030" classname="Validating components/datatypes/cart.example.1.json">
    </testcase>
    <testcase name="Validity of examples Validating components/datatypes/categorydata.example.1.json" time="0.0000" classname="Validating components/datatypes/categorydata.example.1.json">
    </testcase>
    <testcase name="Validity of examples Validating components/datatypes/channels/application.example.1.json" time="0.0030" classname="Validating components/datatypes/channels/application.example.1.json">
    </testcase>
    <testcase name="Validity of examples Validating components/datatypes/channels/channel.example.1.json" time="0.0070" classname="Validating components/datatypes/channels/channel.example.1.json">
    </testcase>
    <testcase name="Validity of examples Validating components/datatypes/channels/phone.example.1.json" time="0.0110" classname="Validating components/datatypes/channels/phone.example.1.json">
    </testcase>
    <testcase name="Validity of examples Validating components/datatypes/chapterdetails.example.1.json" time="0.0010" classname="Validating components/datatypes/chapterdetails.example.1.json">
    </testcase>
    <testcase name="Validity of examples Validating components/datatypes/commercescope.example.1.json" time="0.0000" classname="Validating components/datatypes/commercescope.example.1.json">
    </testcase>
    <testcase name="Validity of examples Validating components/datatypes/consent/consent-field.example.1.json" time="0.0030" classname="Validating components/datatypes/consent/consent-field.example.1.json">
    </testcase>
    <testcase name="Validity of examples Validating components/datatypes/consent/consent-preferences.example.1.json" time="0.0020" classname="Validating components/datatypes/consent/consent-preferences.example.1.json">
    </testcase>
    <testcase name="Validity of examples Validating components/datatypes/consent/consentstring.example.1.json" time="0.0050" classname="Validating components/datatypes/consent/consentstring.example.1.json">
    </testcase>
    <testcase name="Validity of examples Validating components/datatypes/consent/marketing-field-basic.example.1.json" time="0.0090" classname="Validating components/datatypes/consent/marketing-field-basic.example.1.json">
    </testcase>
    <testcase name="Validity of examples Validating components/datatypes/consent/marketing-field-subscription.example.1.json" time="0.0120" classname="Validating components/datatypes/consent/marketing-field-subscription.example.1.json">
    </testcase>
    <testcase name="Validity of examples Validating components/datatypes/consent/personalization-field.example.1.json" time="0.0010" classname="Validating components/datatypes/consent/personalization-field.example.1.json">
    </testcase>
    <testcase name="Validity of examples Validating components/datatypes/currency.example.1.json" time="0.0020" classname="Validating components/datatypes/currency.example.1.json">
    </testcase>
    <testcase name="Validity of examples Validating components/datatypes/custommetadatadetails.example.1.json" time="0.0020" classname="Validating components/datatypes/custommetadatadetails.example.1.json">
    </testcase>
    <testcase name="Validity of examples Validating components/datatypes/data/cart-abandons.example.1.json" time="0.0100" classname="Validating components/datatypes/data/cart-abandons.example.1.json">
    </testcase>
    <testcase name="Validity of examples Validating components/datatypes/data/datasource.example.1.json" time="0.0010" classname="Validating components/datatypes/data/datasource.example.1.json">
    </testcase>
    <testcase name="Validity of examples Validating components/datatypes/data/measure.example.1.json" time="0.0000" classname="Validating components/datatypes/data/measure.example.1.json">
    </testcase>
    <testcase name="Validity of examples Validating components/datatypes/data/metricdefinition.example.1.json" time="0.0000" classname="Validating components/datatypes/data/metricdefinition.example.1.json">
    </testcase>
    <testcase name="Validity of examples Validating components/datatypes/data/opens.example.1.json" time="0.0010" classname="Validating components/datatypes/data/opens.example.1.json">
    </testcase>
    <testcase name="Validity of examples Validating components/datatypes/data/order.example.1.json" time="0.0010" classname="Validating components/datatypes/data/order.example.1.json">
    </testcase>
    <testcase name="Validity of examples Validating components/datatypes/data/order.example.2.json" time="0.0010" classname="Validating components/datatypes/data/order.example.2.json">
    </testcase>
    <testcase name="Validity of examples Validating components/datatypes/data/order.example.3.json" time="0.0000" classname="Validating components/datatypes/data/order.example.3.json">
    </testcase>
    <testcase name="Validity of examples Validating components/datatypes/data/pageviews.example.1.json" time="0.0010" classname="Validating components/datatypes/data/pageviews.example.1.json">
    </testcase>
    <testcase name="Validity of examples Validating components/datatypes/data/paymentitem.example.1.json" time="0.0000" classname="Validating components/datatypes/data/paymentitem.example.1.json">
    </testcase>
    <testcase name="Validity of examples Validating components/datatypes/data/record-timeseries-events.example.1.json" time="0.0030" classname="Validating components/datatypes/data/record-timeseries-events.example.1.json">
    </testcase>
    <testcase name="Validity of examples Validating components/datatypes/demographic/address.example.1.json" time="0.0010" classname="Validating components/datatypes/demographic/address.example.1.json">
    </testcase>
    <testcase name="Validity of examples Validating components/datatypes/demographic/emailaddress.example.1.json" time="0.0010" classname="Validating components/datatypes/demographic/emailaddress.example.1.json">
    </testcase>
    <testcase name="Validity of examples Validating components/datatypes/demographic/geo.example.1.json" time="0.0000" classname="Validating components/datatypes/demographic/geo.example.1.json">
    </testcase>
    <testcase name="Validity of examples Validating components/datatypes/demographic/geo.example.2.json" time="0.0010" classname="Validating components/datatypes/demographic/geo.example.2.json">
    </testcase>
    <testcase name="Validity of examples Validating components/datatypes/demographic/geounit.example.1.json" time="0.0030" classname="Validating components/datatypes/demographic/geounit.example.1.json">
    </testcase>
    <testcase name="Validity of examples Validating components/datatypes/demographic/phonenumber.example.1.json" time="0.0000" classname="Validating components/datatypes/demographic/phonenumber.example.1.json">
    </testcase>
    <testcase name="Validity of examples Validating components/datatypes/demographic/place.example.1.json" time="0.0020" classname="Validating components/datatypes/demographic/place.example.1.json">
    </testcase>
    <testcase name="Validity of examples Validating components/datatypes/deprecated/advertising-timed-asset-reference.example.1.json" time="0.0050" classname="Validating components/datatypes/deprecated/advertising-timed-asset-reference.example.1.json">
    </testcase>
    <testcase name="Validity of examples Validating components/datatypes/deprecated/advertising-timed-asset-view-details.example.1.json" time="0.0060" classname="Validating components/datatypes/deprecated/advertising-timed-asset-view-details.example.1.json">
    </testcase>
    <testcase name="Validity of examples Validating components/datatypes/deprecated/adviewability.example.1.json" time="0.0050" classname="Validating components/datatypes/deprecated/adviewability.example.1.json">
    </testcase>
    <testcase name="Validity of examples Validating components/datatypes/deprecated/beacon-interaction-details.example.1.json" time="0.0040" classname="Validating components/datatypes/deprecated/beacon-interaction-details.example.1.json">
    </testcase>
    <testcase name="Validity of examples Validating components/datatypes/deprecated/bounces.example.1.json" time="0.0000" classname="Validating components/datatypes/deprecated/bounces.example.1.json">
    </testcase>
    <testcase name="Validity of examples Validating components/datatypes/deprecated/checkouts.example.1.json" time="0.0000" classname="Validating components/datatypes/deprecated/checkouts.example.1.json">
    </testcase>
    <testcase name="Validity of examples Validating components/datatypes/deprecated/deprecated-consentpreferences.example.1.json" time="0.0050" classname="Validating components/datatypes/deprecated/deprecated-consentpreferences.example.1.json">
    </testcase>
    <testcase name="Validity of examples Validating components/datatypes/deprecated/email-interaction.example.1.json" time="0.0110" classname="Validating components/datatypes/deprecated/email-interaction.example.1.json">
    </testcase>
    <testcase name="Validity of examples Validating components/datatypes/deprecated/identity-provider.example.1.json" time="0.0030" classname="Validating components/datatypes/deprecated/identity-provider.example.1.json">
    </testcase>
    <testcase name="Validity of examples Validating components/datatypes/deprecated/impressions.example.1.json" time="0.0030" classname="Validating components/datatypes/deprecated/impressions.example.1.json">
    </testcase>
    <testcase name="Validity of examples Validating components/datatypes/deprecated/linkclicks.example.1.json" time="0.0010" classname="Validating components/datatypes/deprecated/linkclicks.example.1.json">
    </testcase>
    <testcase name="Validity of examples Validating components/datatypes/deprecated/media-timed-asset-reference.example.1.json" time="0.0080" classname="Validating components/datatypes/deprecated/media-timed-asset-reference.example.1.json">
    </testcase>
    <testcase name="Validity of examples Validating components/datatypes/deprecated/media-timed-asset-reference.example.2.json" time="0.0010" classname="Validating components/datatypes/deprecated/media-timed-asset-reference.example.2.json">
    </testcase>
    <testcase name="Validity of examples Validating components/datatypes/deprecated/media-timed-asset-view-details.example.1.json" time="0.0080" classname="Validating components/datatypes/deprecated/media-timed-asset-view-details.example.1.json">
    </testcase>
    <testcase name="Validity of examples Validating components/datatypes/deprecated/media-timed-asset-view-details.example.2.json" time="0.0020" classname="Validating components/datatypes/deprecated/media-timed-asset-view-details.example.2.json">
    </testcase>
    <testcase name="Validity of examples Validating components/datatypes/deprecated/media-timed-audio.example.1.json" time="0.0010" classname="Validating components/datatypes/deprecated/media-timed-audio.example.1.json">
    </testcase>
    <testcase name="Validity of examples Validating components/datatypes/deprecated/media-timed-chapter-asset-reference.example.1.json" time="0.0070" classname="Validating components/datatypes/deprecated/media-timed-chapter-asset-reference.example.1.json">
    </testcase>
    <testcase name="Validity of examples Validating components/datatypes/deprecated/media-timed-chapter-view-details.example.1.json" time="0.0040" classname="Validating components/datatypes/deprecated/media-timed-chapter-view-details.example.1.json">
    </testcase>
    <testcase name="Validity of examples Validating components/datatypes/deprecated/media-timed-chapter.example.1.json" time="0.0030" classname="Validating components/datatypes/deprecated/media-timed-chapter.example.1.json">
    </testcase>
    <testcase name="Validity of examples Validating components/datatypes/deprecated/media-timed-qoe.example.1.json" time="0.0000" classname="Validating components/datatypes/deprecated/media-timed-qoe.example.1.json">
    </testcase>
    <testcase name="Validity of examples Validating components/datatypes/deprecated/media-timed.example.1.json" time="0.0060" classname="Validating components/datatypes/deprecated/media-timed.example.1.json">
    </testcase>
    <testcase name="Validity of examples Validating components/datatypes/deprecated/media.example.1.json" time="0.0010" classname="Validating components/datatypes/deprecated/media.example.1.json">
    </testcase>
    <testcase name="Validity of examples Validating components/datatypes/deprecated/meeting-interaction.example.1.json" time="0.0040" classname="Validating components/datatypes/deprecated/meeting-interaction.example.1.json">
    </testcase>
    <testcase name="Validity of examples Validating components/datatypes/deprecated/mirror-pages.example.1.json" time="0.0040" classname="Validating components/datatypes/deprecated/mirror-pages.example.1.json">
    </testcase>
    <testcase name="Validity of examples Validating components/datatypes/deprecated/non-deliverables.example.1.json" time="0.0010" classname="Validating components/datatypes/deprecated/non-deliverables.example.1.json">
    </testcase>
    <testcase name="Validity of examples Validating components/datatypes/deprecated/not-sent.example.1.json" time="0.0000" classname="Validating components/datatypes/deprecated/not-sent.example.1.json">
    </testcase>
    <testcase name="Validity of examples Validating components/datatypes/deprecated/optinout.example.1.json" time="0.0140" classname="Validating components/datatypes/deprecated/optinout.example.1.json">
    </testcase>
    <testcase name="Validity of examples Validating components/datatypes/deprecated/phone-interaction.example.1.json" time="0.0090" classname="Validating components/datatypes/deprecated/phone-interaction.example.1.json">
    </testcase>
    <testcase name="Validity of examples Validating components/datatypes/deprecated/player-state.example.1.json" time="0.0100" classname="Validating components/datatypes/deprecated/player-state.example.1.json">
    </testcase>
    <testcase name="Validity of examples Validating components/datatypes/deprecated/poi-entries.example.1.json" time="0.0160" classname="Validating components/datatypes/deprecated/poi-entries.example.1.json">
    </testcase>
    <testcase name="Validity of examples Validating components/datatypes/deprecated/poi-exits.example.1.json" time="0.0020" classname="Validating components/datatypes/deprecated/poi-exits.example.1.json">
    </testcase>
    <testcase name="Validity of examples Validating components/datatypes/deprecated/poi-interaction.example.1.json" time="0.0030" classname="Validating components/datatypes/deprecated/poi-interaction.example.1.json">
    </testcase>
    <testcase name="Validity of examples Validating components/datatypes/deprecated/principal.example.1.json" time="0.0010" classname="Validating components/datatypes/deprecated/principal.example.1.json">
    </testcase>
    <testcase name="Validity of examples Validating components/datatypes/deprecated/product-list-adds.example.1.json" time="0.0010" classname="Validating components/datatypes/deprecated/product-list-adds.example.1.json">
    </testcase>
    <testcase name="Validity of examples Validating components/datatypes/deprecated/product-list-opens.example.1.json" time="0.0010" classname="Validating components/datatypes/deprecated/product-list-opens.example.1.json">
    </testcase>
    <testcase name="Validity of examples Validating components/datatypes/deprecated/product-list-removals.example.1.json" time="0.0000" classname="Validating components/datatypes/deprecated/product-list-removals.example.1.json">
    </testcase>
    <testcase name="Validity of examples Validating components/datatypes/deprecated/product-list-reopens.example.1.json" time="0.0010" classname="Validating components/datatypes/deprecated/product-list-reopens.example.1.json">
    </testcase>
    <testcase name="Validity of examples Validating components/datatypes/deprecated/product-list-views.example.1.json" time="0.0000" classname="Validating components/datatypes/deprecated/product-list-views.example.1.json">
    </testcase>
    <testcase name="Validity of examples Validating components/datatypes/deprecated/product-views.example.1.json" time="0.0010" classname="Validating components/datatypes/deprecated/product-views.example.1.json">
    </testcase>
    <testcase name="Validity of examples Validating components/datatypes/deprecated/purchases.example.1.json" time="0.0000" classname="Validating components/datatypes/deprecated/purchases.example.1.json">
    </testcase>
    <testcase name="Validity of examples Validating components/datatypes/deprecated/save-for-laters.example.1.json" time="0.0010" classname="Validating components/datatypes/deprecated/save-for-laters.example.1.json">
    </testcase>
    <testcase name="Validity of examples Validating components/datatypes/deprecated/sends.example.1.json" time="0.0000" classname="Validating components/datatypes/deprecated/sends.example.1.json">
    </testcase>
    <testcase name="Validity of examples Validating components/datatypes/deprecated/unsubscriptions.example.1.json" time="0.0010" classname="Validating components/datatypes/deprecated/unsubscriptions.example.1.json">
    </testcase>
    <testcase name="Validity of examples Validating components/datatypes/deprecated/user-complaints.example.1.json" time="0.0000" classname="Validating components/datatypes/deprecated/user-complaints.example.1.json">
    </testcase>
    <testcase name="Validity of examples Validating components/datatypes/deprecated/webinteraction.example.1.json" time="0.0020" classname="Validating components/datatypes/deprecated/webinteraction.example.1.json">
    </testcase>
    <testcase name="Validity of examples Validating components/datatypes/deprecated/webpagedetails.example.1.json" time="0.0050" classname="Validating components/datatypes/deprecated/webpagedetails.example.1.json">
    </testcase>
    <testcase name="Validity of examples Validating components/datatypes/deprecated/webpagedetails.example.2.json" time="0.0020" classname="Validating components/datatypes/deprecated/webpagedetails.example.2.json">
    </testcase>
    <testcase name="Validity of examples Validating components/datatypes/deprecated/webreferrer.example.1.json" time="0.0080" classname="Validating components/datatypes/deprecated/webreferrer.example.1.json">
    </testcase>
    <testcase name="Validity of examples Validating components/datatypes/device.example.1.json" time="0.0020" classname="Validating components/datatypes/device.example.1.json">
    </testcase>
    <testcase name="Validity of examples Validating components/datatypes/enduserids.example.1.json" time="0.0020" classname="Validating components/datatypes/enduserids.example.1.json">
    </testcase>
    <testcase name="Validity of examples Validating components/datatypes/environment.example.1.json" time="0.0010" classname="Validating components/datatypes/environment.example.1.json">
    </testcase>
    <testcase name="Validity of examples Validating components/datatypes/errordetails.example.1.json" time="0.0000" classname="Validating components/datatypes/errordetails.example.1.json">
    </testcase>
    <testcase name="Validity of examples Validating components/datatypes/extensible.example.1.json" time="0.0010" classname="Validating components/datatypes/extensible.example.1.json">
    </testcase>
    <testcase name="Validity of examples Validating components/datatypes/extensible.example.2.json" time="0.0000" classname="Validating components/datatypes/extensible.example.2.json">
    </testcase>
    <testcase name="Validity of examples Validating components/datatypes/extensible.example.3.json" time="0.0200" classname="Validating components/datatypes/extensible.example.3.json">
    </testcase>
    <testcase name="Validity of examples Validating components/datatypes/external/id3/audio.example.1.json" time="0.0040" classname="Validating components/datatypes/external/id3/audio.example.1.json">
    </testcase>
    <testcase name="Validity of examples Validating components/datatypes/external/iptc/creator.example.1.json" time="0.0000" classname="Validating components/datatypes/external/iptc/creator.example.1.json">
    </testcase>
    <testcase name="Validity of examples Validating components/datatypes/external/iptc/episode.example.1.json" time="0.0010" classname="Validating components/datatypes/external/iptc/episode.example.1.json">
    </testcase>
    <testcase name="Validity of examples Validating components/datatypes/external/iptc/rating.example.1.json" time="0.0000" classname="Validating components/datatypes/external/iptc/rating.example.1.json">
    </testcase>
    <testcase name="Validity of examples Validating components/datatypes/external/iptc/season.example.1.json" time="0.0000" classname="Validating components/datatypes/external/iptc/season.example.1.json">
    </testcase>
    <testcase name="Validity of examples Validating components/datatypes/external/iptc/series.example.1.json" time="0.0010" classname="Validating components/datatypes/external/iptc/series.example.1.json">
    </testcase>
    <testcase name="Validity of examples Validating components/datatypes/external/repo/common.example.1.json" time="0.0000" classname="Validating components/datatypes/external/repo/common.example.1.json">
    </testcase>
    <testcase name="Validity of examples Validating components/datatypes/external/schema/geocircle.example.1.json" time="0.0000" classname="Validating components/datatypes/external/schema/geocircle.example.1.json">
    </testcase>
    <testcase name="Validity of examples Validating components/datatypes/external/schema/geocoordinates.example.1.json" time="0.0010" classname="Validating components/datatypes/external/schema/geocoordinates.example.1.json">
    </testcase>
    <testcase name="Validity of examples Validating components/datatypes/external/schema/geoshape.example.1.json" time="0.0000" classname="Validating components/datatypes/external/schema/geoshape.example.1.json">
    </testcase>
    <testcase name="Validity of examples Validating components/datatypes/geo-interaction-details.example.1.json" time="0.0120" classname="Validating components/datatypes/geo-interaction-details.example.1.json">
    </testcase>
    <testcase name="Validity of examples Validating components/datatypes/identity.example.1.json" time="0.0010" classname="Validating components/datatypes/identity.example.1.json">
    </testcase>
    <testcase name="Validity of examples Validating components/datatypes/identity.example.2.json" time="0.0000" classname="Validating components/datatypes/identity.example.2.json">
    </testcase>
    <testcase name="Validity of examples Validating components/datatypes/identityitem.example.1.json" time="0.0020" classname="Validating components/datatypes/identityitem.example.1.json">
    </testcase>
    <testcase name="Validity of examples Validating components/datatypes/industry-verticals/claim.example.1.json" time="0.0010" classname="Validating components/datatypes/industry-verticals/claim.example.1.json">
    </testcase>
    <testcase name="Validity of examples Validating components/datatypes/industry-verticals/comparisons.example.1.json" time="0.0030" classname="Validating components/datatypes/industry-verticals/comparisons.example.1.json">
    </testcase>
    <testcase name="Validity of examples Validating components/datatypes/industry-verticals/file-transfer.example.1.json" time="0.0020" classname="Validating components/datatypes/industry-verticals/file-transfer.example.1.json">
    </testcase>
    <testcase name="Validity of examples Validating components/datatypes/industry-verticals/financial-account.example.1.json" time="0.0020" classname="Validating components/datatypes/industry-verticals/financial-account.example.1.json">
    </testcase>
    <testcase name="Validity of examples Validating components/datatypes/industry-verticals/form-applications.example.1.json" time="0.0020" classname="Validating components/datatypes/industry-verticals/form-applications.example.1.json">
    </testcase>
    <testcase name="Validity of examples Validating components/datatypes/industry-verticals/implementationdetails.example.1.json" time="0.0010" classname="Validating components/datatypes/industry-verticals/implementationdetails.example.1.json">
    </testcase>
    <testcase name="Validity of examples Validating components/datatypes/industry-verticals/impressions.example.1.json" time="0.0010" classname="Validating components/datatypes/industry-verticals/impressions.example.1.json">
    </testcase>
    <testcase name="Validity of examples Validating components/datatypes/industry-verticals/internal-site-search.example.1.json" time="0.0030" classname="Validating components/datatypes/industry-verticals/internal-site-search.example.1.json">
    </testcase>
    <testcase name="Validity of examples Validating components/datatypes/industry-verticals/selfservice.example.1.json" time="0.0030" classname="Validating components/datatypes/industry-verticals/selfservice.example.1.json">
    </testcase>
    <testcase name="Validity of examples Validating components/datatypes/industry-verticals/subscription.example.1.json" time="0.0060" classname="Validating components/datatypes/industry-verticals/subscription.example.1.json">
    </testcase>
    <testcase name="Validity of examples Validating components/datatypes/industry-verticals/telecom-subscription.example.1.json" time="0.0070" classname="Validating components/datatypes/industry-verticals/telecom-subscription.example.1.json">
    </testcase>
    <testcase name="Validity of examples Validating components/datatypes/industry-verticals/tool-usage.example.1.json" time="0.0000" classname="Validating components/datatypes/industry-verticals/tool-usage.example.1.json">
    </testcase>
    <testcase name="Validity of examples Validating components/datatypes/industry-verticals/transaction.example.1.json" time="0.0010" classname="Validating components/datatypes/industry-verticals/transaction.example.1.json">
    </testcase>
    <testcase name="Validity of examples Validating components/datatypes/keyedlist.example.1.json" time="0.0000" classname="Validating components/datatypes/keyedlist.example.1.json">
    </testcase>
    <testcase name="Validity of examples Validating components/datatypes/keyvalue.example.1.json" time="0.0010" classname="Validating components/datatypes/keyvalue.example.1.json">
    </testcase>
    <testcase name="Validity of examples Validating components/datatypes/marketing/advertising-break.example.1.json" time="0.0000" classname="Validating components/datatypes/marketing/advertising-break.example.1.json">
    </testcase>
    <testcase name="Validity of examples Validating components/datatypes/marketing/advertising.example.1.json" time="0.0010" classname="Validating components/datatypes/marketing/advertising.example.1.json">
    </testcase>
    <testcase name="Validity of examples Validating components/datatypes/marketing/commerce.example.1.json" time="0.0000" classname="Validating components/datatypes/marketing/commerce.example.1.json">
    </testcase>
    <testcase name="Validity of examples Validating components/datatypes/marketing/direct-marketing.example.1.json" time="0.0010" classname="Validating components/datatypes/marketing/direct-marketing.example.1.json">
    </testcase>
    <testcase name="Validity of examples Validating components/datatypes/marketing/directmarketing-address.example.1.json" time="0.0010" classname="Validating components/datatypes/marketing/directmarketing-address.example.1.json">
    </testcase>
    <testcase name="Validity of examples Validating components/datatypes/marketing/directmarketing-emailaddress.example.1.json" time="0.0010" classname="Validating components/datatypes/marketing/directmarketing-emailaddress.example.1.json">
    </testcase>
    <testcase name="Validity of examples Validating components/datatypes/marketing/directmarketing-phonenumber.example.1.json" time="0.0010" classname="Validating components/datatypes/marketing/directmarketing-phonenumber.example.1.json">
    </testcase>
    <testcase name="Validity of examples Validating components/datatypes/marketing/marketing.example.1.json" time="0.0010" classname="Validating components/datatypes/marketing/marketing.example.1.json">
    </testcase>
    <testcase name="Validity of examples Validating components/datatypes/mediadetails.example.1.json" time="0.0010" classname="Validating components/datatypes/mediadetails.example.1.json">
    </testcase>
    <testcase name="Validity of examples Validating components/datatypes/mediaevent.example.1.json" time="0.0010" classname="Validating components/datatypes/mediaevent.example.1.json">
    </testcase>
    <testcase name="Validity of examples Validating components/datatypes/namespace.example.1.json" time="0.0000" classname="Validating components/datatypes/namespace.example.1.json">
    </testcase>
    <testcase name="Validity of examples Validating components/datatypes/namespace.invalid.1.json" time="0.0010" classname="Validating components/datatypes/namespace.invalid.1.json">
    </testcase>
    <testcase name="Validity of examples Validating components/datatypes/optinout-additional-details.example.1.json" time="0.0010" classname="Validating components/datatypes/optinout-additional-details.example.1.json">
    </testcase>
    <testcase name="Validity of examples Validating components/datatypes/page.example.1.json" time="0.0010" classname="Validating components/datatypes/page.example.1.json">
    </testcase>
    <testcase name="Validity of examples Validating components/datatypes/page.example.2.json" time="0.0000" classname="Validating components/datatypes/page.example.2.json">
    </testcase>
    <testcase name="Validity of examples Validating components/datatypes/page.invalid.1.json" time="0.0010" classname="Validating components/datatypes/page.invalid.1.json">
    </testcase>
    <testcase name="Validity of examples Validating components/datatypes/person/person-name.example.1.json" time="0.0000" classname="Validating components/datatypes/person/person-name.example.1.json">
    </testcase>
    <testcase name="Validity of examples Validating components/datatypes/person/person-name.example.2.json" time="0.0010" classname="Validating components/datatypes/person/person-name.example.2.json">
    </testcase>
    <testcase name="Validity of examples Validating components/datatypes/person/person-name.example.3.json" time="0.0000" classname="Validating components/datatypes/person/person-name.example.3.json">
    </testcase>
    <testcase name="Validity of examples Validating components/datatypes/person/person.example.1.json" time="0.0000" classname="Validating components/datatypes/person/person.example.1.json">
    </testcase>
    <testcase name="Validity of examples Validating components/datatypes/placecontext.example.1.json" time="0.0010" classname="Validating components/datatypes/placecontext.example.1.json">
    </testcase>
    <testcase name="Validity of examples Validating components/datatypes/playerstatedata.example.1.json" time="0.0000" classname="Validating components/datatypes/playerstatedata.example.1.json">
    </testcase>
    <testcase name="Validity of examples Validating components/datatypes/poi-detail.example.1.json" time="0.0000" classname="Validating components/datatypes/poi-detail.example.1.json">
    </testcase>
    <testcase name="Validity of examples Validating components/datatypes/poi-detail.example.2.json" time="0.0010" classname="Validating components/datatypes/poi-detail.example.2.json">
    </testcase>
    <testcase name="Validity of examples Validating components/datatypes/product.example.1.json" time="0.0050" classname="Validating components/datatypes/product.example.1.json">
    </testcase>
    <testcase name="Validity of examples Validating components/datatypes/productlistitem.example.1.json" time="0.0000" classname="Validating components/datatypes/productlistitem.example.1.json">
    </testcase>
    <testcase name="Validity of examples Validating components/datatypes/productlistitem.example.2.json" time="0.0000" classname="Validating components/datatypes/productlistitem.example.2.json">
    </testcase>
    <testcase name="Validity of examples Validating components/datatypes/profilestitch.example.1.json" time="0.0010" classname="Validating components/datatypes/profilestitch.example.1.json">
    </testcase>
    <testcase name="Validity of examples Validating components/datatypes/profilestitchidentity.example.1.json" time="0.0000" classname="Validating components/datatypes/profilestitchidentity.example.1.json">
    </testcase>
    <testcase name="Validity of examples Validating components/datatypes/pushdetail.example.1.json" time="0.0080" classname="Validating components/datatypes/pushdetail.example.1.json">
    </testcase>
    <testcase name="Validity of examples Validating components/datatypes/pushnotificationtoken.example.1.json" time="0.0070" classname="Validating components/datatypes/pushnotificationtoken.example.1.json">
    </testcase>
    <testcase name="Validity of examples Validating components/datatypes/qoedatadetails.example.1.json" time="0.0010" classname="Validating components/datatypes/qoedatadetails.example.1.json">
    </testcase>
    <testcase name="Validity of examples Validating components/datatypes/refunditem.example.1.json" time="0.0000" classname="Validating components/datatypes/refunditem.example.1.json">
    </testcase>
    <testcase name="Validity of examples Validating components/datatypes/requisitionlist.example.1.json" time="0.0010" classname="Validating components/datatypes/requisitionlist.example.1.json">
    </testcase>
    <testcase name="Validity of examples Validating components/datatypes/return.example.1.json" time="0.0000" classname="Validating components/datatypes/return.example.1.json">
    </testcase>
    <testcase name="Validity of examples Validating components/datatypes/returnitem.example.1.json" time="0.0000" classname="Validating components/datatypes/returnitem.example.1.json">
    </testcase>
    <testcase name="Validity of examples Validating components/datatypes/search.example.1.json" time="0.0010" classname="Validating components/datatypes/search.example.1.json">
    </testcase>
    <testcase name="Validity of examples Validating components/datatypes/segmentidentity.example.1.json" time="0.0000" classname="Validating components/datatypes/segmentidentity.example.1.json">
    </testcase>
    <testcase name="Validity of examples Validating components/datatypes/segmentmembership.example.1.json" time="0.0010" classname="Validating components/datatypes/segmentmembership.example.1.json">
    </testcase>
    <testcase name="Validity of examples Validating components/datatypes/segmentmembershipitem.example.1.json" time="0.0000" classname="Validating components/datatypes/segmentmembershipitem.example.1.json">
    </testcase>
    <testcase name="Validity of examples Validating components/datatypes/sessiondetails.example.1.json" time="0.0010" classname="Validating components/datatypes/sessiondetails.example.1.json">
    </testcase>
    <testcase name="Validity of examples Validating components/datatypes/shipping.example.1.json" time="0.0010" classname="Validating components/datatypes/shipping.example.1.json">
    </testcase>
    <testcase name="Validity of examples Validating components/datatypes/sitesearch.example.1.json" time="0.0080" classname="Validating components/datatypes/sitesearch.example.1.json">
    </testcase>
    <testcase name="Validity of examples Validating components/datatypes/sitesearch.example.2.json" time="0.0010" classname="Validating components/datatypes/sitesearch.example.2.json">
    </testcase>
    <testcase name="Validity of examples Validating components/datatypes/store-web-order.example.1.json" time="0.0020" classname="Validating components/datatypes/store-web-order.example.1.json">
    </testcase>
    <testcase name="Validity of examples Validating components/datatypes/webinfo.example.1.json" time="0.0010" classname="Validating components/datatypes/webinfo.example.1.json">
    </testcase>
    <testcase name="Validity of examples Validating components/datatypes/webinfo.example.2.json" time="0.0010" classname="Validating components/datatypes/webinfo.example.2.json">
    </testcase>
    <testcase name="Validity of examples Validating components/fieldgroups/account-person/account-person-details.example.1.json" time="0.0000" classname="Validating components/fieldgroups/account-person/account-person-details.example.1.json">
    </testcase>
    <testcase name="Validity of examples Validating components/fieldgroups/account/account-components.example.1.json" time="0.0020" classname="Validating components/fieldgroups/account/account-components.example.1.json">
    </testcase>
    <testcase name="Validity of examples Validating components/fieldgroups/account/account-details.example.1.json" time="0.0020" classname="Validating components/fieldgroups/account/account-details.example.1.json">
    </testcase>
    <testcase name="Validity of examples Validating components/fieldgroups/account/account-person-components.example.1.json" time="0.0020" classname="Validating components/fieldgroups/account/account-person-components.example.1.json">
    </testcase>
    <testcase name="Validity of examples Validating components/fieldgroups/account/events/account-data-value-change.example.1.json" time="0.0020" classname="Validating components/fieldgroups/account/events/account-data-value-change.example.1.json">
    </testcase>
    <testcase name="Validity of examples Validating components/fieldgroups/account/events/account-interesting-moment.example.1.json" time="0.0010" classname="Validating components/fieldgroups/account/events/account-interesting-moment.example.1.json">
    </testcase>
    <testcase name="Validity of examples Validating components/fieldgroups/account/events/account-score-change.example.1.json" time="0.0010" classname="Validating components/fieldgroups/account/events/account-score-change.example.1.json">
    </testcase>
    <testcase name="Validity of examples Validating components/fieldgroups/account/events/add-to-account-list-change.example.1.json" time="0.0080" classname="Validating components/fieldgroups/account/events/add-to-account-list-change.example.1.json">
    </testcase>
    <testcase name="Validity of examples Validating components/fieldgroups/account/events/add-to-journey.example.1.json" time="0.0010" classname="Validating components/fieldgroups/account/events/add-to-journey.example.1.json">
    </testcase>
    <testcase name="Validity of examples Validating components/fieldgroups/account/events/remove-from-account-list-change.example.1.json" time="0.0020" classname="Validating components/fieldgroups/account/events/remove-from-account-list-change.example.1.json">
    </testcase>
    <testcase name="Validity of examples Validating components/fieldgroups/account/events/remove-from-journey.example.1.json" time="0.0020" classname="Validating components/fieldgroups/account/events/remove-from-journey.example.1.json">
    </testcase>
    <testcase name="Validity of examples Validating components/fieldgroups/account/related-accounts.example.1.json" time="0.0030" classname="Validating components/fieldgroups/account/related-accounts.example.1.json">
    </testcase>
    <testcase name="Validity of examples Validating components/fieldgroups/campaign-member/campaign-member-components.example.1.json" time="0.0070" classname="Validating components/fieldgroups/campaign-member/campaign-member-components.example.1.json">
    </testcase>
    <testcase name="Validity of examples Validating components/fieldgroups/campaign-member/campaign-member-details.example.1.json" time="0.0020" classname="Validating components/fieldgroups/campaign-member/campaign-member-details.example.1.json">
    </testcase>
    <testcase name="Validity of examples Validating components/fieldgroups/campaign/campaign-components.example.1.json" time="0.0010" classname="Validating components/fieldgroups/campaign/campaign-components.example.1.json">
    </testcase>
    <testcase name="Validity of examples Validating components/fieldgroups/campaign/campaign-details.example.1.json" time="0.0020" classname="Validating components/fieldgroups/campaign/campaign-details.example.1.json">
    </testcase>
    <testcase name="Validity of examples Validating components/fieldgroups/conversion/currency-conversion-details.example.1.json" time="0.0010" classname="Validating components/fieldgroups/conversion/currency-conversion-details.example.1.json">
    </testcase>
    <testcase name="Validity of examples Validating components/fieldgroups/deprecated/deprecated-profile-consent.example.1.json" time="0.0010" classname="Validating components/fieldgroups/deprecated/deprecated-profile-consent.example.1.json">
    </testcase>
    <testcase name="Validity of examples Validating components/fieldgroups/deprecated/experienceevent-alert-setup-steps.example.1.json" time="0.0010" classname="Validating components/fieldgroups/deprecated/experienceevent-alert-setup-steps.example.1.json">
    </testcase>
    <testcase name="Validity of examples Validating components/fieldgroups/deprecated/experienceevent-appointment-request-steps.example.1.json" time="0.0010" classname="Validating components/fieldgroups/deprecated/experienceevent-appointment-request-steps.example.1.json">
    </testcase>
    <testcase name="Validity of examples Validating components/fieldgroups/deprecated/experienceevent-autopay-enrollment-details.example.1.json" time="0.0010" classname="Validating components/fieldgroups/deprecated/experienceevent-autopay-enrollment-details.example.1.json">
    </testcase>
    <testcase name="Validity of examples Validating components/fieldgroups/deprecated/experienceevent-dispute-steps.example.1.json" time="0.0000" classname="Validating components/fieldgroups/deprecated/experienceevent-dispute-steps.example.1.json">
    </testcase>
    <testcase name="Validity of examples Validating components/fieldgroups/deprecated/experienceevent-enduserids-deprecated.example.1.json" time="0.0040" classname="Validating components/fieldgroups/deprecated/experienceevent-enduserids-deprecated.example.1.json">
    </testcase>
    <testcase name="Validity of examples Validating components/fieldgroups/deprecated/experienceevent-financial-account-creation-steps.example.1.json" time="0.0010" classname="Validating components/fieldgroups/deprecated/experienceevent-financial-account-creation-steps.example.1.json">
    </testcase>
    <testcase name="Validity of examples Validating components/fieldgroups/deprecated/experienceevent-financial-calculator-steps.example.1.json" time="0.0010" classname="Validating components/fieldgroups/deprecated/experienceevent-financial-calculator-steps.example.1.json">
    </testcase>
    <testcase name="Validity of examples Validating components/fieldgroups/deprecated/experienceevent-media.example.1.json" time="0.0010" classname="Validating components/fieldgroups/deprecated/experienceevent-media.example.1.json">
    </testcase>
    <testcase name="Validity of examples Validating components/fieldgroups/deprecated/experienceevent-paperless-enrollment-steps.example.1.json" time="0.0010" classname="Validating components/fieldgroups/deprecated/experienceevent-paperless-enrollment-steps.example.1.json">
    </testcase>
    <testcase name="Validity of examples Validating components/fieldgroups/deprecated/experienceevent-referral-steps.example.1.json" time="0.0010" classname="Validating components/fieldgroups/deprecated/experienceevent-referral-steps.example.1.json">
    </testcase>
    <testcase name="Validity of examples Validating components/fieldgroups/deprecated/experienceevent-request-credit-score-steps.example.1.json" time="0.0010" classname="Validating components/fieldgroups/deprecated/experienceevent-request-credit-score-steps.example.1.json">
    </testcase>
    <testcase name="Validity of examples Validating components/fieldgroups/deprecated/experienceevent-support-request.example.1.json" time="0.0010" classname="Validating components/fieldgroups/deprecated/experienceevent-support-request.example.1.json">
    </testcase>
    <testcase name="Validity of examples Validating components/fieldgroups/deprecated/experienceevent-watchlist-steps.example.1.json" time="0.0000" classname="Validating components/fieldgroups/deprecated/experienceevent-watchlist-steps.example.1.json">
    </testcase>
    <testcase name="Validity of examples Validating components/fieldgroups/deprecated/profile-identities-deprecated.example.1.json" time="0.0030" classname="Validating components/fieldgroups/deprecated/profile-identities-deprecated.example.1.json">
    </testcase>
    <testcase name="Validity of examples Validating components/fieldgroups/deprecated/profile-person-details-v2.example.1.json" time="0.0070" classname="Validating components/fieldgroups/deprecated/profile-person-details-v2.example.1.json">
    </testcase>
    <testcase name="Validity of examples Validating components/fieldgroups/experience-event/events/add-to-campaign.example.1.json" time="0.0040" classname="Validating components/fieldgroups/experience-event/events/add-to-campaign.example.1.json">
    </testcase>
    <testcase name="Validity of examples Validating components/fieldgroups/experience-event/events/add-to-list.example.1.json" time="0.0140" classname="Validating components/fieldgroups/experience-event/events/add-to-list.example.1.json">
    </testcase>
    <testcase name="Validity of examples Validating components/fieldgroups/experience-event/events/add-to-opportunity.example.1.json" time="0.0010" classname="Validating components/fieldgroups/experience-event/events/add-to-opportunity.example.1.json">
    </testcase>
    <testcase name="Validity of examples Validating components/fieldgroups/experience-event/events/callwebhook.example.1.json" time="0.0010" classname="Validating components/fieldgroups/experience-event/events/callwebhook.example.1.json">
    </testcase>
    <testcase name="Validity of examples Validating components/fieldgroups/experience-event/events/change-campaign-cadence.example.1.json" time="0.0000" classname="Validating components/fieldgroups/experience-event/events/change-campaign-cadence.example.1.json">
    </testcase>
    <testcase name="Validity of examples Validating components/fieldgroups/experience-event/events/change-campaign-stream.example.1.json" time="0.0010" classname="Validating components/fieldgroups/experience-event/events/change-campaign-stream.example.1.json">
    </testcase>
    <testcase name="Validity of examples Validating components/fieldgroups/experience-event/events/convert-lead.example.1.json" time="0.0010" classname="Validating components/fieldgroups/experience-event/events/convert-lead.example.1.json">
    </testcase>
    <testcase name="Validity of examples Validating components/fieldgroups/experience-event/events/emailbounced.example.1.json" time="0.0010" classname="Validating components/fieldgroups/experience-event/events/emailbounced.example.1.json">
    </testcase>
    <testcase name="Validity of examples Validating components/fieldgroups/experience-event/events/emailbouncedsoft.example.1.json" time="0.0010" classname="Validating components/fieldgroups/experience-event/events/emailbouncedsoft.example.1.json">
    </testcase>
    <testcase name="Validity of examples Validating components/fieldgroups/experience-event/events/emailclicked.example.1.json" time="0.0020" classname="Validating components/fieldgroups/experience-event/events/emailclicked.example.1.json">
    </testcase>
    <testcase name="Validity of examples Validating components/fieldgroups/experience-event/events/emaildelivered.example.1.json" time="0.0010" classname="Validating components/fieldgroups/experience-event/events/emaildelivered.example.1.json">
    </testcase>
    <testcase name="Validity of examples Validating components/fieldgroups/experience-event/events/emailopened.example.1.json" time="0.0010" classname="Validating components/fieldgroups/experience-event/events/emailopened.example.1.json">
    </testcase>
    <testcase name="Validity of examples Validating components/fieldgroups/experience-event/events/emailsent.example.1.json" time="0.0000" classname="Validating components/fieldgroups/experience-event/events/emailsent.example.1.json">
    </testcase>
    <testcase name="Validity of examples Validating components/fieldgroups/experience-event/events/emailunsubscribed.example.1.json" time="0.0020" classname="Validating components/fieldgroups/experience-event/events/emailunsubscribed.example.1.json">
    </testcase>
    <testcase name="Validity of examples Validating components/fieldgroups/experience-event/events/engaged-with-dialogue.example.1.json" time="0.0020" classname="Validating components/fieldgroups/experience-event/events/engaged-with-dialogue.example.1.json">
    </testcase>
    <testcase name="Validity of examples Validating components/fieldgroups/experience-event/events/formfilledout.example.1.json" time="0.0020" classname="Validating components/fieldgroups/experience-event/events/formfilledout.example.1.json">
    </testcase>
    <testcase name="Validity of examples Validating components/fieldgroups/experience-event/events/interesting-moment.example.1.json" time="0.0010" classname="Validating components/fieldgroups/experience-event/events/interesting-moment.example.1.json">
    </testcase>
    <testcase name="Validity of examples Validating components/fieldgroups/experience-event/events/linkclicks.example.1.json" time="0.0010" classname="Validating components/fieldgroups/experience-event/events/linkclicks.example.1.json">
    </testcase>
    <testcase name="Validity of examples Validating components/fieldgroups/experience-event/events/merge-leads.example.1.json" time="0.0010" classname="Validating components/fieldgroups/experience-event/events/merge-leads.example.1.json">
    </testcase>
    <testcase name="Validity of examples Validating components/fieldgroups/experience-event/events/new-lead.example.1.json" time="0.0010" classname="Validating components/fieldgroups/experience-event/events/new-lead.example.1.json">
    </testcase>
    <testcase name="Validity of examples Validating components/fieldgroups/experience-event/events/opportunityupdated.example.1.json" time="0.0010" classname="Validating components/fieldgroups/experience-event/events/opportunityupdated.example.1.json">
    </testcase>
    <testcase name="Validity of examples Validating components/fieldgroups/experience-event/events/remove-from-list.example.1.json" time="0.0010" classname="Validating components/fieldgroups/experience-event/events/remove-from-list.example.1.json">
    </testcase>
    <testcase name="Validity of examples Validating components/fieldgroups/experience-event/events/remove-from-opportunity.example.1.json" time="0.0010" classname="Validating components/fieldgroups/experience-event/events/remove-from-opportunity.example.1.json">
    </testcase>
    <testcase name="Validity of examples Validating components/fieldgroups/experience-event/events/revenueStageChanged.example.1.json" time="0.0010" classname="Validating components/fieldgroups/experience-event/events/revenueStageChanged.example.1.json">
    </testcase>
    <testcase name="Validity of examples Validating components/fieldgroups/experience-event/events/scorechanged.example.1.json" time="0.0010" classname="Validating components/fieldgroups/experience-event/events/scorechanged.example.1.json">
    </testcase>
    <testcase name="Validity of examples Validating components/fieldgroups/experience-event/events/statusincampaignprogressionchanged.example.1.json" time="0.0010" classname="Validating components/fieldgroups/experience-event/events/statusincampaignprogressionchanged.example.1.json">
    </testcase>
    <testcase name="Validity of examples Validating components/fieldgroups/experience-event/events/visit-webpage.example.1.json" time="0.0020" classname="Validating components/fieldgroups/experience-event/events/visit-webpage.example.1.json">
    </testcase>
    <testcase name="Validity of examples Validating components/fieldgroups/experience-event/experienceevent-advertising.example.1.json" time="0.0010" classname="Validating components/fieldgroups/experience-event/experienceevent-advertising.example.1.json">
    </testcase>
    <testcase name="Validity of examples Validating components/fieldgroups/experience-event/experienceevent-application.example.1.json" time="0.0010" classname="Validating components/fieldgroups/experience-event/experienceevent-application.example.1.json">
    </testcase>
    <testcase name="Validity of examples Validating components/fieldgroups/experience-event/experienceevent-bot-detection.example.1.json" time="0.0000" classname="Validating components/fieldgroups/experience-event/experienceevent-bot-detection.example.1.json">
    </testcase>
    <testcase name="Validity of examples Validating components/fieldgroups/experience-event/experienceevent-card-actions.example.1.json" time="0.0010" classname="Validating components/fieldgroups/experience-event/experienceevent-card-actions.example.1.json">
    </testcase>
    <testcase name="Validity of examples Validating components/fieldgroups/experience-event/experienceevent-channel.example.1.json" time="0.0020" classname="Validating components/fieldgroups/experience-event/experienceevent-channel.example.1.json">
    </testcase>
    <testcase name="Validity of examples Validating components/fieldgroups/experience-event/experienceevent-commerce.example.1.json" time="0.0040" classname="Validating components/fieldgroups/experience-event/experienceevent-commerce.example.1.json">
    </testcase>
    <testcase name="Validity of examples Validating components/fieldgroups/experience-event/experienceevent-content.example.1.json" time="0.0020" classname="Validating components/fieldgroups/experience-event/experienceevent-content.example.1.json">
    </testcase>
    <testcase name="Validity of examples Validating components/fieldgroups/experience-event/experienceevent-directmarketing.example.1.json" time="0.0010" classname="Validating components/fieldgroups/experience-event/experienceevent-directmarketing.example.1.json">
    </testcase>
    <testcase name="Validity of examples Validating components/fieldgroups/experience-event/experienceevent-enduserids.example.1.json" time="0.0060" classname="Validating components/fieldgroups/experience-event/experienceevent-enduserids.example.1.json">
    </testcase>
    <testcase name="Validity of examples Validating components/fieldgroups/experience-event/experienceevent-environment-details.example.1.json" time="0.0010" classname="Validating components/fieldgroups/experience-event/experienceevent-environment-details.example.1.json">
    </testcase>
    <testcase name="Validity of examples Validating components/fieldgroups/experience-event/experienceevent-file-download-details.example.1.json" time="0.0010" classname="Validating components/fieldgroups/experience-event/experienceevent-file-download-details.example.1.json">
    </testcase>
    <testcase name="Validity of examples Validating components/fieldgroups/experience-event/experienceevent-file-upload-details.example.1.json" time="0.0010" classname="Validating components/fieldgroups/experience-event/experienceevent-file-upload-details.example.1.json">
    </testcase>
    <testcase name="Validity of examples Validating components/fieldgroups/experience-event/experienceevent-implementation-details.example.1.json" time="0.0030" classname="Validating components/fieldgroups/experience-event/experienceevent-implementation-details.example.1.json">
    </testcase>
    <testcase name="Validity of examples Validating components/fieldgroups/experience-event/experienceevent-implementation-details.example.2.json" time="0.0000" classname="Validating components/fieldgroups/experience-event/experienceevent-implementation-details.example.2.json">
    </testcase>
    <testcase name="Validity of examples Validating components/fieldgroups/experience-event/experienceevent-inappmessage-tracking.example.1.json" time="0.0040" classname="Validating components/fieldgroups/experience-event/experienceevent-inappmessage-tracking.example.1.json">
    </testcase>
    <testcase name="Validity of examples Validating components/fieldgroups/experience-event/experienceevent-knowledge-base-details.example.1.json" time="0.0010" classname="Validating components/fieldgroups/experience-event/experienceevent-knowledge-base-details.example.1.json">
    </testcase>
    <testcase name="Validity of examples Validating components/fieldgroups/experience-event/experienceevent-marketing.example.1.json" time="0.0000" classname="Validating components/fieldgroups/experience-event/experienceevent-marketing.example.1.json">
    </testcase>
    <testcase name="Validity of examples Validating components/fieldgroups/experience-event/experienceevent-media-analytics.example.1.json" time="0.0020" classname="Validating components/fieldgroups/experience-event/experienceevent-media-analytics.example.1.json">
    </testcase>
    <testcase name="Validity of examples Validating components/fieldgroups/experience-event/experienceevent-offer-impression-details.example.1.json" time="0.0010" classname="Validating components/fieldgroups/experience-event/experienceevent-offer-impression-details.example.1.json">
    </testcase>
    <testcase name="Validity of examples Validating components/fieldgroups/experience-event/experienceevent-order-details.example.1.json" time="0.0010" classname="Validating components/fieldgroups/experience-event/experienceevent-order-details.example.1.json">
    </testcase>
    <testcase name="Validity of examples Validating components/fieldgroups/experience-event/experienceevent-privacy.example.1.json" time="0.0380" classname="Validating components/fieldgroups/experience-event/experienceevent-privacy.example.1.json">
    </testcase>
    <testcase name="Validity of examples Validating components/fieldgroups/experience-event/experienceevent-profile-stitch.example.1.json" time="0.0010" classname="Validating components/fieldgroups/experience-event/experienceevent-profile-stitch.example.1.json">
    </testcase>
    <testcase name="Validity of examples Validating components/fieldgroups/experience-event/experienceevent-pushtracking.example.1.json" time="0.0040" classname="Validating components/fieldgroups/experience-event/experienceevent-pushtracking.example.1.json">
    </testcase>
    <testcase name="Validity of examples Validating components/fieldgroups/experience-event/experienceevent-quote-request-details.example.1.json" time="0.0010" classname="Validating components/fieldgroups/experience-event/experienceevent-quote-request-details.example.1.json">
    </testcase>
    <testcase name="Validity of examples Validating components/fieldgroups/experience-event/experienceevent-reference-keys.example.1.json" time="0.0010" classname="Validating components/fieldgroups/experience-event/experienceevent-reference-keys.example.1.json">
    </testcase>
    <testcase name="Validity of examples Validating components/fieldgroups/experience-event/experienceevent-search.example.1.json" time="0.0000" classname="Validating components/fieldgroups/experience-event/experienceevent-search.example.1.json">
    </testcase>
    <testcase name="Validity of examples Validating components/fieldgroups/experience-event/experienceevent-segmentmembership.example.1.json" time="0.0000" classname="Validating components/fieldgroups/experience-event/experienceevent-segmentmembership.example.1.json">
    </testcase>
    <testcase name="Validity of examples Validating components/fieldgroups/experience-event/experienceevent-segments-list.example.1.json" time="0.0000" classname="Validating components/fieldgroups/experience-event/experienceevent-segments-list.example.1.json">
    </testcase>
    <testcase name="Validity of examples Validating components/fieldgroups/experience-event/experienceevent-service-payment-details.example.1.json" time="0.0010" classname="Validating components/fieldgroups/experience-event/experienceevent-service-payment-details.example.1.json">
    </testcase>
    <testcase name="Validity of examples Validating components/fieldgroups/experience-event/experienceevent-site-search.example.1.json" time="0.0020" classname="Validating components/fieldgroups/experience-event/experienceevent-site-search.example.1.json">
    </testcase>
    <testcase name="Validity of examples Validating components/fieldgroups/experience-event/experienceevent-social-network-usage-details.example.1.json" time="0.0010" classname="Validating components/fieldgroups/experience-event/experienceevent-social-network-usage-details.example.1.json">
    </testcase>
    <testcase name="Validity of examples Validating components/fieldgroups/experience-event/experienceevent-stitching.example.1.json" time="0.0030" classname="Validating components/fieldgroups/experience-event/experienceevent-stitching.example.1.json">
    </testcase>
    <testcase name="Validity of examples Validating components/fieldgroups/experience-event/experienceevent-stitching.example.2.json" time="0.0000" classname="Validating components/fieldgroups/experience-event/experienceevent-stitching.example.2.json">
    </testcase>
    <testcase name="Validity of examples Validating components/fieldgroups/experience-event/experienceevent-support-site-search.example.1.json" time="0.0010" classname="Validating components/fieldgroups/experience-event/experienceevent-support-site-search.example.1.json">
    </testcase>
    <testcase name="Validity of examples Validating components/fieldgroups/experience-event/experienceevent-survey-response-details.example.1.json" time="0.0010" classname="Validating components/fieldgroups/experience-event/experienceevent-survey-response-details.example.1.json">
    </testcase>
    <testcase name="Validity of examples Validating components/fieldgroups/experience-event/experienceevent-technical-details.example.1.json" time="0.0000" classname="Validating components/fieldgroups/experience-event/experienceevent-technical-details.example.1.json">
    </testcase>
    <testcase name="Validity of examples Validating components/fieldgroups/experience-event/experienceevent-user-login-details.example.1.json" time="0.0020" classname="Validating components/fieldgroups/experience-event/experienceevent-user-login-details.example.1.json">
    </testcase>
    <testcase name="Validity of examples Validating components/fieldgroups/experience-event/experienceevent-web.example.1.json" time="0.0000" classname="Validating components/fieldgroups/experience-event/experienceevent-web.example.1.json">
    </testcase>
    <testcase name="Validity of examples Validating components/fieldgroups/experience-event/industry-verticals/experienceevent-alert-impressions.example.1.json" time="0.0010" classname="Validating components/fieldgroups/experience-event/industry-verticals/experienceevent-alert-impressions.example.1.json">
    </testcase>
    <testcase name="Validity of examples Validating components/fieldgroups/experience-event/industry-verticals/experienceevent-balance-transfers.example.1.json" time="0.0010" classname="Validating components/fieldgroups/experience-event/industry-verticals/experienceevent-balance-transfers.example.1.json">
    </testcase>
    <testcase name="Validity of examples Validating components/fieldgroups/experience-event/industry-verticals/experienceevent-bill-pay-details.example.1.json" time="0.0020" classname="Validating components/fieldgroups/experience-event/industry-verticals/experienceevent-bill-pay-details.example.1.json">
    </testcase>
    <testcase name="Validity of examples Validating components/fieldgroups/experience-event/industry-verticals/experienceevent-card-application-details.example.1.json" time="0.0010" classname="Validating components/fieldgroups/experience-event/industry-verticals/experienceevent-card-application-details.example.1.json">
    </testcase>
    <testcase name="Validity of examples Validating components/fieldgroups/experience-event/industry-verticals/experienceevent-claim-details.example.1.json" time="0.0010" classname="Validating components/fieldgroups/experience-event/industry-verticals/experienceevent-claim-details.example.1.json">
    </testcase>
    <testcase name="Validity of examples Validating components/fieldgroups/experience-event/industry-verticals/experienceevent-contact-request-details.example.1.json" time="0.0010" classname="Validating components/fieldgroups/experience-event/industry-verticals/experienceevent-contact-request-details.example.1.json">
    </testcase>
    <testcase name="Validity of examples Validating components/fieldgroups/experience-event/industry-verticals/experienceevent-credit-limit-increase-details.example.1.json" time="0.0010" classname="Validating components/fieldgroups/experience-event/industry-verticals/experienceevent-credit-limit-increase-details.example.1.json">
    </testcase>
    <testcase name="Validity of examples Validating components/fieldgroups/experience-event/industry-verticals/experienceevent-deposit-details.example.1.json" time="0.0010" classname="Validating components/fieldgroups/experience-event/industry-verticals/experienceevent-deposit-details.example.1.json">
    </testcase>
    <testcase name="Validity of examples Validating components/fieldgroups/experience-event/industry-verticals/experienceevent-device-trade-in-details.example.1.json" time="0.0010" classname="Validating components/fieldgroups/experience-event/industry-verticals/experienceevent-device-trade-in-details.example.1.json">
    </testcase>
    <testcase name="Validity of examples Validating components/fieldgroups/experience-event/industry-verticals/experienceevent-dining-reservation.example.1.json" time="0.0030" classname="Validating components/fieldgroups/experience-event/industry-verticals/experienceevent-dining-reservation.example.1.json">
    </testcase>
    <testcase name="Validity of examples Validating components/fieldgroups/experience-event/industry-verticals/experienceevent-flight-reservation.example.1.json" time="0.0080" classname="Validating components/fieldgroups/experience-event/industry-verticals/experienceevent-flight-reservation.example.1.json">
    </testcase>
    <testcase name="Validity of examples Validating components/fieldgroups/experience-event/industry-verticals/experienceevent-healthcare-sitetool.example.1.json" time="0.0020" classname="Validating components/fieldgroups/experience-event/industry-verticals/experienceevent-healthcare-sitetool.example.1.json">
    </testcase>
    <testcase name="Validity of examples Validating components/fieldgroups/experience-event/industry-verticals/experienceevent-insurance-claim-process.example.1.json" time="0.0010" classname="Validating components/fieldgroups/experience-event/industry-verticals/experienceevent-insurance-claim-process.example.1.json">
    </testcase>
    <testcase name="Validity of examples Validating components/fieldgroups/experience-event/industry-verticals/experienceevent-live-event-ticket-purchase.example.1.json" time="0.0020" classname="Validating components/fieldgroups/experience-event/industry-verticals/experienceevent-live-event-ticket-purchase.example.1.json">
    </testcase>
    <testcase name="Validity of examples Validating components/fieldgroups/experience-event/industry-verticals/experienceevent-loan-application-details.example.1.json" time="0.0010" classname="Validating components/fieldgroups/experience-event/industry-verticals/experienceevent-loan-application-details.example.1.json">
    </testcase>
    <testcase name="Validity of examples Validating components/fieldgroups/experience-event/industry-verticals/experienceevent-lodging-reservation.example.1.json" time="0.0120" classname="Validating components/fieldgroups/experience-event/industry-verticals/experienceevent-lodging-reservation.example.1.json">
    </testcase>
    <testcase name="Validity of examples Validating components/fieldgroups/experience-event/industry-verticals/experienceevent-prescription-details.example.1.json" time="0.0050" classname="Validating components/fieldgroups/experience-event/industry-verticals/experienceevent-prescription-details.example.1.json">
    </testcase>
    <testcase name="Validity of examples Validating components/fieldgroups/experience-event/industry-verticals/experienceevent-reservation-details.example.1.json" time="0.0010" classname="Validating components/fieldgroups/experience-event/industry-verticals/experienceevent-reservation-details.example.1.json">
    </testcase>
    <testcase name="Validity of examples Validating components/fieldgroups/experience-event/industry-verticals/experienceevent-reservation-search.example.1.json" time="0.0020" classname="Validating components/fieldgroups/experience-event/industry-verticals/experienceevent-reservation-search.example.1.json">
    </testcase>
    <testcase name="Validity of examples Validating components/fieldgroups/experience-event/industry-verticals/experienceevent-upgrade-details.example.1.json" time="0.0030" classname="Validating components/fieldgroups/experience-event/industry-verticals/experienceevent-upgrade-details.example.1.json">
    </testcase>
    <testcase name="Validity of examples Validating components/fieldgroups/experience-event/industry-verticals/experienceevent-upsell-details.example.1.json" time="0.0010" classname="Validating components/fieldgroups/experience-event/industry-verticals/experienceevent-upsell-details.example.1.json">
    </testcase>
    <testcase name="Validity of examples Validating components/fieldgroups/experience-event/industry-verticals/experienceevent-vehicle-reservation.example.1.json" time="0.0020" classname="Validating components/fieldgroups/experience-event/industry-verticals/experienceevent-vehicle-reservation.example.1.json">
    </testcase>
    <testcase name="Validity of examples Validating components/fieldgroups/experience-event/industry-verticals/experienceevent-warranty-claim-process.example.1.json" time="0.0010" classname="Validating components/fieldgroups/experience-event/industry-verticals/experienceevent-warranty-claim-process.example.1.json">
    </testcase>
    <testcase name="Validity of examples Validating components/fieldgroups/graphs/graph-edge.example.1.json" time="0.0060" classname="Validating components/fieldgroups/graphs/graph-edge.example.1.json">
    </testcase>
    <testcase name="Validity of examples Validating components/fieldgroups/graphs/graph-node.example.1.json" time="0.0040" classname="Validating components/fieldgroups/graphs/graph-node.example.1.json">
    </testcase>
    <testcase name="Validity of examples Validating components/fieldgroups/graphs/graph.example.1.json" time="0.0040" classname="Validating components/fieldgroups/graphs/graph.example.1.json">
    </testcase>
    <testcase name="Validity of examples Validating components/fieldgroups/intent/account-intent-details.example.1.json" time="0.0100" classname="Validating components/fieldgroups/intent/account-intent-details.example.1.json">
    </testcase>
    <testcase name="Validity of examples Validating components/fieldgroups/live-event-schedule/sports-entertainment-event-schedule.example.1.json" time="0.0010" classname="Validating components/fieldgroups/live-event-schedule/sports-entertainment-event-schedule.example.1.json">
    </testcase>
    <testcase name="Validity of examples Validating components/fieldgroups/location/sports-entertainment-event-venue.example.1.json" time="0.0020" classname="Validating components/fieldgroups/location/sports-entertainment-event-venue.example.1.json">
    </testcase>
    <testcase name="Validity of examples Validating components/fieldgroups/marketing-list/marketing-list-components.example.1.json" time="0.0020" classname="Validating components/fieldgroups/marketing-list/marketing-list-components.example.1.json">
    </testcase>
    <testcase name="Validity of examples Validating components/fieldgroups/marketing-list/marketing-list-member-components.example.1.json" time="0.0020" classname="Validating components/fieldgroups/marketing-list/marketing-list-member-components.example.1.json">
    </testcase>
    <testcase name="Validity of examples Validating components/fieldgroups/medication/healthcare-medication.example.1.json" time="0.0010" classname="Validating components/fieldgroups/medication/healthcare-medication.example.1.json">
    </testcase>
    <testcase name="Validity of examples Validating components/fieldgroups/opportunity-contact-role/opportunity-contact-role-details.example.1.json" time="0.0010" classname="Validating components/fieldgroups/opportunity-contact-role/opportunity-contact-role-details.example.1.json">
    </testcase>
    <testcase name="Validity of examples Validating components/fieldgroups/opportunity/opportunity-components.example.1.json" time="0.0040" classname="Validating components/fieldgroups/opportunity/opportunity-components.example.1.json">
    </testcase>
    <testcase name="Validity of examples Validating components/fieldgroups/opportunity/opportunity-details.example.1.json" time="0.0020" classname="Validating components/fieldgroups/opportunity/opportunity-details.example.1.json">
    </testcase>
    <testcase name="Validity of examples Validating components/fieldgroups/opportunity/opportunity-person-components.example.1.json" time="0.0010" classname="Validating components/fieldgroups/opportunity/opportunity-person-components.example.1.json">
    </testcase>
    <testcase name="Validity of examples Validating components/fieldgroups/plan/healthcare-plan-details.example.1.json" time="0.0020" classname="Validating components/fieldgroups/plan/healthcare-plan-details.example.1.json">
    </testcase>
    <testcase name="Validity of examples Validating components/fieldgroups/product/product-catalog-category.example.1.json" time="0.0000" classname="Validating components/fieldgroups/product/product-catalog-category.example.1.json">
    </testcase>
    <testcase name="Validity of examples Validating components/fieldgroups/product/product-catalog.example.1.json" time="0.0010" classname="Validating components/fieldgroups/product/product-catalog.example.1.json">
    </testcase>
    <testcase name="Validity of examples Validating components/fieldgroups/product/product-category.example.1.json" time="0.0000" classname="Validating components/fieldgroups/product/product-category.example.1.json">
    </testcase>
    <testcase name="Validity of examples Validating components/fieldgroups/product/product-identifiers.example.1.json" time="0.0010" classname="Validating components/fieldgroups/product/product-identifiers.example.1.json">
    </testcase>
    <testcase name="Validity of examples Validating components/fieldgroups/product/product-measurement.example.1.json" time="0.0000" classname="Validating components/fieldgroups/product/product-measurement.example.1.json">
    </testcase>
    <testcase name="Validity of examples Validating components/fieldgroups/profile/b2b-person-components.example.1.json" time="0.0030" classname="Validating components/fieldgroups/profile/b2b-person-components.example.1.json">
    </testcase>
    <testcase name="Validity of examples Validating components/fieldgroups/profile/b2b-person-details.example.1.json" time="0.0090" classname="Validating components/fieldgroups/profile/b2b-person-details.example.1.json">
    </testcase>
    <testcase name="Validity of examples Validating components/fieldgroups/profile/partner-profile-enrichment/profile-partner-enrichment-sample.example.1.json" time="0.0030" classname="Validating components/fieldgroups/profile/partner-profile-enrichment/profile-partner-enrichment-sample.example.1.json">
    </testcase>
    <testcase name="Validity of examples Validating components/fieldgroups/profile/partner-prospect/merkle/prospect-details-merkle-core.example.1.json" time="0.0020" classname="Validating components/fieldgroups/profile/partner-prospect/merkle/prospect-details-merkle-core.example.1.json">
    </testcase>
    <testcase name="Validity of examples Validating components/fieldgroups/profile/partner-prospect/merkle/prospect-details-merkle-corelogic.example.1.json" time="0.0020" classname="Validating components/fieldgroups/profile/partner-prospect/merkle/prospect-details-merkle-corelogic.example.1.json">
    </testcase>
    <testcase name="Validity of examples Validating components/fieldgroups/profile/partner-prospect/merkle/prospect-details-partner-sample.example.1.json" time="0.0010" classname="Validating components/fieldgroups/profile/partner-prospect/merkle/prospect-details-partner-sample.example.1.json">
    </testcase>
    <testcase name="Validity of examples Validating components/fieldgroups/profile/profile-consentResults.example.1.json" time="0.0020" classname="Validating components/fieldgroups/profile/profile-consentResults.example.1.json">
    </testcase>
    <testcase name="Validity of examples Validating components/fieldgroups/profile/profile-consentResultsv2.example.1.json" time="0.0030" classname="Validating components/fieldgroups/profile/profile-consentResultsv2.example.1.json">
    </testcase>
    <testcase name="Validity of examples Validating components/fieldgroups/profile/profile-consents.example.1.json" time="0.0070" classname="Validating components/fieldgroups/profile/profile-consents.example.1.json">
    </testcase>
    <testcase name="Validity of examples Validating components/fieldgroups/profile/profile-directmarketing.example.1.json" time="0.0040" classname="Validating components/fieldgroups/profile/profile-directmarketing.example.1.json">
    </testcase>
    <testcase name="Validity of examples Validating components/fieldgroups/profile/profile-healthcare-member.example.1.json" time="0.0030" classname="Validating components/fieldgroups/profile/profile-healthcare-member.example.1.json">
    </testcase>
    <testcase name="Validity of examples Validating components/fieldgroups/profile/profile-inferred-person.example.1.json" time="0.0010" classname="Validating components/fieldgroups/profile/profile-inferred-person.example.1.json">
    </testcase>
    <testcase name="Validity of examples Validating components/fieldgroups/profile/profile-loyalty-details.example.1.json" time="0.0010" classname="Validating components/fieldgroups/profile/profile-loyalty-details.example.1.json">
    </testcase>
    <testcase name="Validity of examples Validating components/fieldgroups/profile/profile-other-work-details.example.1.json" time="0.0010" classname="Validating components/fieldgroups/profile/profile-other-work-details.example.1.json">
    </testcase>
    <testcase name="Validity of examples Validating components/fieldgroups/profile/profile-owning-entities.example.1.json" time="0.0020" classname="Validating components/fieldgroups/profile/profile-owning-entities.example.1.json">
    </testcase>
    <testcase name="Validity of examples Validating components/fieldgroups/profile/profile-person-details.example.1.json" time="0.0000" classname="Validating components/fieldgroups/profile/profile-person-details.example.1.json">
    </testcase>
    <testcase name="Validity of examples Validating components/fieldgroups/profile/profile-personal-details.example.1.json" time="0.0010" classname="Validating components/fieldgroups/profile/profile-personal-details.example.1.json">
    </testcase>
    <testcase name="Validity of examples Validating components/fieldgroups/profile/profile-personal-details.example.2.json" time="0.0000" classname="Validating components/fieldgroups/profile/profile-personal-details.example.2.json">
    </testcase>
    <testcase name="Validity of examples Validating components/fieldgroups/profile/profile-personal-finance-details.example.1.json" time="0.0010" classname="Validating components/fieldgroups/profile/profile-personal-finance-details.example.1.json">
    </testcase>
    <testcase name="Validity of examples Validating components/fieldgroups/profile/profile-personal-tax-profile-details.example.1.json" time="0.0020" classname="Validating components/fieldgroups/profile/profile-personal-tax-profile-details.example.1.json">
    </testcase>
    <testcase name="Validity of examples Validating components/fieldgroups/profile/profile-phones.example.1.json" time="0.0020" classname="Validating components/fieldgroups/profile/profile-phones.example.1.json">
    </testcase>
    <testcase name="Validity of examples Validating components/fieldgroups/profile/profile-preferences-details.example.1.json" time="0.0060" classname="Validating components/fieldgroups/profile/profile-preferences-details.example.1.json">
    </testcase>
    <testcase name="Validity of examples Validating components/fieldgroups/profile/profile-privacy.example.1.json" time="0.0040" classname="Validating components/fieldgroups/profile/profile-privacy.example.1.json">
    </testcase>
    <testcase name="Validity of examples Validating components/fieldgroups/profile/profile-push-details.example.1.json" time="0.0030" classname="Validating components/fieldgroups/profile/profile-push-details.example.1.json">
    </testcase>
    <testcase name="Validity of examples Validating components/fieldgroups/profile/profile-push-notification-details.example.1.json" time="0.0030" classname="Validating components/fieldgroups/profile/profile-push-notification-details.example.1.json">
    </testcase>
    <testcase name="Validity of examples Validating components/fieldgroups/profile/profile-responses.example.1.json" time="0.0010" classname="Validating components/fieldgroups/profile/profile-responses.example.1.json">
    </testcase>
    <testcase name="Validity of examples Validating components/fieldgroups/profile/profile-source-system-markers.example.1.json" time="0.0050" classname="Validating components/fieldgroups/profile/profile-source-system-markers.example.1.json">
    </testcase>
    <testcase name="Validity of examples Validating components/fieldgroups/profile/profile-subscriptions.example.1.json" time="0.0060" classname="Validating components/fieldgroups/profile/profile-subscriptions.example.1.json">
    </testcase>
    <testcase name="Validity of examples Validating components/fieldgroups/profile/profile-telecom-subscription.example.1.json" time="0.0040" classname="Validating components/fieldgroups/profile/profile-telecom-subscription.example.1.json">
    </testcase>
    <testcase name="Validity of examples Validating components/fieldgroups/profile/profile-test-profile.example.1.json" time="0.0040" classname="Validating components/fieldgroups/profile/profile-test-profile.example.1.json">
    </testcase>
    <testcase name="Validity of examples Validating components/fieldgroups/profile/profile-travel-preferences.example.1.json" time="0.0020" classname="Validating components/fieldgroups/profile/profile-travel-preferences.example.1.json">
    </testcase>
    <testcase name="Validity of examples Validating components/fieldgroups/profile/profile-user-account-details.example.1.json" time="0.0010" classname="Validating components/fieldgroups/profile/profile-user-account-details.example.1.json">
    </testcase>
    <testcase name="Validity of examples Validating components/fieldgroups/profile/profile-work-details.example.1.json" time="0.0010" classname="Validating components/fieldgroups/profile/profile-work-details.example.1.json">
    </testcase>
    <testcase name="Validity of examples Validating components/fieldgroups/provider/healthcare-provider-details.example.1.json" time="0.0010" classname="Validating components/fieldgroups/provider/healthcare-provider-details.example.1.json">
    </testcase>
    <testcase name="Validity of examples Validating components/fieldgroups/segment-definition/segmentdefinition-expression.example.1.json" time="0.0040" classname="Validating components/fieldgroups/segment-definition/segmentdefinition-expression.example.1.json">
    </testcase>
    <testcase name="Validity of examples Validating components/fieldgroups/shared/changeset.example.1.json" time="0.0050" classname="Validating components/fieldgroups/shared/changeset.example.1.json">
    </testcase>
    <testcase name="Validity of examples Validating components/fieldgroups/shared/current-weather.example.1.json" time="0.0050" classname="Validating components/fieldgroups/shared/current-weather.example.1.json">
    </testcase>
    <testcase name="Validity of examples Validating components/fieldgroups/shared/experienceevent-consumer.example.1.json" time="0.0040" classname="Validating components/fieldgroups/shared/experienceevent-consumer.example.1.json">
    </testcase>
    <testcase name="Validity of examples Validating components/fieldgroups/shared/external-source-system-audit-details.example.1.json" time="0.0000" classname="Validating components/fieldgroups/shared/external-source-system-audit-details.example.1.json">
    </testcase>
    <testcase name="Validity of examples Validating components/fieldgroups/shared/forecasted-weather.example.1.json" time="0.0040" classname="Validating components/fieldgroups/shared/forecasted-weather.example.1.json">
    </testcase>
    <testcase name="Validity of examples Validating components/fieldgroups/shared/identitymap.example.1.json" time="0.0000" classname="Validating components/fieldgroups/shared/identitymap.example.1.json">
    </testcase>
    <testcase name="Validity of examples Validating components/fieldgroups/shared/identitymap.example.2.json" time="0.0010" classname="Validating components/fieldgroups/shared/identitymap.example.2.json">
    </testcase>
    <testcase name="Validity of examples Validating components/fieldgroups/shared/person-identifier.example.1.json" time="0.0000" classname="Validating components/fieldgroups/shared/person-identifier.example.1.json">
    </testcase>
    <testcase name="Validity of examples Validating components/fieldgroups/shared/product-triggers.example.1.json" time="0.0010" classname="Validating components/fieldgroups/shared/product-triggers.example.1.json">
    </testcase>
    <testcase name="Validity of examples Validating components/fieldgroups/shared/record-status.example.1.json" time="0.0000" classname="Validating components/fieldgroups/shared/record-status.example.1.json">
    </testcase>
    <testcase name="Validity of examples Validating components/fieldgroups/shared/relative-triggers.example.1.json" time="0.0020" classname="Validating components/fieldgroups/shared/relative-triggers.example.1.json">
    </testcase>
    <testcase name="Validity of examples Validating components/fieldgroups/shared/segmentation.example.1.json" time="0.0040" classname="Validating components/fieldgroups/shared/segmentation.example.1.json">
    </testcase>
    <testcase name="Validity of examples Validating components/fieldgroups/shared/severe-triggers.example.1.json" time="0.0010" classname="Validating components/fieldgroups/shared/severe-triggers.example.1.json">
    </testcase>
    <testcase name="Validity of examples Validating components/fieldgroups/shared/weather-triggers.example.1.json" time="0.0010" classname="Validating components/fieldgroups/shared/weather-triggers.example.1.json">
    </testcase>
  </testsuite>
  <testsuite name="Presence of invalids" timestamp="2025-01-23T17:41:26" tests="428" file="/Users/anwankhe/Desktop/xdm/xdm/test/invalid-presence.js" time="0.0030" failures="0">
    <testcase name="Presence of invalids schemas/computed-attributes/profile-computed-attributes.schema.json has at least one invalid example" time="0.0010" classname="schemas/computed-attributes/profile-computed-attributes.schema.json has at least one invalid example">
    </testcase>
    <testcase name="Presence of invalids schemas/descriptors/display/alternateDisplayInfo.schema.json has at least one invalid example" time="0.0000" classname="schemas/descriptors/display/alternateDisplayInfo.schema.json has at least one invalid example">
    </testcase>
    <testcase name="Presence of invalids schemas/descriptors/display/descriptorMetaEnumRemove.schema.json has at least one invalid example" time="0.0000" classname="schemas/descriptors/display/descriptorMetaEnumRemove.schema.json has at least one invalid example">
    </testcase>
    <testcase name="Presence of invalids schemas/descriptors/identity/descriptorIdentity.schema.json has at least one invalid example" time="0.0000" classname="schemas/descriptors/identity/descriptorIdentity.schema.json has at least one invalid example">
    </testcase>
    <testcase name="Presence of invalids schemas/descriptors/identity/descriptorReferenceIdentity.schema.json has at least one invalid example" time="0.0000" classname="schemas/descriptors/identity/descriptorReferenceIdentity.schema.json has at least one invalid example">
    </testcase>
    <testcase name="Presence of invalids schemas/descriptors/itemselector.schema.json has at least one invalid example" time="0.0000" classname="schemas/descriptors/itemselector.schema.json has at least one invalid example">
    </testcase>
    <testcase name="Presence of invalids schemas/descriptors/label/descriptorLabel.schema.json has at least one invalid example" time="0.0000" classname="schemas/descriptors/label/descriptorLabel.schema.json has at least one invalid example">
    </testcase>
    <testcase name="Presence of invalids schemas/descriptors/primarykey/descriptorPrimaryKey.schema.json has at least one invalid example" time="0.0000" classname="schemas/descriptors/primarykey/descriptorPrimaryKey.schema.json has at least one invalid example">
    </testcase>
    <testcase name="Presence of invalids schemas/descriptors/relationship/descriptorManyToMany.schema.json has at least one invalid example" time="0.0000" classname="schemas/descriptors/relationship/descriptorManyToMany.schema.json has at least one invalid example">
    </testcase>
    <testcase name="Presence of invalids schemas/descriptors/relationship/descriptorManyToOne.schema.json has at least one invalid example" time="0.0000" classname="schemas/descriptors/relationship/descriptorManyToOne.schema.json has at least one invalid example">
    </testcase>
    <testcase name="Presence of invalids schemas/descriptors/relationship/descriptorOneToMany.schema.json has at least one invalid example" time="0.0000" classname="schemas/descriptors/relationship/descriptorOneToMany.schema.json has at least one invalid example">
    </testcase>
    <testcase name="Presence of invalids schemas/descriptors/relationship/descriptorOneToOne.schema.json has at least one invalid example" time="0.0000" classname="schemas/descriptors/relationship/descriptorOneToOne.schema.json has at least one invalid example">
    </testcase>
    <testcase name="Presence of invalids schemas/descriptors/relationship/descriptorRelationship.schema.json has at least one invalid example" time="0.0000" classname="schemas/descriptors/relationship/descriptorRelationship.schema.json has at least one invalid example">
    </testcase>
    <testcase name="Presence of invalids schemas/descriptors/relationship/eventRelationship.schema.json has at least one invalid example" time="0.0000" classname="schemas/descriptors/relationship/eventRelationship.schema.json has at least one invalid example">
    </testcase>
    <testcase name="Presence of invalids schemas/descriptors/relationshipdescriptor.schema.json has at least one invalid example" time="0.0000" classname="schemas/descriptors/relationshipdescriptor.schema.json has at least one invalid example">
    </testcase>
    <testcase name="Presence of invalids schemas/descriptors/schemadescriptor.schema.json has at least one invalid example" time="0.0000" classname="schemas/descriptors/schemadescriptor.schema.json has at least one invalid example">
    </testcase>
    <testcase name="Presence of invalids schemas/descriptors/search/searchdescriptor.schema.json has at least one invalid example" time="0.0000" classname="schemas/descriptors/search/searchdescriptor.schema.json has at least one invalid example">
    </testcase>
    <testcase name="Presence of invalids schemas/descriptors/status/descriptorDeprecated.schema.json has at least one invalid example" time="0.0000" classname="schemas/descriptors/status/descriptorDeprecated.schema.json has at least one invalid example">
    </testcase>
    <testcase name="Presence of invalids schemas/descriptors/time-series/descriptorTimeSeriesGranularity.schema.json has at least one invalid example" time="0.0000" classname="schemas/descriptors/time-series/descriptorTimeSeriesGranularity.schema.json has at least one invalid example">
    </testcase>
    <testcase name="Presence of invalids schemas/descriptors/version/descriptorVersion.schema.json has at least one invalid example" time="0.0000" classname="schemas/descriptors/version/descriptorVersion.schema.json has at least one invalid example">
    </testcase>
    <testcase name="Presence of invalids schemas/destinations/destination-namespace.schema.json has at least one invalid example" time="0.0000" classname="schemas/destinations/destination-namespace.schema.json has at least one invalid example">
    </testcase>
    <testcase name="Presence of invalids schemas/destinations/destination-segment.schema.json has at least one invalid example" time="0.0000" classname="schemas/destinations/destination-segment.schema.json has at least one invalid example">
    </testcase>
    <testcase name="Presence of invalids schemas/destinations/destination.schema.json has at least one invalid example" time="0.0000" classname="schemas/destinations/destination.schema.json has at least one invalid example">
    </testcase>
    <testcase name="Presence of invalids schemas/destinations/solutions/analytics-experienceevent.schema.json has at least one invalid example" time="0.0000" classname="schemas/destinations/solutions/analytics-experienceevent.schema.json has at least one invalid example">
    </testcase>
    <testcase name="Presence of invalids schemas/hygiene/aep-hygiene-ops-record.schema.json has at least one invalid example" time="0.0000" classname="schemas/hygiene/aep-hygiene-ops-record.schema.json has at least one invalid example">
    </testcase>
    <testcase name="Presence of invalids schemas/hygiene/aep-hygiene.schema.json has at least one invalid example" time="0.0000" classname="schemas/hygiene/aep-hygiene.schema.json has at least one invalid example">
    </testcase>
    <testcase name="Presence of invalids schemas/identity/identity-graph-flattened-export.schema.json has at least one invalid example" time="0.0000" classname="schemas/identity/identity-graph-flattened-export.schema.json has at least one invalid example">
    </testcase>
    <testcase name="Presence of invalids schemas/identity/identity-namespace.schema.json has at least one invalid example" time="0.0000" classname="schemas/identity/identity-namespace.schema.json has at least one invalid example">
    </testcase>
    <testcase name="Presence of invalids schemas/insights-metrics/aep-insight-metrics.schema.json has at least one invalid example" time="0.0000" classname="schemas/insights-metrics/aep-insight-metrics.schema.json has at least one invalid example">
    </testcase>
    <testcase name="Presence of invalids schemas/insights-metrics/dim-segment.schema.json has at least one invalid example" time="0.0000" classname="schemas/insights-metrics/dim-segment.schema.json has at least one invalid example">
    </testcase>
    <testcase name="Presence of invalids schemas/lakehouse/aep-lakehouse-batch-errors.schema.json has at least one invalid example" time="0.0000" classname="schemas/lakehouse/aep-lakehouse-batch-errors.schema.json has at least one invalid example">
    </testcase>
    <testcase name="Presence of invalids schemas/lakehouse/aep-lakehouse-batch-input-files.schema.json has at least one invalid example" time="0.0000" classname="schemas/lakehouse/aep-lakehouse-batch-input-files.schema.json has at least one invalid example">
    </testcase>
    <testcase name="Presence of invalids schemas/lakehouse/aep-lakehouse-timeseries.schema.json has at least one invalid example" time="0.0000" classname="schemas/lakehouse/aep-lakehouse-timeseries.schema.json has at least one invalid example">
    </testcase>
    <testcase name="Presence of invalids schemas/notifications/ingestion.schema.json has at least one invalid example" time="0.0000" classname="schemas/notifications/ingestion.schema.json has at least one invalid example">
    </testcase>
    <testcase name="Presence of invalids schemas/privacy/consentidmap.schema.json has at least one invalid example" time="0.0000" classname="schemas/privacy/consentidmap.schema.json has at least one invalid example">
    </testcase>
    <testcase name="Presence of invalids schemas/target/target-classification.schema.json has at least one invalid example" time="0.0000" classname="schemas/target/target-classification.schema.json has at least one invalid example">
    </testcase>
    <testcase name="Presence of invalids components/behaviors/adhoc.schema.json has at least one invalid example" time="0.0000" classname="components/behaviors/adhoc.schema.json has at least one invalid example">
    </testcase>
    <testcase name="Presence of invalids components/behaviors/record.schema.json has at least one invalid example" time="0.0000" classname="components/behaviors/record.schema.json has at least one invalid example">
    </testcase>
    <testcase name="Presence of invalids components/behaviors/time-series.schema.json has at least one invalid example" time="0.0000" classname="components/behaviors/time-series.schema.json has at least one invalid example">
    </testcase>
    <testcase name="Presence of invalids components/classes/aircraft.schema.json has at least one invalid example" time="0.0000" classname="components/classes/aircraft.schema.json has at least one invalid example">
    </testcase>
    <testcase name="Presence of invalids components/classes/b2b/account_intent.schema.json has at least one invalid example" time="0.0000" classname="components/classes/b2b/account_intent.schema.json has at least one invalid example">
    </testcase>
    <testcase name="Presence of invalids components/classes/b2b/account-activity.schema.json has at least one invalid example" time="0.0000" classname="components/classes/b2b/account-activity.schema.json has at least one invalid example">
    </testcase>
    <testcase name="Presence of invalids components/classes/b2b/account-history.schema.json has at least one invalid example" time="0.0000" classname="components/classes/b2b/account-history.schema.json has at least one invalid example">
    </testcase>
    <testcase name="Presence of invalids components/classes/b2b/account-person.schema.json has at least one invalid example" time="0.0000" classname="components/classes/b2b/account-person.schema.json has at least one invalid example">
    </testcase>
    <testcase name="Presence of invalids components/classes/b2b/account.schema.json has at least one invalid example" time="0.0000" classname="components/classes/b2b/account.schema.json has at least one invalid example">
    </testcase>
    <testcase name="Presence of invalids components/classes/b2b/marketing-list-member.schema.json has at least one invalid example" time="0.0000" classname="components/classes/b2b/marketing-list-member.schema.json has at least one invalid example">
    </testcase>
    <testcase name="Presence of invalids components/classes/b2b/marketing-list.schema.json has at least one invalid example" time="0.0000" classname="components/classes/b2b/marketing-list.schema.json has at least one invalid example">
    </testcase>
    <testcase name="Presence of invalids components/classes/b2b/opportunity-contact-role.schema.json has at least one invalid example" time="0.0000" classname="components/classes/b2b/opportunity-contact-role.schema.json has at least one invalid example">
    </testcase>
    <testcase name="Presence of invalids components/classes/b2b/opportunity-person.schema.json has at least one invalid example" time="0.0000" classname="components/classes/b2b/opportunity-person.schema.json has at least one invalid example">
    </testcase>
    <testcase name="Presence of invalids components/classes/b2b/opportunity.schema.json has at least one invalid example" time="0.0000" classname="components/classes/b2b/opportunity.schema.json has at least one invalid example">
    </testcase>
    <testcase name="Presence of invalids components/classes/campaign-member.schema.json has at least one invalid example" time="0.0000" classname="components/classes/campaign-member.schema.json has at least one invalid example">
    </testcase>
    <testcase name="Presence of invalids components/classes/campaign.schema.json has at least one invalid example" time="0.0000" classname="components/classes/campaign.schema.json has at least one invalid example">
    </testcase>
    <testcase name="Presence of invalids components/classes/content-asset.schema.json has at least one invalid example" time="0.0000" classname="components/classes/content-asset.schema.json has at least one invalid example">
    </testcase>
    <testcase name="Presence of invalids components/classes/content-experience.schema.json has at least one invalid example" time="0.0000" classname="components/classes/content-experience.schema.json has at least one invalid example">
    </testcase>
    <testcase name="Presence of invalids components/classes/conversion.schema.json has at least one invalid example" time="0.0000" classname="components/classes/conversion.schema.json has at least one invalid example">
    </testcase>
    <testcase name="Presence of invalids components/classes/experienceevent.schema.json has at least one invalid example" time="0.0000" classname="components/classes/experienceevent.schema.json has at least one invalid example">
    </testcase>
    <testcase name="Presence of invalids components/classes/fsi/atm.schema.json has at least one invalid example" time="0.0000" classname="components/classes/fsi/atm.schema.json has at least one invalid example">
    </testcase>
    <testcase name="Presence of invalids components/classes/fsi/branch.schema.json has at least one invalid example" time="0.0000" classname="components/classes/fsi/branch.schema.json has at least one invalid example">
    </testcase>
    <testcase name="Presence of invalids components/classes/fsi/policy.schema.json has at least one invalid example" time="0.0000" classname="components/classes/fsi/policy.schema.json has at least one invalid example">
    </testcase>
    <testcase name="Presence of invalids components/classes/graphs.schema.json has at least one invalid example" time="0.0000" classname="components/classes/graphs.schema.json has at least one invalid example">
    </testcase>
    <testcase name="Presence of invalids components/classes/live-event-schedule.schema.json has at least one invalid example" time="0.0000" classname="components/classes/live-event-schedule.schema.json has at least one invalid example">
    </testcase>
    <testcase name="Presence of invalids components/classes/loan.schema.json has at least one invalid example" time="0.0000" classname="components/classes/loan.schema.json has at least one invalid example">
    </testcase>
    <testcase name="Presence of invalids components/classes/location.schema.json has at least one invalid example" time="0.0000" classname="components/classes/location.schema.json has at least one invalid example">
    </testcase>
    <testcase name="Presence of invalids components/classes/lodging-product.schema.json has at least one invalid example" time="0.0000" classname="components/classes/lodging-product.schema.json has at least one invalid example">
    </testcase>
    <testcase name="Presence of invalids components/classes/medication.schema.json has at least one invalid example" time="0.0000" classname="components/classes/medication.schema.json has at least one invalid example">
    </testcase>
    <testcase name="Presence of invalids components/classes/payer.schema.json has at least one invalid example" time="0.0000" classname="components/classes/payer.schema.json has at least one invalid example">
    </testcase>
    <testcase name="Presence of invalids components/classes/plan.schema.json has at least one invalid example" time="0.0000" classname="components/classes/plan.schema.json has at least one invalid example">
    </testcase>
    <testcase name="Presence of invalids components/classes/product.schema.json has at least one invalid example" time="0.0000" classname="components/classes/product.schema.json has at least one invalid example">
    </testcase>
    <testcase name="Presence of invalids components/classes/profile.schema.json has at least one invalid example" time="0.0000" classname="components/classes/profile.schema.json has at least one invalid example">
    </testcase>
    <testcase name="Presence of invalids components/classes/promotion.schema.json has at least one invalid example" time="0.0000" classname="components/classes/promotion.schema.json has at least one invalid example">
    </testcase>
    <testcase name="Presence of invalids components/classes/prospect-profile.schema.json has at least one invalid example" time="0.0000" classname="components/classes/prospect-profile.schema.json has at least one invalid example">
    </testcase>
    <testcase name="Presence of invalids components/classes/provider.schema.json has at least one invalid example" time="0.0000" classname="components/classes/provider.schema.json has at least one invalid example">
    </testcase>
    <testcase name="Presence of invalids components/classes/restaurant.schema.json has at least one invalid example" time="0.0000" classname="components/classes/restaurant.schema.json has at least one invalid example">
    </testcase>
    <testcase name="Presence of invalids components/classes/segmentdefinition.schema.json has at least one invalid example" time="0.0000" classname="components/classes/segmentdefinition.schema.json has at least one invalid example">
    </testcase>
    <testcase name="Presence of invalids components/classes/summary_metrics.schema.json has at least one invalid example" time="0.0000" classname="components/classes/summary_metrics.schema.json has at least one invalid example">
    </testcase>
    <testcase name="Presence of invalids components/classes/vehicle-product.schema.json has at least one invalid example" time="0.0000" classname="components/classes/vehicle-product.schema.json has at least one invalid example">
    </testcase>
    <testcase name="Presence of invalids components/classes/weather.schema.json has at least one invalid example" time="0.0000" classname="components/classes/weather.schema.json has at least one invalid example">
    </testcase>
    <testcase name="Presence of invalids components/common/identity.schema.json has at least one invalid example" time="0.0000" classname="components/common/identity.schema.json has at least one invalid example">
    </testcase>
    <testcase name="Presence of invalids components/datatypes/advertisingdetails.schema.json has at least one invalid example" time="0.0000" classname="components/datatypes/advertisingdetails.schema.json has at least one invalid example">
    </testcase>
    <testcase name="Presence of invalids components/datatypes/advertisingpoddetails.schema.json has at least one invalid example" time="0.0000" classname="components/datatypes/advertisingpoddetails.schema.json has at least one invalid example">
    </testcase>
    <testcase name="Presence of invalids components/datatypes/application.schema.json has at least one invalid example" time="0.0000" classname="components/datatypes/application.schema.json has at least one invalid example">
    </testcase>
    <testcase name="Presence of invalids components/datatypes/auditing/auditable.schema.json has at least one invalid example" time="0.0000" classname="components/datatypes/auditing/auditable.schema.json has at least one invalid example">
    </testcase>
    <testcase name="Presence of invalids components/datatypes/auditing/external-source-system-audit.schema.json has at least one invalid example" time="0.0000" classname="components/datatypes/auditing/external-source-system-audit.schema.json has at least one invalid example">
    </testcase>
    <testcase name="Presence of invalids components/datatypes/b2b/account-organization.schema.json has at least one invalid example" time="0.0000" classname="components/datatypes/b2b/account-organization.schema.json has at least one invalid example">
    </testcase>
    <testcase name="Presence of invalids components/datatypes/b2b/b2b-account.schema.json has at least one invalid example" time="0.0000" classname="components/datatypes/b2b/b2b-account.schema.json has at least one invalid example">
    </testcase>
    <testcase name="Presence of invalids components/datatypes/b2b/b2b-source.schema.json has at least one invalid example" time="0.0000" classname="components/datatypes/b2b/b2b-source.schema.json has at least one invalid example">
    </testcase>
    <testcase name="Presence of invalids components/datatypes/b2b/organization.schema.json has at least one invalid example" time="0.0000" classname="components/datatypes/b2b/organization.schema.json has at least one invalid example">
    </testcase>
    <testcase name="Presence of invalids components/datatypes/b2b/orgunit.schema.json has at least one invalid example" time="0.0000" classname="components/datatypes/b2b/orgunit.schema.json has at least one invalid example">
    </testcase>
    <testcase name="Presence of invalids components/datatypes/billing.schema.json has at least one invalid example" time="0.0000" classname="components/datatypes/billing.schema.json has at least one invalid example">
    </testcase>
    <testcase name="Presence of invalids components/datatypes/browserdetails.schema.json has at least one invalid example" time="0.0000" classname="components/datatypes/browserdetails.schema.json has at least one invalid example">
    </testcase>
    <testcase name="Presence of invalids components/datatypes/cart.schema.json has at least one invalid example" time="0.0000" classname="components/datatypes/cart.schema.json has at least one invalid example">
    </testcase>
    <testcase name="Presence of invalids components/datatypes/categorydata.schema.json has at least one invalid example" time="0.0000" classname="components/datatypes/categorydata.schema.json has at least one invalid example">
    </testcase>
    <testcase name="Presence of invalids components/datatypes/channels/application.schema.json has at least one invalid example" time="0.0000" classname="components/datatypes/channels/application.schema.json has at least one invalid example">
    </testcase>
    <testcase name="Presence of invalids components/datatypes/channels/channel.schema.json has at least one invalid example" time="0.0000" classname="components/datatypes/channels/channel.schema.json has at least one invalid example">
    </testcase>
    <testcase name="Presence of invalids components/datatypes/channels/phone.schema.json has at least one invalid example" time="0.0000" classname="components/datatypes/channels/phone.schema.json has at least one invalid example">
    </testcase>
    <testcase name="Presence of invalids components/datatypes/chapterdetails.schema.json has at least one invalid example" time="0.0000" classname="components/datatypes/chapterdetails.schema.json has at least one invalid example">
    </testcase>
    <testcase name="Presence of invalids components/datatypes/commercescope.schema.json has at least one invalid example" time="0.0000" classname="components/datatypes/commercescope.schema.json has at least one invalid example">
    </testcase>
    <testcase name="Presence of invalids components/datatypes/consent/consent-field.schema.json has at least one invalid example" time="0.0000" classname="components/datatypes/consent/consent-field.schema.json has at least one invalid example">
    </testcase>
    <testcase name="Presence of invalids components/datatypes/consent/consent-preferences.schema.json has at least one invalid example" time="0.0000" classname="components/datatypes/consent/consent-preferences.schema.json has at least one invalid example">
    </testcase>
    <testcase name="Presence of invalids components/datatypes/consent/consentstring.schema.json has at least one invalid example" time="0.0000" classname="components/datatypes/consent/consentstring.schema.json has at least one invalid example">
    </testcase>
    <testcase name="Presence of invalids components/datatypes/consent/marketing-field-basic.schema.json has at least one invalid example" time="0.0000" classname="components/datatypes/consent/marketing-field-basic.schema.json has at least one invalid example">
    </testcase>
    <testcase name="Presence of invalids components/datatypes/consent/marketing-field-subscription.schema.json has at least one invalid example" time="0.0000" classname="components/datatypes/consent/marketing-field-subscription.schema.json has at least one invalid example">
    </testcase>
    <testcase name="Presence of invalids components/datatypes/consent/personalization-field.schema.json has at least one invalid example" time="0.0000" classname="components/datatypes/consent/personalization-field.schema.json has at least one invalid example">
    </testcase>
    <testcase name="Presence of invalids components/datatypes/currency.schema.json has at least one invalid example" time="0.0000" classname="components/datatypes/currency.schema.json has at least one invalid example">
    </testcase>
    <testcase name="Presence of invalids components/datatypes/custommetadatadetails.schema.json has at least one invalid example" time="0.0000" classname="components/datatypes/custommetadatadetails.schema.json has at least one invalid example">
    </testcase>
    <testcase name="Presence of invalids components/datatypes/data/cart-abandons.schema.json has at least one invalid example" time="0.0000" classname="components/datatypes/data/cart-abandons.schema.json has at least one invalid example">
    </testcase>
    <testcase name="Presence of invalids components/datatypes/data/datasource.schema.json has at least one invalid example" time="0.0000" classname="components/datatypes/data/datasource.schema.json has at least one invalid example">
    </testcase>
    <testcase name="Presence of invalids components/datatypes/data/measure.schema.json has at least one invalid example" time="0.0000" classname="components/datatypes/data/measure.schema.json has at least one invalid example">
    </testcase>
    <testcase name="Presence of invalids components/datatypes/data/metricdefinition.schema.json has at least one invalid example" time="0.0000" classname="components/datatypes/data/metricdefinition.schema.json has at least one invalid example">
    </testcase>
    <testcase name="Presence of invalids components/datatypes/data/opens.schema.json has at least one invalid example" time="0.0000" classname="components/datatypes/data/opens.schema.json has at least one invalid example">
    </testcase>
    <testcase name="Presence of invalids components/datatypes/data/order.schema.json has at least one invalid example" time="0.0000" classname="components/datatypes/data/order.schema.json has at least one invalid example">
    </testcase>
    <testcase name="Presence of invalids components/datatypes/data/pageviews.schema.json has at least one invalid example" time="0.0000" classname="components/datatypes/data/pageviews.schema.json has at least one invalid example">
    </testcase>
    <testcase name="Presence of invalids components/datatypes/data/paymentitem.schema.json has at least one invalid example" time="0.0000" classname="components/datatypes/data/paymentitem.schema.json has at least one invalid example">
    </testcase>
    <testcase name="Presence of invalids components/datatypes/data/record-timeseries-events.schema.json has at least one invalid example" time="0.0000" classname="components/datatypes/data/record-timeseries-events.schema.json has at least one invalid example">
    </testcase>
    <testcase name="Presence of invalids components/datatypes/demographic/address.schema.json has at least one invalid example" time="0.0000" classname="components/datatypes/demographic/address.schema.json has at least one invalid example">
    </testcase>
    <testcase name="Presence of invalids components/datatypes/demographic/emailaddress.schema.json has at least one invalid example" time="0.0000" classname="components/datatypes/demographic/emailaddress.schema.json has at least one invalid example">
    </testcase>
    <testcase name="Presence of invalids components/datatypes/demographic/geo.schema.json has at least one invalid example" time="0.0000" classname="components/datatypes/demographic/geo.schema.json has at least one invalid example">
    </testcase>
    <testcase name="Presence of invalids components/datatypes/demographic/geounit.schema.json has at least one invalid example" time="0.0000" classname="components/datatypes/demographic/geounit.schema.json has at least one invalid example">
    </testcase>
    <testcase name="Presence of invalids components/datatypes/demographic/phonenumber.schema.json has at least one invalid example" time="0.0000" classname="components/datatypes/demographic/phonenumber.schema.json has at least one invalid example">
    </testcase>
    <testcase name="Presence of invalids components/datatypes/demographic/place.schema.json has at least one invalid example" time="0.0000" classname="components/datatypes/demographic/place.schema.json has at least one invalid example">
    </testcase>
    <testcase name="Presence of invalids components/datatypes/deprecated/advertising-timed-asset-reference.schema.json has at least one invalid example" time="0.0000" classname="components/datatypes/deprecated/advertising-timed-asset-reference.schema.json has at least one invalid example">
    </testcase>
    <testcase name="Presence of invalids components/datatypes/deprecated/advertising-timed-asset-view-details.schema.json has at least one invalid example" time="0.0000" classname="components/datatypes/deprecated/advertising-timed-asset-view-details.schema.json has at least one invalid example">
    </testcase>
    <testcase name="Presence of invalids components/datatypes/deprecated/adviewability.schema.json has at least one invalid example" time="0.0000" classname="components/datatypes/deprecated/adviewability.schema.json has at least one invalid example">
    </testcase>
    <testcase name="Presence of invalids components/datatypes/deprecated/beacon-interaction-details.schema.json has at least one invalid example" time="0.0000" classname="components/datatypes/deprecated/beacon-interaction-details.schema.json has at least one invalid example">
    </testcase>
    <testcase name="Presence of invalids components/datatypes/deprecated/bounces.schema.json has at least one invalid example" time="0.0000" classname="components/datatypes/deprecated/bounces.schema.json has at least one invalid example">
    </testcase>
    <testcase name="Presence of invalids components/datatypes/deprecated/checkouts.schema.json has at least one invalid example" time="0.0000" classname="components/datatypes/deprecated/checkouts.schema.json has at least one invalid example">
    </testcase>
    <testcase name="Presence of invalids components/datatypes/deprecated/deprecated-consentpreferences.schema.json has at least one invalid example" time="0.0000" classname="components/datatypes/deprecated/deprecated-consentpreferences.schema.json has at least one invalid example">
    </testcase>
    <testcase name="Presence of invalids components/datatypes/deprecated/email-interaction.schema.json has at least one invalid example" time="0.0000" classname="components/datatypes/deprecated/email-interaction.schema.json has at least one invalid example">
    </testcase>
    <testcase name="Presence of invalids components/datatypes/deprecated/identity-provider.schema.json has at least one invalid example" time="0.0000" classname="components/datatypes/deprecated/identity-provider.schema.json has at least one invalid example">
    </testcase>
    <testcase name="Presence of invalids components/datatypes/deprecated/impressions.schema.json has at least one invalid example" time="0.0000" classname="components/datatypes/deprecated/impressions.schema.json has at least one invalid example">
    </testcase>
    <testcase name="Presence of invalids components/datatypes/deprecated/linkclicks.schema.json has at least one invalid example" time="0.0000" classname="components/datatypes/deprecated/linkclicks.schema.json has at least one invalid example">
    </testcase>
    <testcase name="Presence of invalids components/datatypes/deprecated/media-timed-asset-reference.schema.json has at least one invalid example" time="0.0000" classname="components/datatypes/deprecated/media-timed-asset-reference.schema.json has at least one invalid example">
    </testcase>
    <testcase name="Presence of invalids components/datatypes/deprecated/media-timed-asset-view-details.schema.json has at least one invalid example" time="0.0000" classname="components/datatypes/deprecated/media-timed-asset-view-details.schema.json has at least one invalid example">
    </testcase>
    <testcase name="Presence of invalids components/datatypes/deprecated/media-timed-audio.schema.json has at least one invalid example" time="0.0000" classname="components/datatypes/deprecated/media-timed-audio.schema.json has at least one invalid example">
    </testcase>
    <testcase name="Presence of invalids components/datatypes/deprecated/media-timed-chapter-asset-reference.schema.json has at least one invalid example" time="0.0000" classname="components/datatypes/deprecated/media-timed-chapter-asset-reference.schema.json has at least one invalid example">
    </testcase>
    <testcase name="Presence of invalids components/datatypes/deprecated/media-timed-chapter-view-details.schema.json has at least one invalid example" time="0.0000" classname="components/datatypes/deprecated/media-timed-chapter-view-details.schema.json has at least one invalid example">
    </testcase>
    <testcase name="Presence of invalids components/datatypes/deprecated/media-timed-chapter.schema.json has at least one invalid example" time="0.0000" classname="components/datatypes/deprecated/media-timed-chapter.schema.json has at least one invalid example">
    </testcase>
    <testcase name="Presence of invalids components/datatypes/deprecated/media-timed-qoe.schema.json has at least one invalid example" time="0.0000" classname="components/datatypes/deprecated/media-timed-qoe.schema.json has at least one invalid example">
    </testcase>
    <testcase name="Presence of invalids components/datatypes/deprecated/media-timed.schema.json has at least one invalid example" time="0.0000" classname="components/datatypes/deprecated/media-timed.schema.json has at least one invalid example">
    </testcase>
    <testcase name="Presence of invalids components/datatypes/deprecated/media.schema.json has at least one invalid example" time="0.0000" classname="components/datatypes/deprecated/media.schema.json has at least one invalid example">
    </testcase>
    <testcase name="Presence of invalids components/datatypes/deprecated/meeting-interaction.schema.json has at least one invalid example" time="0.0000" classname="components/datatypes/deprecated/meeting-interaction.schema.json has at least one invalid example">
    </testcase>
    <testcase name="Presence of invalids components/datatypes/deprecated/mirror-pages.schema.json has at least one invalid example" time="0.0000" classname="components/datatypes/deprecated/mirror-pages.schema.json has at least one invalid example">
    </testcase>
    <testcase name="Presence of invalids components/datatypes/deprecated/non-deliverables.schema.json has at least one invalid example" time="0.0000" classname="components/datatypes/deprecated/non-deliverables.schema.json has at least one invalid example">
    </testcase>
    <testcase name="Presence of invalids components/datatypes/deprecated/not-sent.schema.json has at least one invalid example" time="0.0000" classname="components/datatypes/deprecated/not-sent.schema.json has at least one invalid example">
    </testcase>
    <testcase name="Presence of invalids components/datatypes/deprecated/optinout.schema.json has at least one invalid example" time="0.0000" classname="components/datatypes/deprecated/optinout.schema.json has at least one invalid example">
    </testcase>
    <testcase name="Presence of invalids components/datatypes/deprecated/phone-interaction.schema.json has at least one invalid example" time="0.0000" classname="components/datatypes/deprecated/phone-interaction.schema.json has at least one invalid example">
    </testcase>
    <testcase name="Presence of invalids components/datatypes/deprecated/player-state.schema.json has at least one invalid example" time="0.0000" classname="components/datatypes/deprecated/player-state.schema.json has at least one invalid example">
    </testcase>
    <testcase name="Presence of invalids components/datatypes/deprecated/poi-entries.schema.json has at least one invalid example" time="0.0000" classname="components/datatypes/deprecated/poi-entries.schema.json has at least one invalid example">
    </testcase>
    <testcase name="Presence of invalids components/datatypes/deprecated/poi-exits.schema.json has at least one invalid example" time="0.0000" classname="components/datatypes/deprecated/poi-exits.schema.json has at least one invalid example">
    </testcase>
    <testcase name="Presence of invalids components/datatypes/deprecated/poi-interaction.schema.json has at least one invalid example" time="0.0000" classname="components/datatypes/deprecated/poi-interaction.schema.json has at least one invalid example">
    </testcase>
    <testcase name="Presence of invalids components/datatypes/deprecated/principal.schema.json has at least one invalid example" time="0.0000" classname="components/datatypes/deprecated/principal.schema.json has at least one invalid example">
    </testcase>
    <testcase name="Presence of invalids components/datatypes/deprecated/product-list-adds.schema.json has at least one invalid example" time="0.0000" classname="components/datatypes/deprecated/product-list-adds.schema.json has at least one invalid example">
    </testcase>
    <testcase name="Presence of invalids components/datatypes/deprecated/product-list-opens.schema.json has at least one invalid example" time="0.0000" classname="components/datatypes/deprecated/product-list-opens.schema.json has at least one invalid example">
    </testcase>
    <testcase name="Presence of invalids components/datatypes/deprecated/product-list-removals.schema.json has at least one invalid example" time="0.0000" classname="components/datatypes/deprecated/product-list-removals.schema.json has at least one invalid example">
    </testcase>
    <testcase name="Presence of invalids components/datatypes/deprecated/product-list-reopens.schema.json has at least one invalid example" time="0.0000" classname="components/datatypes/deprecated/product-list-reopens.schema.json has at least one invalid example">
    </testcase>
    <testcase name="Presence of invalids components/datatypes/deprecated/product-list-views.schema.json has at least one invalid example" time="0.0000" classname="components/datatypes/deprecated/product-list-views.schema.json has at least one invalid example">
    </testcase>
    <testcase name="Presence of invalids components/datatypes/deprecated/product-views.schema.json has at least one invalid example" time="0.0000" classname="components/datatypes/deprecated/product-views.schema.json has at least one invalid example">
    </testcase>
    <testcase name="Presence of invalids components/datatypes/deprecated/purchases.schema.json has at least one invalid example" time="0.0000" classname="components/datatypes/deprecated/purchases.schema.json has at least one invalid example">
    </testcase>
    <testcase name="Presence of invalids components/datatypes/deprecated/save-for-laters.schema.json has at least one invalid example" time="0.0000" classname="components/datatypes/deprecated/save-for-laters.schema.json has at least one invalid example">
    </testcase>
    <testcase name="Presence of invalids components/datatypes/deprecated/sends.schema.json has at least one invalid example" time="0.0000" classname="components/datatypes/deprecated/sends.schema.json has at least one invalid example">
    </testcase>
    <testcase name="Presence of invalids components/datatypes/deprecated/unsubscriptions.schema.json has at least one invalid example" time="0.0000" classname="components/datatypes/deprecated/unsubscriptions.schema.json has at least one invalid example">
    </testcase>
    <testcase name="Presence of invalids components/datatypes/deprecated/user-complaints.schema.json has at least one invalid example" time="0.0000" classname="components/datatypes/deprecated/user-complaints.schema.json has at least one invalid example">
    </testcase>
    <testcase name="Presence of invalids components/datatypes/deprecated/webinteraction.schema.json has at least one invalid example" time="0.0000" classname="components/datatypes/deprecated/webinteraction.schema.json has at least one invalid example">
    </testcase>
    <testcase name="Presence of invalids components/datatypes/deprecated/webpagedetails.schema.json has at least one invalid example" time="0.0000" classname="components/datatypes/deprecated/webpagedetails.schema.json has at least one invalid example">
    </testcase>
    <testcase name="Presence of invalids components/datatypes/deprecated/webreferrer.schema.json has at least one invalid example" time="0.0000" classname="components/datatypes/deprecated/webreferrer.schema.json has at least one invalid example">
    </testcase>
    <testcase name="Presence of invalids components/datatypes/device.schema.json has at least one invalid example" time="0.0000" classname="components/datatypes/device.schema.json has at least one invalid example">
    </testcase>
    <testcase name="Presence of invalids components/datatypes/enduserids.schema.json has at least one invalid example" time="0.0000" classname="components/datatypes/enduserids.schema.json has at least one invalid example">
    </testcase>
    <testcase name="Presence of invalids components/datatypes/environment.schema.json has at least one invalid example" time="0.0000" classname="components/datatypes/environment.schema.json has at least one invalid example">
    </testcase>
    <testcase name="Presence of invalids components/datatypes/errordetails.schema.json has at least one invalid example" time="0.0000" classname="components/datatypes/errordetails.schema.json has at least one invalid example">
    </testcase>
    <testcase name="Presence of invalids components/datatypes/extensible.schema.json has at least one invalid example" time="0.0000" classname="components/datatypes/extensible.schema.json has at least one invalid example">
    </testcase>
    <testcase name="Presence of invalids components/datatypes/external/id3/audio.schema.json has at least one invalid example" time="0.0000" classname="components/datatypes/external/id3/audio.schema.json has at least one invalid example">
    </testcase>
    <testcase name="Presence of invalids components/datatypes/external/iptc/creator.schema.json has at least one invalid example" time="0.0000" classname="components/datatypes/external/iptc/creator.schema.json has at least one invalid example">
    </testcase>
    <testcase name="Presence of invalids components/datatypes/external/iptc/episode.schema.json has at least one invalid example" time="0.0000" classname="components/datatypes/external/iptc/episode.schema.json has at least one invalid example">
    </testcase>
    <testcase name="Presence of invalids components/datatypes/external/iptc/rating.schema.json has at least one invalid example" time="0.0000" classname="components/datatypes/external/iptc/rating.schema.json has at least one invalid example">
    </testcase>
    <testcase name="Presence of invalids components/datatypes/external/iptc/season.schema.json has at least one invalid example" time="0.0000" classname="components/datatypes/external/iptc/season.schema.json has at least one invalid example">
    </testcase>
    <testcase name="Presence of invalids components/datatypes/external/iptc/series.schema.json has at least one invalid example" time="0.0000" classname="components/datatypes/external/iptc/series.schema.json has at least one invalid example">
    </testcase>
    <testcase name="Presence of invalids components/datatypes/external/repo/common.schema.json has at least one invalid example" time="0.0000" classname="components/datatypes/external/repo/common.schema.json has at least one invalid example">
    </testcase>
    <testcase name="Presence of invalids components/datatypes/external/schema/geocircle.schema.json has at least one invalid example" time="0.0000" classname="components/datatypes/external/schema/geocircle.schema.json has at least one invalid example">
    </testcase>
    <testcase name="Presence of invalids components/datatypes/external/schema/geocoordinates.schema.json has at least one invalid example" time="0.0000" classname="components/datatypes/external/schema/geocoordinates.schema.json has at least one invalid example">
    </testcase>
    <testcase name="Presence of invalids components/datatypes/external/schema/geoshape.schema.json has at least one invalid example" time="0.0000" classname="components/datatypes/external/schema/geoshape.schema.json has at least one invalid example">
    </testcase>
    <testcase name="Presence of invalids components/datatypes/geo-interaction-details.schema.json has at least one invalid example" time="0.0000" classname="components/datatypes/geo-interaction-details.schema.json has at least one invalid example">
    </testcase>
    <testcase name="Presence of invalids components/datatypes/identity.schema.json has at least one invalid example" time="0.0000" classname="components/datatypes/identity.schema.json has at least one invalid example">
    </testcase>
    <testcase name="Presence of invalids components/datatypes/identityitem.schema.json has at least one invalid example" time="0.0000" classname="components/datatypes/identityitem.schema.json has at least one invalid example">
    </testcase>
    <testcase name="Presence of invalids components/datatypes/industry-verticals/claim.schema.json has at least one invalid example" time="0.0000" classname="components/datatypes/industry-verticals/claim.schema.json has at least one invalid example">
    </testcase>
    <testcase name="Presence of invalids components/datatypes/industry-verticals/comparisons.schema.json has at least one invalid example" time="0.0000" classname="components/datatypes/industry-verticals/comparisons.schema.json has at least one invalid example">
    </testcase>
    <testcase name="Presence of invalids components/datatypes/industry-verticals/file-transfer.schema.json has at least one invalid example" time="0.0000" classname="components/datatypes/industry-verticals/file-transfer.schema.json has at least one invalid example">
    </testcase>
    <testcase name="Presence of invalids components/datatypes/industry-verticals/financial-account.schema.json has at least one invalid example" time="0.0000" classname="components/datatypes/industry-verticals/financial-account.schema.json has at least one invalid example">
    </testcase>
    <testcase name="Presence of invalids components/datatypes/industry-verticals/form-applications.schema.json has at least one invalid example" time="0.0000" classname="components/datatypes/industry-verticals/form-applications.schema.json has at least one invalid example">
    </testcase>
    <testcase name="Presence of invalids components/datatypes/industry-verticals/implementationdetails.schema.json has at least one invalid example" time="0.0000" classname="components/datatypes/industry-verticals/implementationdetails.schema.json has at least one invalid example">
    </testcase>
    <testcase name="Presence of invalids components/datatypes/industry-verticals/impressions.schema.json has at least one invalid example" time="0.0000" classname="components/datatypes/industry-verticals/impressions.schema.json has at least one invalid example">
    </testcase>
    <testcase name="Presence of invalids components/datatypes/industry-verticals/internal-site-search.schema.json has at least one invalid example" time="0.0000" classname="components/datatypes/industry-verticals/internal-site-search.schema.json has at least one invalid example">
    </testcase>
    <testcase name="Presence of invalids components/datatypes/industry-verticals/selfservice.schema.json has at least one invalid example" time="0.0000" classname="components/datatypes/industry-verticals/selfservice.schema.json has at least one invalid example">
    </testcase>
    <testcase name="Presence of invalids components/datatypes/industry-verticals/subscription.schema.json has at least one invalid example" time="0.0000" classname="components/datatypes/industry-verticals/subscription.schema.json has at least one invalid example">
    </testcase>
    <testcase name="Presence of invalids components/datatypes/industry-verticals/telecom-subscription.schema.json has at least one invalid example" time="0.0000" classname="components/datatypes/industry-verticals/telecom-subscription.schema.json has at least one invalid example">
    </testcase>
    <testcase name="Presence of invalids components/datatypes/industry-verticals/tool-usage.schema.json has at least one invalid example" time="0.0000" classname="components/datatypes/industry-verticals/tool-usage.schema.json has at least one invalid example">
    </testcase>
    <testcase name="Presence of invalids components/datatypes/industry-verticals/transaction.schema.json has at least one invalid example" time="0.0000" classname="components/datatypes/industry-verticals/transaction.schema.json has at least one invalid example">
    </testcase>
    <testcase name="Presence of invalids components/datatypes/keyedlist.schema.json has at least one invalid example" time="0.0000" classname="components/datatypes/keyedlist.schema.json has at least one invalid example">
    </testcase>
    <testcase name="Presence of invalids components/datatypes/keyvalue.schema.json has at least one invalid example" time="0.0000" classname="components/datatypes/keyvalue.schema.json has at least one invalid example">
    </testcase>
    <testcase name="Presence of invalids components/datatypes/marketing/advertising-break.schema.json has at least one invalid example" time="0.0000" classname="components/datatypes/marketing/advertising-break.schema.json has at least one invalid example">
    </testcase>
    <testcase name="Presence of invalids components/datatypes/marketing/advertising.schema.json has at least one invalid example" time="0.0000" classname="components/datatypes/marketing/advertising.schema.json has at least one invalid example">
    </testcase>
    <testcase name="Presence of invalids components/datatypes/marketing/commerce.schema.json has at least one invalid example" time="0.0000" classname="components/datatypes/marketing/commerce.schema.json has at least one invalid example">
    </testcase>
    <testcase name="Presence of invalids components/datatypes/marketing/direct-marketing.schema.json has at least one invalid example" time="0.0000" classname="components/datatypes/marketing/direct-marketing.schema.json has at least one invalid example">
    </testcase>
    <testcase name="Presence of invalids components/datatypes/marketing/directmarketing-address.schema.json has at least one invalid example" time="0.0000" classname="components/datatypes/marketing/directmarketing-address.schema.json has at least one invalid example">
    </testcase>
    <testcase name="Presence of invalids components/datatypes/marketing/directmarketing-emailaddress.schema.json has at least one invalid example" time="0.0000" classname="components/datatypes/marketing/directmarketing-emailaddress.schema.json has at least one invalid example">
    </testcase>
    <testcase name="Presence of invalids components/datatypes/marketing/directmarketing-phonenumber.schema.json has at least one invalid example" time="0.0000" classname="components/datatypes/marketing/directmarketing-phonenumber.schema.json has at least one invalid example">
    </testcase>
    <testcase name="Presence of invalids components/datatypes/marketing/marketing.schema.json has at least one invalid example" time="0.0000" classname="components/datatypes/marketing/marketing.schema.json has at least one invalid example">
    </testcase>
    <testcase name="Presence of invalids components/datatypes/mediadetails.schema.json has at least one invalid example" time="0.0000" classname="components/datatypes/mediadetails.schema.json has at least one invalid example">
    </testcase>
    <testcase name="Presence of invalids components/datatypes/mediaevent.schema.json has at least one invalid example" time="0.0000" classname="components/datatypes/mediaevent.schema.json has at least one invalid example">
    </testcase>
    <testcase name="Presence of invalids components/datatypes/namespace.schema.json has at least one invalid example" time="0.0000" classname="components/datatypes/namespace.schema.json has at least one invalid example">
    </testcase>
    <testcase name="Presence of invalids components/datatypes/optinout-additional-details.schema.json has at least one invalid example" time="0.0000" classname="components/datatypes/optinout-additional-details.schema.json has at least one invalid example">
    </testcase>
    <testcase name="Presence of invalids components/datatypes/page.schema.json has at least one invalid example" time="0.0000" classname="components/datatypes/page.schema.json has at least one invalid example">
    </testcase>
    <testcase name="Presence of invalids components/datatypes/person/person-name.schema.json has at least one invalid example" time="0.0000" classname="components/datatypes/person/person-name.schema.json has at least one invalid example">
    </testcase>
    <testcase name="Presence of invalids components/datatypes/person/person.schema.json has at least one invalid example" time="0.0000" classname="components/datatypes/person/person.schema.json has at least one invalid example">
    </testcase>
    <testcase name="Presence of invalids components/datatypes/placecontext.schema.json has at least one invalid example" time="0.0000" classname="components/datatypes/placecontext.schema.json has at least one invalid example">
    </testcase>
    <testcase name="Presence of invalids components/datatypes/playerstatedata.schema.json has at least one invalid example" time="0.0000" classname="components/datatypes/playerstatedata.schema.json has at least one invalid example">
    </testcase>
    <testcase name="Presence of invalids components/datatypes/poi-detail.schema.json has at least one invalid example" time="0.0000" classname="components/datatypes/poi-detail.schema.json has at least one invalid example">
    </testcase>
    <testcase name="Presence of invalids components/datatypes/product.schema.json has at least one invalid example" time="0.0000" classname="components/datatypes/product.schema.json has at least one invalid example">
    </testcase>
    <testcase name="Presence of invalids components/datatypes/productlistitem.schema.json has at least one invalid example" time="0.0000" classname="components/datatypes/productlistitem.schema.json has at least one invalid example">
    </testcase>
    <testcase name="Presence of invalids components/datatypes/profilestitch.schema.json has at least one invalid example" time="0.0000" classname="components/datatypes/profilestitch.schema.json has at least one invalid example">
    </testcase>
    <testcase name="Presence of invalids components/datatypes/profilestitchidentity.schema.json has at least one invalid example" time="0.0000" classname="components/datatypes/profilestitchidentity.schema.json has at least one invalid example">
    </testcase>
    <testcase name="Presence of invalids components/datatypes/pushdetail.schema.json has at least one invalid example" time="0.0000" classname="components/datatypes/pushdetail.schema.json has at least one invalid example">
    </testcase>
    <testcase name="Presence of invalids components/datatypes/pushnotificationtoken.schema.json has at least one invalid example" time="0.0000" classname="components/datatypes/pushnotificationtoken.schema.json has at least one invalid example">
    </testcase>
    <testcase name="Presence of invalids components/datatypes/qoedatadetails.schema.json has at least one invalid example" time="0.0000" classname="components/datatypes/qoedatadetails.schema.json has at least one invalid example">
    </testcase>
    <testcase name="Presence of invalids components/datatypes/refunditem.schema.json has at least one invalid example" time="0.0000" classname="components/datatypes/refunditem.schema.json has at least one invalid example">
    </testcase>
    <testcase name="Presence of invalids components/datatypes/requisitionlist.schema.json has at least one invalid example" time="0.0000" classname="components/datatypes/requisitionlist.schema.json has at least one invalid example">
    </testcase>
    <testcase name="Presence of invalids components/datatypes/return.schema.json has at least one invalid example" time="0.0000" classname="components/datatypes/return.schema.json has at least one invalid example">
    </testcase>
    <testcase name="Presence of invalids components/datatypes/returnitem.schema.json has at least one invalid example" time="0.0000" classname="components/datatypes/returnitem.schema.json has at least one invalid example">
    </testcase>
    <testcase name="Presence of invalids components/datatypes/search.schema.json has at least one invalid example" time="0.0000" classname="components/datatypes/search.schema.json has at least one invalid example">
    </testcase>
    <testcase name="Presence of invalids components/datatypes/segmentidentity.schema.json has at least one invalid example" time="0.0000" classname="components/datatypes/segmentidentity.schema.json has at least one invalid example">
    </testcase>
    <testcase name="Presence of invalids components/datatypes/segmentmembership.schema.json has at least one invalid example" time="0.0000" classname="components/datatypes/segmentmembership.schema.json has at least one invalid example">
    </testcase>
    <testcase name="Presence of invalids components/datatypes/segmentmembershipitem.schema.json has at least one invalid example" time="0.0000" classname="components/datatypes/segmentmembershipitem.schema.json has at least one invalid example">
    </testcase>
    <testcase name="Presence of invalids components/datatypes/sessiondetails.schema.json has at least one invalid example" time="0.0000" classname="components/datatypes/sessiondetails.schema.json has at least one invalid example">
    </testcase>
    <testcase name="Presence of invalids components/datatypes/shipping.schema.json has at least one invalid example" time="0.0000" classname="components/datatypes/shipping.schema.json has at least one invalid example">
    </testcase>
    <testcase name="Presence of invalids components/datatypes/sitesearch.schema.json has at least one invalid example" time="0.0000" classname="components/datatypes/sitesearch.schema.json has at least one invalid example">
    </testcase>
    <testcase name="Presence of invalids components/datatypes/store-web-order.schema.json has at least one invalid example" time="0.0000" classname="components/datatypes/store-web-order.schema.json has at least one invalid example">
    </testcase>
    <testcase name="Presence of invalids components/datatypes/webinfo.schema.json has at least one invalid example" time="0.0000" classname="components/datatypes/webinfo.schema.json has at least one invalid example">
    </testcase>
    <testcase name="Presence of invalids components/fieldgroups/account-person/account-person-details.schema.json has at least one invalid example" time="0.0000" classname="components/fieldgroups/account-person/account-person-details.schema.json has at least one invalid example">
    </testcase>
    <testcase name="Presence of invalids components/fieldgroups/account/account-components.schema.json has at least one invalid example" time="0.0000" classname="components/fieldgroups/account/account-components.schema.json has at least one invalid example">
    </testcase>
    <testcase name="Presence of invalids components/fieldgroups/account/account-details.schema.json has at least one invalid example" time="0.0000" classname="components/fieldgroups/account/account-details.schema.json has at least one invalid example">
    </testcase>
    <testcase name="Presence of invalids components/fieldgroups/account/account-person-components.schema.json has at least one invalid example" time="0.0000" classname="components/fieldgroups/account/account-person-components.schema.json has at least one invalid example">
    </testcase>
    <testcase name="Presence of invalids components/fieldgroups/account/events/account-data-value-change.schema.json has at least one invalid example" time="0.0000" classname="components/fieldgroups/account/events/account-data-value-change.schema.json has at least one invalid example">
    </testcase>
    <testcase name="Presence of invalids components/fieldgroups/account/events/account-interesting-moment.schema.json has at least one invalid example" time="0.0000" classname="components/fieldgroups/account/events/account-interesting-moment.schema.json has at least one invalid example">
    </testcase>
    <testcase name="Presence of invalids components/fieldgroups/account/events/account-score-change.schema.json has at least one invalid example" time="0.0000" classname="components/fieldgroups/account/events/account-score-change.schema.json has at least one invalid example">
    </testcase>
    <testcase name="Presence of invalids components/fieldgroups/account/events/add-to-account-list-change.schema.json has at least one invalid example" time="0.0000" classname="components/fieldgroups/account/events/add-to-account-list-change.schema.json has at least one invalid example">
    </testcase>
    <testcase name="Presence of invalids components/fieldgroups/account/events/add-to-journey.schema.json has at least one invalid example" time="0.0000" classname="components/fieldgroups/account/events/add-to-journey.schema.json has at least one invalid example">
    </testcase>
    <testcase name="Presence of invalids components/fieldgroups/account/events/remove-from-account-list-change.schema.json has at least one invalid example" time="0.0000" classname="components/fieldgroups/account/events/remove-from-account-list-change.schema.json has at least one invalid example">
    </testcase>
    <testcase name="Presence of invalids components/fieldgroups/account/events/remove-from-journey.schema.json has at least one invalid example" time="0.0000" classname="components/fieldgroups/account/events/remove-from-journey.schema.json has at least one invalid example">
    </testcase>
    <testcase name="Presence of invalids components/fieldgroups/account/related-accounts.schema.json has at least one invalid example" time="0.0000" classname="components/fieldgroups/account/related-accounts.schema.json has at least one invalid example">
    </testcase>
    <testcase name="Presence of invalids components/fieldgroups/campaign-member/campaign-member-components.schema.json has at least one invalid example" time="0.0000" classname="components/fieldgroups/campaign-member/campaign-member-components.schema.json has at least one invalid example">
    </testcase>
    <testcase name="Presence of invalids components/fieldgroups/campaign-member/campaign-member-details.schema.json has at least one invalid example" time="0.0010" classname="components/fieldgroups/campaign-member/campaign-member-details.schema.json has at least one invalid example">
    </testcase>
    <testcase name="Presence of invalids components/fieldgroups/campaign/campaign-components.schema.json has at least one invalid example" time="0.0000" classname="components/fieldgroups/campaign/campaign-components.schema.json has at least one invalid example">
    </testcase>
    <testcase name="Presence of invalids components/fieldgroups/campaign/campaign-details.schema.json has at least one invalid example" time="0.0000" classname="components/fieldgroups/campaign/campaign-details.schema.json has at least one invalid example">
    </testcase>
    <testcase name="Presence of invalids components/fieldgroups/conversion/currency-conversion-details.schema.json has at least one invalid example" time="0.0000" classname="components/fieldgroups/conversion/currency-conversion-details.schema.json has at least one invalid example">
    </testcase>
    <testcase name="Presence of invalids components/fieldgroups/deprecated/deprecated-profile-consent.schema.json has at least one invalid example" time="0.0000" classname="components/fieldgroups/deprecated/deprecated-profile-consent.schema.json has at least one invalid example">
    </testcase>
    <testcase name="Presence of invalids components/fieldgroups/deprecated/experienceevent-alert-setup-steps.schema.json has at least one invalid example" time="0.0000" classname="components/fieldgroups/deprecated/experienceevent-alert-setup-steps.schema.json has at least one invalid example">
    </testcase>
    <testcase name="Presence of invalids components/fieldgroups/deprecated/experienceevent-appointment-request-steps.schema.json has at least one invalid example" time="0.0000" classname="components/fieldgroups/deprecated/experienceevent-appointment-request-steps.schema.json has at least one invalid example">
    </testcase>
    <testcase name="Presence of invalids components/fieldgroups/deprecated/experienceevent-autopay-enrollment-details.schema.json has at least one invalid example" time="0.0000" classname="components/fieldgroups/deprecated/experienceevent-autopay-enrollment-details.schema.json has at least one invalid example">
    </testcase>
    <testcase name="Presence of invalids components/fieldgroups/deprecated/experienceevent-dispute-steps.schema.json has at least one invalid example" time="0.0000" classname="components/fieldgroups/deprecated/experienceevent-dispute-steps.schema.json has at least one invalid example">
    </testcase>
    <testcase name="Presence of invalids components/fieldgroups/deprecated/experienceevent-enduserids-deprecated.schema.json has at least one invalid example" time="0.0000" classname="components/fieldgroups/deprecated/experienceevent-enduserids-deprecated.schema.json has at least one invalid example">
    </testcase>
    <testcase name="Presence of invalids components/fieldgroups/deprecated/experienceevent-financial-account-creation-steps.schema.json has at least one invalid example" time="0.0000" classname="components/fieldgroups/deprecated/experienceevent-financial-account-creation-steps.schema.json has at least one invalid example">
    </testcase>
    <testcase name="Presence of invalids components/fieldgroups/deprecated/experienceevent-financial-calculator-steps.schema.json has at least one invalid example" time="0.0000" classname="components/fieldgroups/deprecated/experienceevent-financial-calculator-steps.schema.json has at least one invalid example">
    </testcase>
    <testcase name="Presence of invalids components/fieldgroups/deprecated/experienceevent-media.schema.json has at least one invalid example" time="0.0000" classname="components/fieldgroups/deprecated/experienceevent-media.schema.json has at least one invalid example">
    </testcase>
    <testcase name="Presence of invalids components/fieldgroups/deprecated/experienceevent-paperless-enrollment-steps.schema.json has at least one invalid example" time="0.0000" classname="components/fieldgroups/deprecated/experienceevent-paperless-enrollment-steps.schema.json has at least one invalid example">
    </testcase>
    <testcase name="Presence of invalids components/fieldgroups/deprecated/experienceevent-referral-steps.schema.json has at least one invalid example" time="0.0000" classname="components/fieldgroups/deprecated/experienceevent-referral-steps.schema.json has at least one invalid example">
    </testcase>
    <testcase name="Presence of invalids components/fieldgroups/deprecated/experienceevent-request-credit-score-steps.schema.json has at least one invalid example" time="0.0000" classname="components/fieldgroups/deprecated/experienceevent-request-credit-score-steps.schema.json has at least one invalid example">
    </testcase>
    <testcase name="Presence of invalids components/fieldgroups/deprecated/experienceevent-support-request.schema.json has at least one invalid example" time="0.0000" classname="components/fieldgroups/deprecated/experienceevent-support-request.schema.json has at least one invalid example">
    </testcase>
    <testcase name="Presence of invalids components/fieldgroups/deprecated/experienceevent-watchlist-steps.schema.json has at least one invalid example" time="0.0000" classname="components/fieldgroups/deprecated/experienceevent-watchlist-steps.schema.json has at least one invalid example">
    </testcase>
    <testcase name="Presence of invalids components/fieldgroups/deprecated/profile-identities-deprecated.schema.json has at least one invalid example" time="0.0000" classname="components/fieldgroups/deprecated/profile-identities-deprecated.schema.json has at least one invalid example">
    </testcase>
    <testcase name="Presence of invalids components/fieldgroups/deprecated/profile-person-details-v2.schema.json has at least one invalid example" time="0.0000" classname="components/fieldgroups/deprecated/profile-person-details-v2.schema.json has at least one invalid example">
    </testcase>
    <testcase name="Presence of invalids components/fieldgroups/experience-event/events/add-to-campaign.schema.json has at least one invalid example" time="0.0000" classname="components/fieldgroups/experience-event/events/add-to-campaign.schema.json has at least one invalid example">
    </testcase>
    <testcase name="Presence of invalids components/fieldgroups/experience-event/events/add-to-list.schema.json has at least one invalid example" time="0.0000" classname="components/fieldgroups/experience-event/events/add-to-list.schema.json has at least one invalid example">
    </testcase>
    <testcase name="Presence of invalids components/fieldgroups/experience-event/events/add-to-opportunity.schema.json has at least one invalid example" time="0.0000" classname="components/fieldgroups/experience-event/events/add-to-opportunity.schema.json has at least one invalid example">
    </testcase>
    <testcase name="Presence of invalids components/fieldgroups/experience-event/events/asks-questions-in-webinar.schema.json has at least one invalid example" time="0.0000" classname="components/fieldgroups/experience-event/events/asks-questions-in-webinar.schema.json has at least one invalid example">
    </testcase>
    <testcase name="Presence of invalids components/fieldgroups/experience-event/events/asset-downloads-in-webinar.schema.json has at least one invalid example" time="0.0000" classname="components/fieldgroups/experience-event/events/asset-downloads-in-webinar.schema.json has at least one invalid example">
    </testcase>
    <testcase name="Presence of invalids components/fieldgroups/experience-event/events/call-to-action-clicked-in-webinar.schema.json has at least one invalid example" time="0.0000" classname="components/fieldgroups/experience-event/events/call-to-action-clicked-in-webinar.schema.json has at least one invalid example">
    </testcase>
    <testcase name="Presence of invalids components/fieldgroups/experience-event/events/callwebhook.schema.json has at least one invalid example" time="0.0000" classname="components/fieldgroups/experience-event/events/callwebhook.schema.json has at least one invalid example">
    </testcase>
    <testcase name="Presence of invalids components/fieldgroups/experience-event/events/change-campaign-cadence.schema.json has at least one invalid example" time="0.0000" classname="components/fieldgroups/experience-event/events/change-campaign-cadence.schema.json has at least one invalid example">
    </testcase>
    <testcase name="Presence of invalids components/fieldgroups/experience-event/events/change-campaign-stream.schema.json has at least one invalid example" time="0.0000" classname="components/fieldgroups/experience-event/events/change-campaign-stream.schema.json has at least one invalid example">
    </testcase>
    <testcase name="Presence of invalids components/fieldgroups/experience-event/events/convert-lead.schema.json has at least one invalid example" time="0.0000" classname="components/fieldgroups/experience-event/events/convert-lead.schema.json has at least one invalid example">
    </testcase>
    <testcase name="Presence of invalids components/fieldgroups/experience-event/events/emailbounced.schema.json has at least one invalid example" time="0.0000" classname="components/fieldgroups/experience-event/events/emailbounced.schema.json has at least one invalid example">
    </testcase>
    <testcase name="Presence of invalids components/fieldgroups/experience-event/events/emailbouncedsoft.schema.json has at least one invalid example" time="0.0000" classname="components/fieldgroups/experience-event/events/emailbouncedsoft.schema.json has at least one invalid example">
    </testcase>
    <testcase name="Presence of invalids components/fieldgroups/experience-event/events/emailclicked.schema.json has at least one invalid example" time="0.0000" classname="components/fieldgroups/experience-event/events/emailclicked.schema.json has at least one invalid example">
    </testcase>
    <testcase name="Presence of invalids components/fieldgroups/experience-event/events/emaildelivered.schema.json has at least one invalid example" time="0.0000" classname="components/fieldgroups/experience-event/events/emaildelivered.schema.json has at least one invalid example">
    </testcase>
    <testcase name="Presence of invalids components/fieldgroups/experience-event/events/emailopened.schema.json has at least one invalid example" time="0.0000" classname="components/fieldgroups/experience-event/events/emailopened.schema.json has at least one invalid example">
    </testcase>
    <testcase name="Presence of invalids components/fieldgroups/experience-event/events/emailsent.schema.json has at least one invalid example" time="0.0000" classname="components/fieldgroups/experience-event/events/emailsent.schema.json has at least one invalid example">
    </testcase>
    <testcase name="Presence of invalids components/fieldgroups/experience-event/events/emailunsubscribed.schema.json has at least one invalid example" time="0.0000" classname="components/fieldgroups/experience-event/events/emailunsubscribed.schema.json has at least one invalid example">
    </testcase>
    <testcase name="Presence of invalids components/fieldgroups/experience-event/events/engaged-with-agent-in-conversational-flow.schema.json has at least one invalid example" time="0.0000" classname="components/fieldgroups/experience-event/events/engaged-with-agent-in-conversational-flow.schema.json has at least one invalid example">
    </testcase>
    <testcase name="Presence of invalids components/fieldgroups/experience-event/events/engaged-with-dialogue.schema.json has at least one invalid example" time="0.0000" classname="components/fieldgroups/experience-event/events/engaged-with-dialogue.schema.json has at least one invalid example">
    </testcase>
    <testcase name="Presence of invalids components/fieldgroups/experience-event/events/formfilledout.schema.json has at least one invalid example" time="0.0000" classname="components/fieldgroups/experience-event/events/formfilledout.schema.json has at least one invalid example">
    </testcase>
    <testcase name="Presence of invalids components/fieldgroups/experience-event/events/interacted-with-document-in-dialogue.schema.json has at least one invalid example" time="0.0000" classname="components/fieldgroups/experience-event/events/interacted-with-document-in-dialogue.schema.json has at least one invalid example">
    </testcase>
    <testcase name="Presence of invalids components/fieldgroups/experience-event/events/interacted-with-document-in-flow.schema.json has at least one invalid example" time="0.0000" classname="components/fieldgroups/experience-event/events/interacted-with-document-in-flow.schema.json has at least one invalid example">
    </testcase>
    <testcase name="Presence of invalids components/fieldgroups/experience-event/events/interesting-moment.schema.json has at least one invalid example" time="0.0000" classname="components/fieldgroups/experience-event/events/interesting-moment.schema.json has at least one invalid example">
    </testcase>
    <testcase name="Presence of invalids components/fieldgroups/experience-event/events/linkclicks.schema.json has at least one invalid example" time="0.0000" classname="components/fieldgroups/experience-event/events/linkclicks.schema.json has at least one invalid example">
    </testcase>
    <testcase name="Presence of invalids components/fieldgroups/experience-event/events/merge-leads.schema.json has at least one invalid example" time="0.0000" classname="components/fieldgroups/experience-event/events/merge-leads.schema.json has at least one invalid example">
    </testcase>
    <testcase name="Presence of invalids components/fieldgroups/experience-event/events/new-lead.schema.json has at least one invalid example" time="0.0000" classname="components/fieldgroups/experience-event/events/new-lead.schema.json has at least one invalid example">
    </testcase>
    <testcase name="Presence of invalids components/fieldgroups/experience-event/events/opportunityupdated.schema.json has at least one invalid example" time="0.0000" classname="components/fieldgroups/experience-event/events/opportunityupdated.schema.json has at least one invalid example">
    </testcase>
    <testcase name="Presence of invalids components/fieldgroups/experience-event/events/remove-from-list.schema.json has at least one invalid example" time="0.0000" classname="components/fieldgroups/experience-event/events/remove-from-list.schema.json has at least one invalid example">
    </testcase>
    <testcase name="Presence of invalids components/fieldgroups/experience-event/events/remove-from-opportunity.schema.json has at least one invalid example" time="0.0000" classname="components/fieldgroups/experience-event/events/remove-from-opportunity.schema.json has at least one invalid example">
    </testcase>
    <testcase name="Presence of invalids components/fieldgroups/experience-event/events/responded-to-poll-in-webinar.schema.json has at least one invalid example" time="0.0000" classname="components/fieldgroups/experience-event/events/responded-to-poll-in-webinar.schema.json has at least one invalid example">
    </testcase>
    <testcase name="Presence of invalids components/fieldgroups/experience-event/events/revenueStageChanged.schema.json has at least one invalid example" time="0.0000" classname="components/fieldgroups/experience-event/events/revenueStageChanged.schema.json has at least one invalid example">
    </testcase>
    <testcase name="Presence of invalids components/fieldgroups/experience-event/events/scorechanged.schema.json has at least one invalid example" time="0.0000" classname="components/fieldgroups/experience-event/events/scorechanged.schema.json has at least one invalid example">
    </testcase>
    <testcase name="Presence of invalids components/fieldgroups/experience-event/events/statusincampaignprogressionchanged.schema.json has at least one invalid example" time="0.0000" classname="components/fieldgroups/experience-event/events/statusincampaignprogressionchanged.schema.json has at least one invalid example">
    </testcase>
    <testcase name="Presence of invalids components/fieldgroups/experience-event/events/visit-webpage.schema.json has at least one invalid example" time="0.0000" classname="components/fieldgroups/experience-event/events/visit-webpage.schema.json has at least one invalid example">
    </testcase>
    <testcase name="Presence of invalids components/fieldgroups/experience-event/experienceevent-advertising.schema.json has at least one invalid example" time="0.0000" classname="components/fieldgroups/experience-event/experienceevent-advertising.schema.json has at least one invalid example">
    </testcase>
    <testcase name="Presence of invalids components/fieldgroups/experience-event/experienceevent-application.schema.json has at least one invalid example" time="0.0000" classname="components/fieldgroups/experience-event/experienceevent-application.schema.json has at least one invalid example">
    </testcase>
    <testcase name="Presence of invalids components/fieldgroups/experience-event/experienceevent-bot-detection.schema.json has at least one invalid example" time="0.0000" classname="components/fieldgroups/experience-event/experienceevent-bot-detection.schema.json has at least one invalid example">
    </testcase>
    <testcase name="Presence of invalids components/fieldgroups/experience-event/experienceevent-card-actions.schema.json has at least one invalid example" time="0.0000" classname="components/fieldgroups/experience-event/experienceevent-card-actions.schema.json has at least one invalid example">
    </testcase>
    <testcase name="Presence of invalids components/fieldgroups/experience-event/experienceevent-channel.schema.json has at least one invalid example" time="0.0000" classname="components/fieldgroups/experience-event/experienceevent-channel.schema.json has at least one invalid example">
    </testcase>
    <testcase name="Presence of invalids components/fieldgroups/experience-event/experienceevent-commerce.schema.json has at least one invalid example" time="0.0000" classname="components/fieldgroups/experience-event/experienceevent-commerce.schema.json has at least one invalid example">
    </testcase>
    <testcase name="Presence of invalids components/fieldgroups/experience-event/experienceevent-content.schema.json has at least one invalid example" time="0.0000" classname="components/fieldgroups/experience-event/experienceevent-content.schema.json has at least one invalid example">
    </testcase>
    <testcase name="Presence of invalids components/fieldgroups/experience-event/experienceevent-directmarketing.schema.json has at least one invalid example" time="0.0000" classname="components/fieldgroups/experience-event/experienceevent-directmarketing.schema.json has at least one invalid example">
    </testcase>
    <testcase name="Presence of invalids components/fieldgroups/experience-event/experienceevent-enduserids.schema.json has at least one invalid example" time="0.0000" classname="components/fieldgroups/experience-event/experienceevent-enduserids.schema.json has at least one invalid example">
    </testcase>
    <testcase name="Presence of invalids components/fieldgroups/experience-event/experienceevent-environment-details.schema.json has at least one invalid example" time="0.0000" classname="components/fieldgroups/experience-event/experienceevent-environment-details.schema.json has at least one invalid example">
    </testcase>
    <testcase name="Presence of invalids components/fieldgroups/experience-event/experienceevent-file-download-details.schema.json has at least one invalid example" time="0.0000" classname="components/fieldgroups/experience-event/experienceevent-file-download-details.schema.json has at least one invalid example">
    </testcase>
    <testcase name="Presence of invalids components/fieldgroups/experience-event/experienceevent-file-upload-details.schema.json has at least one invalid example" time="0.0000" classname="components/fieldgroups/experience-event/experienceevent-file-upload-details.schema.json has at least one invalid example">
    </testcase>
    <testcase name="Presence of invalids components/fieldgroups/experience-event/experienceevent-implementation-details.schema.json has at least one invalid example" time="0.0000" classname="components/fieldgroups/experience-event/experienceevent-implementation-details.schema.json has at least one invalid example">
    </testcase>
    <testcase name="Presence of invalids components/fieldgroups/experience-event/experienceevent-inappmessage-tracking.schema.json has at least one invalid example" time="0.0000" classname="components/fieldgroups/experience-event/experienceevent-inappmessage-tracking.schema.json has at least one invalid example">
    </testcase>
    <testcase name="Presence of invalids components/fieldgroups/experience-event/experienceevent-knowledge-base-details.schema.json has at least one invalid example" time="0.0000" classname="components/fieldgroups/experience-event/experienceevent-knowledge-base-details.schema.json has at least one invalid example">
    </testcase>
    <testcase name="Presence of invalids components/fieldgroups/experience-event/experienceevent-marketing.schema.json has at least one invalid example" time="0.0000" classname="components/fieldgroups/experience-event/experienceevent-marketing.schema.json has at least one invalid example">
    </testcase>
    <testcase name="Presence of invalids components/fieldgroups/experience-event/experienceevent-media-analytics.schema.json has at least one invalid example" time="0.0000" classname="components/fieldgroups/experience-event/experienceevent-media-analytics.schema.json has at least one invalid example">
    </testcase>
    <testcase name="Presence of invalids components/fieldgroups/experience-event/experienceevent-offer-impression-details.schema.json has at least one invalid example" time="0.0000" classname="components/fieldgroups/experience-event/experienceevent-offer-impression-details.schema.json has at least one invalid example">
    </testcase>
    <testcase name="Presence of invalids components/fieldgroups/experience-event/experienceevent-order-details.schema.json has at least one invalid example" time="0.0000" classname="components/fieldgroups/experience-event/experienceevent-order-details.schema.json has at least one invalid example">
    </testcase>
    <testcase name="Presence of invalids components/fieldgroups/experience-event/experienceevent-privacy.schema.json has at least one invalid example" time="0.0000" classname="components/fieldgroups/experience-event/experienceevent-privacy.schema.json has at least one invalid example">
    </testcase>
    <testcase name="Presence of invalids components/fieldgroups/experience-event/experienceevent-profile-stitch.schema.json has at least one invalid example" time="0.0000" classname="components/fieldgroups/experience-event/experienceevent-profile-stitch.schema.json has at least one invalid example">
    </testcase>
    <testcase name="Presence of invalids components/fieldgroups/experience-event/experienceevent-pushtracking.schema.json has at least one invalid example" time="0.0000" classname="components/fieldgroups/experience-event/experienceevent-pushtracking.schema.json has at least one invalid example">
    </testcase>
    <testcase name="Presence of invalids components/fieldgroups/experience-event/experienceevent-quote-request-details.schema.json has at least one invalid example" time="0.0000" classname="components/fieldgroups/experience-event/experienceevent-quote-request-details.schema.json has at least one invalid example">
    </testcase>
    <testcase name="Presence of invalids components/fieldgroups/experience-event/experienceevent-reference-keys.schema.json has at least one invalid example" time="0.0000" classname="components/fieldgroups/experience-event/experienceevent-reference-keys.schema.json has at least one invalid example">
    </testcase>
    <testcase name="Presence of invalids components/fieldgroups/experience-event/experienceevent-search.schema.json has at least one invalid example" time="0.0000" classname="components/fieldgroups/experience-event/experienceevent-search.schema.json has at least one invalid example">
    </testcase>
    <testcase name="Presence of invalids components/fieldgroups/experience-event/experienceevent-segmentmembership.schema.json has at least one invalid example" time="0.0000" classname="components/fieldgroups/experience-event/experienceevent-segmentmembership.schema.json has at least one invalid example">
    </testcase>
    <testcase name="Presence of invalids components/fieldgroups/experience-event/experienceevent-segments-list.schema.json has at least one invalid example" time="0.0000" classname="components/fieldgroups/experience-event/experienceevent-segments-list.schema.json has at least one invalid example">
    </testcase>
    <testcase name="Presence of invalids components/fieldgroups/experience-event/experienceevent-service-payment-details.schema.json has at least one invalid example" time="0.0000" classname="components/fieldgroups/experience-event/experienceevent-service-payment-details.schema.json has at least one invalid example">
    </testcase>
    <testcase name="Presence of invalids components/fieldgroups/experience-event/experienceevent-site-search.schema.json has at least one invalid example" time="0.0000" classname="components/fieldgroups/experience-event/experienceevent-site-search.schema.json has at least one invalid example">
    </testcase>
    <testcase name="Presence of invalids components/fieldgroups/experience-event/experienceevent-social-network-usage-details.schema.json has at least one invalid example" time="0.0000" classname="components/fieldgroups/experience-event/experienceevent-social-network-usage-details.schema.json has at least one invalid example">
    </testcase>
    <testcase name="Presence of invalids components/fieldgroups/experience-event/experienceevent-stitching.schema.json has at least one invalid example" time="0.0000" classname="components/fieldgroups/experience-event/experienceevent-stitching.schema.json has at least one invalid example">
    </testcase>
    <testcase name="Presence of invalids components/fieldgroups/experience-event/experienceevent-support-site-search.schema.json has at least one invalid example" time="0.0000" classname="components/fieldgroups/experience-event/experienceevent-support-site-search.schema.json has at least one invalid example">
    </testcase>
    <testcase name="Presence of invalids components/fieldgroups/experience-event/experienceevent-survey-response-details.schema.json has at least one invalid example" time="0.0000" classname="components/fieldgroups/experience-event/experienceevent-survey-response-details.schema.json has at least one invalid example">
    </testcase>
    <testcase name="Presence of invalids components/fieldgroups/experience-event/experienceevent-technical-details.schema.json has at least one invalid example" time="0.0000" classname="components/fieldgroups/experience-event/experienceevent-technical-details.schema.json has at least one invalid example">
    </testcase>
    <testcase name="Presence of invalids components/fieldgroups/experience-event/experienceevent-user-login-details.schema.json has at least one invalid example" time="0.0000" classname="components/fieldgroups/experience-event/experienceevent-user-login-details.schema.json has at least one invalid example">
    </testcase>
    <testcase name="Presence of invalids components/fieldgroups/experience-event/experienceevent-web.schema.json has at least one invalid example" time="0.0000" classname="components/fieldgroups/experience-event/experienceevent-web.schema.json has at least one invalid example">
    </testcase>
    <testcase name="Presence of invalids components/fieldgroups/experience-event/industry-verticals/experienceevent-alert-impressions.schema.json has at least one invalid example" time="0.0000" classname="components/fieldgroups/experience-event/industry-verticals/experienceevent-alert-impressions.schema.json has at least one invalid example">
    </testcase>
    <testcase name="Presence of invalids components/fieldgroups/experience-event/industry-verticals/experienceevent-balance-transfers.schema.json has at least one invalid example" time="0.0000" classname="components/fieldgroups/experience-event/industry-verticals/experienceevent-balance-transfers.schema.json has at least one invalid example">
    </testcase>
    <testcase name="Presence of invalids components/fieldgroups/experience-event/industry-verticals/experienceevent-bill-pay-details.schema.json has at least one invalid example" time="0.0000" classname="components/fieldgroups/experience-event/industry-verticals/experienceevent-bill-pay-details.schema.json has at least one invalid example">
    </testcase>
    <testcase name="Presence of invalids components/fieldgroups/experience-event/industry-verticals/experienceevent-card-application-details.schema.json has at least one invalid example" time="0.0000" classname="components/fieldgroups/experience-event/industry-verticals/experienceevent-card-application-details.schema.json has at least one invalid example">
    </testcase>
    <testcase name="Presence of invalids components/fieldgroups/experience-event/industry-verticals/experienceevent-claim-details.schema.json has at least one invalid example" time="0.0000" classname="components/fieldgroups/experience-event/industry-verticals/experienceevent-claim-details.schema.json has at least one invalid example">
    </testcase>
    <testcase name="Presence of invalids components/fieldgroups/experience-event/industry-verticals/experienceevent-contact-request-details.schema.json has at least one invalid example" time="0.0000" classname="components/fieldgroups/experience-event/industry-verticals/experienceevent-contact-request-details.schema.json has at least one invalid example">
    </testcase>
    <testcase name="Presence of invalids components/fieldgroups/experience-event/industry-verticals/experienceevent-credit-limit-increase-details.schema.json has at least one invalid example" time="0.0000" classname="components/fieldgroups/experience-event/industry-verticals/experienceevent-credit-limit-increase-details.schema.json has at least one invalid example">
    </testcase>
    <testcase name="Presence of invalids components/fieldgroups/experience-event/industry-verticals/experienceevent-deposit-details.schema.json has at least one invalid example" time="0.0000" classname="components/fieldgroups/experience-event/industry-verticals/experienceevent-deposit-details.schema.json has at least one invalid example">
    </testcase>
    <testcase name="Presence of invalids components/fieldgroups/experience-event/industry-verticals/experienceevent-device-trade-in-details.schema.json has at least one invalid example" time="0.0000" classname="components/fieldgroups/experience-event/industry-verticals/experienceevent-device-trade-in-details.schema.json has at least one invalid example">
    </testcase>
    <testcase name="Presence of invalids components/fieldgroups/experience-event/industry-verticals/experienceevent-dining-reservation.schema.json has at least one invalid example" time="0.0000" classname="components/fieldgroups/experience-event/industry-verticals/experienceevent-dining-reservation.schema.json has at least one invalid example">
    </testcase>
    <testcase name="Presence of invalids components/fieldgroups/experience-event/industry-verticals/experienceevent-flight-reservation.schema.json has at least one invalid example" time="0.0000" classname="components/fieldgroups/experience-event/industry-verticals/experienceevent-flight-reservation.schema.json has at least one invalid example">
    </testcase>
    <testcase name="Presence of invalids components/fieldgroups/experience-event/industry-verticals/experienceevent-healthcare-sitetool.schema.json has at least one invalid example" time="0.0000" classname="components/fieldgroups/experience-event/industry-verticals/experienceevent-healthcare-sitetool.schema.json has at least one invalid example">
    </testcase>
    <testcase name="Presence of invalids components/fieldgroups/experience-event/industry-verticals/experienceevent-insurance-claim-process.schema.json has at least one invalid example" time="0.0000" classname="components/fieldgroups/experience-event/industry-verticals/experienceevent-insurance-claim-process.schema.json has at least one invalid example">
    </testcase>
    <testcase name="Presence of invalids components/fieldgroups/experience-event/industry-verticals/experienceevent-live-event-ticket-purchase.schema.json has at least one invalid example" time="0.0000" classname="components/fieldgroups/experience-event/industry-verticals/experienceevent-live-event-ticket-purchase.schema.json has at least one invalid example">
    </testcase>
    <testcase name="Presence of invalids components/fieldgroups/experience-event/industry-verticals/experienceevent-loan-application-details.schema.json has at least one invalid example" time="0.0000" classname="components/fieldgroups/experience-event/industry-verticals/experienceevent-loan-application-details.schema.json has at least one invalid example">
    </testcase>
    <testcase name="Presence of invalids components/fieldgroups/experience-event/industry-verticals/experienceevent-lodging-reservation.schema.json has at least one invalid example" time="0.0000" classname="components/fieldgroups/experience-event/industry-verticals/experienceevent-lodging-reservation.schema.json has at least one invalid example">
    </testcase>
    <testcase name="Presence of invalids components/fieldgroups/experience-event/industry-verticals/experienceevent-prescription-details.schema.json has at least one invalid example" time="0.0000" classname="components/fieldgroups/experience-event/industry-verticals/experienceevent-prescription-details.schema.json has at least one invalid example">
    </testcase>
    <testcase name="Presence of invalids components/fieldgroups/experience-event/industry-verticals/experienceevent-reservation-details.schema.json has at least one invalid example" time="0.0000" classname="components/fieldgroups/experience-event/industry-verticals/experienceevent-reservation-details.schema.json has at least one invalid example">
    </testcase>
    <testcase name="Presence of invalids components/fieldgroups/experience-event/industry-verticals/experienceevent-reservation-search.schema.json has at least one invalid example" time="0.0000" classname="components/fieldgroups/experience-event/industry-verticals/experienceevent-reservation-search.schema.json has at least one invalid example">
    </testcase>
    <testcase name="Presence of invalids components/fieldgroups/experience-event/industry-verticals/experienceevent-upgrade-details.schema.json has at least one invalid example" time="0.0000" classname="components/fieldgroups/experience-event/industry-verticals/experienceevent-upgrade-details.schema.json has at least one invalid example">
    </testcase>
    <testcase name="Presence of invalids components/fieldgroups/experience-event/industry-verticals/experienceevent-upsell-details.schema.json has at least one invalid example" time="0.0000" classname="components/fieldgroups/experience-event/industry-verticals/experienceevent-upsell-details.schema.json has at least one invalid example">
    </testcase>
    <testcase name="Presence of invalids components/fieldgroups/experience-event/industry-verticals/experienceevent-vehicle-reservation.schema.json has at least one invalid example" time="0.0000" classname="components/fieldgroups/experience-event/industry-verticals/experienceevent-vehicle-reservation.schema.json has at least one invalid example">
    </testcase>
    <testcase name="Presence of invalids components/fieldgroups/experience-event/industry-verticals/experienceevent-warranty-claim-process.schema.json has at least one invalid example" time="0.0000" classname="components/fieldgroups/experience-event/industry-verticals/experienceevent-warranty-claim-process.schema.json has at least one invalid example">
    </testcase>
    <testcase name="Presence of invalids components/fieldgroups/graphs/graph-edge.schema.json has at least one invalid example" time="0.0000" classname="components/fieldgroups/graphs/graph-edge.schema.json has at least one invalid example">
    </testcase>
    <testcase name="Presence of invalids components/fieldgroups/graphs/graph-node.schema.json has at least one invalid example" time="0.0000" classname="components/fieldgroups/graphs/graph-node.schema.json has at least one invalid example">
    </testcase>
    <testcase name="Presence of invalids components/fieldgroups/graphs/graph.schema.json has at least one invalid example" time="0.0000" classname="components/fieldgroups/graphs/graph.schema.json has at least one invalid example">
    </testcase>
    <testcase name="Presence of invalids components/fieldgroups/intent/account-intent-details.schema.json has at least one invalid example" time="0.0000" classname="components/fieldgroups/intent/account-intent-details.schema.json has at least one invalid example">
    </testcase>
    <testcase name="Presence of invalids components/fieldgroups/live-event-schedule/sports-entertainment-event-schedule.schema.json has at least one invalid example" time="0.0000" classname="components/fieldgroups/live-event-schedule/sports-entertainment-event-schedule.schema.json has at least one invalid example">
    </testcase>
    <testcase name="Presence of invalids components/fieldgroups/location/sports-entertainment-event-venue.schema.json has at least one invalid example" time="0.0000" classname="components/fieldgroups/location/sports-entertainment-event-venue.schema.json has at least one invalid example">
    </testcase>
    <testcase name="Presence of invalids components/fieldgroups/marketing-list/marketing-list-components.schema.json has at least one invalid example" time="0.0000" classname="components/fieldgroups/marketing-list/marketing-list-components.schema.json has at least one invalid example">
    </testcase>
    <testcase name="Presence of invalids components/fieldgroups/marketing-list/marketing-list-member-components.schema.json has at least one invalid example" time="0.0000" classname="components/fieldgroups/marketing-list/marketing-list-member-components.schema.json has at least one invalid example">
    </testcase>
    <testcase name="Presence of invalids components/fieldgroups/medication/healthcare-medication.schema.json has at least one invalid example" time="0.0000" classname="components/fieldgroups/medication/healthcare-medication.schema.json has at least one invalid example">
    </testcase>
    <testcase name="Presence of invalids components/fieldgroups/opportunity-contact-role/opportunity-contact-role-details.schema.json has at least one invalid example" time="0.0000" classname="components/fieldgroups/opportunity-contact-role/opportunity-contact-role-details.schema.json has at least one invalid example">
    </testcase>
    <testcase name="Presence of invalids components/fieldgroups/opportunity/opportunity-components.schema.json has at least one invalid example" time="0.0000" classname="components/fieldgroups/opportunity/opportunity-components.schema.json has at least one invalid example">
    </testcase>
    <testcase name="Presence of invalids components/fieldgroups/opportunity/opportunity-details.schema.json has at least one invalid example" time="0.0000" classname="components/fieldgroups/opportunity/opportunity-details.schema.json has at least one invalid example">
    </testcase>
    <testcase name="Presence of invalids components/fieldgroups/opportunity/opportunity-person-components.schema.json has at least one invalid example" time="0.0000" classname="components/fieldgroups/opportunity/opportunity-person-components.schema.json has at least one invalid example">
    </testcase>
    <testcase name="Presence of invalids components/fieldgroups/plan/healthcare-plan-details.schema.json has at least one invalid example" time="0.0000" classname="components/fieldgroups/plan/healthcare-plan-details.schema.json has at least one invalid example">
    </testcase>
    <testcase name="Presence of invalids components/fieldgroups/product/product-catalog-category.schema.json has at least one invalid example" time="0.0000" classname="components/fieldgroups/product/product-catalog-category.schema.json has at least one invalid example">
    </testcase>
    <testcase name="Presence of invalids components/fieldgroups/product/product-catalog.schema.json has at least one invalid example" time="0.0000" classname="components/fieldgroups/product/product-catalog.schema.json has at least one invalid example">
    </testcase>
    <testcase name="Presence of invalids components/fieldgroups/product/product-category.schema.json has at least one invalid example" time="0.0000" classname="components/fieldgroups/product/product-category.schema.json has at least one invalid example">
    </testcase>
    <testcase name="Presence of invalids components/fieldgroups/product/product-identifiers.schema.json has at least one invalid example" time="0.0000" classname="components/fieldgroups/product/product-identifiers.schema.json has at least one invalid example">
    </testcase>
    <testcase name="Presence of invalids components/fieldgroups/product/product-measurement.schema.json has at least one invalid example" time="0.0000" classname="components/fieldgroups/product/product-measurement.schema.json has at least one invalid example">
    </testcase>
    <testcase name="Presence of invalids components/fieldgroups/profile/b2b-person-components.schema.json has at least one invalid example" time="0.0000" classname="components/fieldgroups/profile/b2b-person-components.schema.json has at least one invalid example">
    </testcase>
    <testcase name="Presence of invalids components/fieldgroups/profile/b2b-person-details.schema.json has at least one invalid example" time="0.0000" classname="components/fieldgroups/profile/b2b-person-details.schema.json has at least one invalid example">
    </testcase>
    <testcase name="Presence of invalids components/fieldgroups/profile/partner-profile-enrichment/profile-partner-enrichment-sample.schema.json has at least one invalid example" time="0.0000" classname="components/fieldgroups/profile/partner-profile-enrichment/profile-partner-enrichment-sample.schema.json has at least one invalid example">
    </testcase>
    <testcase name="Presence of invalids components/fieldgroups/profile/partner-prospect/merkle/prospect-details-merkle-core.schema.json has at least one invalid example" time="0.0000" classname="components/fieldgroups/profile/partner-prospect/merkle/prospect-details-merkle-core.schema.json has at least one invalid example">
    </testcase>
    <testcase name="Presence of invalids components/fieldgroups/profile/partner-prospect/merkle/prospect-details-merkle-corelogic.schema.json has at least one invalid example" time="0.0000" classname="components/fieldgroups/profile/partner-prospect/merkle/prospect-details-merkle-corelogic.schema.json has at least one invalid example">
    </testcase>
    <testcase name="Presence of invalids components/fieldgroups/profile/partner-prospect/merkle/prospect-details-partner-sample.schema.json has at least one invalid example" time="0.0000" classname="components/fieldgroups/profile/partner-prospect/merkle/prospect-details-partner-sample.schema.json has at least one invalid example">
    </testcase>
    <testcase name="Presence of invalids components/fieldgroups/profile/profile-consentResults.schema.json has at least one invalid example" time="0.0000" classname="components/fieldgroups/profile/profile-consentResults.schema.json has at least one invalid example">
    </testcase>
    <testcase name="Presence of invalids components/fieldgroups/profile/profile-consentResultsv2.schema.json has at least one invalid example" time="0.0000" classname="components/fieldgroups/profile/profile-consentResultsv2.schema.json has at least one invalid example">
    </testcase>
    <testcase name="Presence of invalids components/fieldgroups/profile/profile-consents.schema.json has at least one invalid example" time="0.0000" classname="components/fieldgroups/profile/profile-consents.schema.json has at least one invalid example">
    </testcase>
    <testcase name="Presence of invalids components/fieldgroups/profile/profile-directmarketing.schema.json has at least one invalid example" time="0.0000" classname="components/fieldgroups/profile/profile-directmarketing.schema.json has at least one invalid example">
    </testcase>
    <testcase name="Presence of invalids components/fieldgroups/profile/profile-healthcare-member.schema.json has at least one invalid example" time="0.0000" classname="components/fieldgroups/profile/profile-healthcare-member.schema.json has at least one invalid example">
    </testcase>
    <testcase name="Presence of invalids components/fieldgroups/profile/profile-inferred-person.schema.json has at least one invalid example" time="0.0000" classname="components/fieldgroups/profile/profile-inferred-person.schema.json has at least one invalid example">
    </testcase>
    <testcase name="Presence of invalids components/fieldgroups/profile/profile-loyalty-details.schema.json has at least one invalid example" time="0.0000" classname="components/fieldgroups/profile/profile-loyalty-details.schema.json has at least one invalid example">
    </testcase>
    <testcase name="Presence of invalids components/fieldgroups/profile/profile-other-work-details.schema.json has at least one invalid example" time="0.0000" classname="components/fieldgroups/profile/profile-other-work-details.schema.json has at least one invalid example">
    </testcase>
    <testcase name="Presence of invalids components/fieldgroups/profile/profile-owning-entities.schema.json has at least one invalid example" time="0.0000" classname="components/fieldgroups/profile/profile-owning-entities.schema.json has at least one invalid example">
    </testcase>
    <testcase name="Presence of invalids components/fieldgroups/profile/profile-person-details.schema.json has at least one invalid example" time="0.0010" classname="components/fieldgroups/profile/profile-person-details.schema.json has at least one invalid example">
    </testcase>
    <testcase name="Presence of invalids components/fieldgroups/profile/profile-personal-details.schema.json has at least one invalid example" time="0.0000" classname="components/fieldgroups/profile/profile-personal-details.schema.json has at least one invalid example">
    </testcase>
    <testcase name="Presence of invalids components/fieldgroups/profile/profile-personal-finance-details.schema.json has at least one invalid example" time="0.0000" classname="components/fieldgroups/profile/profile-personal-finance-details.schema.json has at least one invalid example">
    </testcase>
    <testcase name="Presence of invalids components/fieldgroups/profile/profile-personal-tax-profile-details.schema.json has at least one invalid example" time="0.0000" classname="components/fieldgroups/profile/profile-personal-tax-profile-details.schema.json has at least one invalid example">
    </testcase>
    <testcase name="Presence of invalids components/fieldgroups/profile/profile-phones.schema.json has at least one invalid example" time="0.0000" classname="components/fieldgroups/profile/profile-phones.schema.json has at least one invalid example">
    </testcase>
    <testcase name="Presence of invalids components/fieldgroups/profile/profile-preferences-details.schema.json has at least one invalid example" time="0.0000" classname="components/fieldgroups/profile/profile-preferences-details.schema.json has at least one invalid example">
    </testcase>
    <testcase name="Presence of invalids components/fieldgroups/profile/profile-privacy.schema.json has at least one invalid example" time="0.0000" classname="components/fieldgroups/profile/profile-privacy.schema.json has at least one invalid example">
    </testcase>
    <testcase name="Presence of invalids components/fieldgroups/profile/profile-push-details.schema.json has at least one invalid example" time="0.0000" classname="components/fieldgroups/profile/profile-push-details.schema.json has at least one invalid example">
    </testcase>
    <testcase name="Presence of invalids components/fieldgroups/profile/profile-push-notification-details.schema.json has at least one invalid example" time="0.0000" classname="components/fieldgroups/profile/profile-push-notification-details.schema.json has at least one invalid example">
    </testcase>
    <testcase name="Presence of invalids components/fieldgroups/profile/profile-responses.schema.json has at least one invalid example" time="0.0000" classname="components/fieldgroups/profile/profile-responses.schema.json has at least one invalid example">
    </testcase>
    <testcase name="Presence of invalids components/fieldgroups/profile/profile-source-system-markers.schema.json has at least one invalid example" time="0.0000" classname="components/fieldgroups/profile/profile-source-system-markers.schema.json has at least one invalid example">
    </testcase>
    <testcase name="Presence of invalids components/fieldgroups/profile/profile-subscriptions.schema.json has at least one invalid example" time="0.0000" classname="components/fieldgroups/profile/profile-subscriptions.schema.json has at least one invalid example">
    </testcase>
    <testcase name="Presence of invalids components/fieldgroups/profile/profile-telecom-subscription.schema.json has at least one invalid example" time="0.0000" classname="components/fieldgroups/profile/profile-telecom-subscription.schema.json has at least one invalid example">
    </testcase>
    <testcase name="Presence of invalids components/fieldgroups/profile/profile-test-profile.schema.json has at least one invalid example" time="0.0000" classname="components/fieldgroups/profile/profile-test-profile.schema.json has at least one invalid example">
    </testcase>
    <testcase name="Presence of invalids components/fieldgroups/profile/profile-travel-preferences.schema.json has at least one invalid example" time="0.0000" classname="components/fieldgroups/profile/profile-travel-preferences.schema.json has at least one invalid example">
    </testcase>
    <testcase name="Presence of invalids components/fieldgroups/profile/profile-user-account-details.schema.json has at least one invalid example" time="0.0000" classname="components/fieldgroups/profile/profile-user-account-details.schema.json has at least one invalid example">
    </testcase>
    <testcase name="Presence of invalids components/fieldgroups/profile/profile-work-details.schema.json has at least one invalid example" time="0.0000" classname="components/fieldgroups/profile/profile-work-details.schema.json has at least one invalid example">
    </testcase>
    <testcase name="Presence of invalids components/fieldgroups/provider/healthcare-provider-details.schema.json has at least one invalid example" time="0.0000" classname="components/fieldgroups/provider/healthcare-provider-details.schema.json has at least one invalid example">
    </testcase>
    <testcase name="Presence of invalids components/fieldgroups/segment-definition/segmentdefinition-expression.schema.json has at least one invalid example" time="0.0000" classname="components/fieldgroups/segment-definition/segmentdefinition-expression.schema.json has at least one invalid example">
    </testcase>
    <testcase name="Presence of invalids components/fieldgroups/shared/changeset.schema.json has at least one invalid example" time="0.0000" classname="components/fieldgroups/shared/changeset.schema.json has at least one invalid example">
    </testcase>
    <testcase name="Presence of invalids components/fieldgroups/shared/current-weather.schema.json has at least one invalid example" time="0.0000" classname="components/fieldgroups/shared/current-weather.schema.json has at least one invalid example">
    </testcase>
    <testcase name="Presence of invalids components/fieldgroups/shared/experienceevent-consumer.schema.json has at least one invalid example" time="0.0000" classname="components/fieldgroups/shared/experienceevent-consumer.schema.json has at least one invalid example">
    </testcase>
    <testcase name="Presence of invalids components/fieldgroups/shared/external-source-system-audit-details.schema.json has at least one invalid example" time="0.0000" classname="components/fieldgroups/shared/external-source-system-audit-details.schema.json has at least one invalid example">
    </testcase>
    <testcase name="Presence of invalids components/fieldgroups/shared/forecasted-weather.schema.json has at least one invalid example" time="0.0000" classname="components/fieldgroups/shared/forecasted-weather.schema.json has at least one invalid example">
    </testcase>
    <testcase name="Presence of invalids components/fieldgroups/shared/identitymap.schema.json has at least one invalid example" time="0.0000" classname="components/fieldgroups/shared/identitymap.schema.json has at least one invalid example">
    </testcase>
    <testcase name="Presence of invalids components/fieldgroups/shared/person-identifier.schema.json has at least one invalid example" time="0.0000" classname="components/fieldgroups/shared/person-identifier.schema.json has at least one invalid example">
    </testcase>
    <testcase name="Presence of invalids components/fieldgroups/shared/product-triggers.schema.json has at least one invalid example" time="0.0000" classname="components/fieldgroups/shared/product-triggers.schema.json has at least one invalid example">
    </testcase>
    <testcase name="Presence of invalids components/fieldgroups/shared/record-status.schema.json has at least one invalid example" time="0.0000" classname="components/fieldgroups/shared/record-status.schema.json has at least one invalid example">
    </testcase>
    <testcase name="Presence of invalids components/fieldgroups/shared/relative-triggers.schema.json has at least one invalid example" time="0.0000" classname="components/fieldgroups/shared/relative-triggers.schema.json has at least one invalid example">
    </testcase>
    <testcase name="Presence of invalids components/fieldgroups/shared/segmentation.schema.json has at least one invalid example" time="0.0000" classname="components/fieldgroups/shared/segmentation.schema.json has at least one invalid example">
    </testcase>
    <testcase name="Presence of invalids components/fieldgroups/shared/severe-triggers.schema.json has at least one invalid example" time="0.0000" classname="components/fieldgroups/shared/severe-triggers.schema.json has at least one invalid example">
    </testcase>
    <testcase name="Presence of invalids components/fieldgroups/shared/weather-triggers.schema.json has at least one invalid example" time="0.0000" classname="components/fieldgroups/shared/weather-triggers.schema.json has at least one invalid example">
    </testcase>
  </testsuite>
  <testsuite name="package.json version" timestamp="2025-01-23T17:41:26" tests="1" file="/Users/anwankhe/Desktop/xdm/xdm/test/version.js" time="0.0000" failures="0">
  </testsuite>
</testsuites>